<html>
<body>
<pre>
<h1>µVision Build Log</h1>
<h2>Tool Versions:</h2>
IDE-Version: ¦ÌVision V5.15
Copyright (C) 2015 ARM Ltd and ARM Germany GmbH. All rights reserved.
License Information: AutoBVT, Microsoft, LIC=R4HY8-3LAZR-RFPIZ-J6QP4-AZNPR-26WX9
 
Tool Versions:
Toolchain:       MDK-ARM Professional  Version: 5.15.0
Toolchain Path:  C:\Keil_v5\ARM\ARMCC\Bin
C Compiler:      Armcc.exe V5.05 update 2 (build 169)
Assembler:       Armasm.exe V5.05 update 2 (build 169)
Linker/Locator:  ArmLink.exe V5.05 update 2 (build 169)
Library Manager: ArmAr.exe V5.05 update 2 (build 169)
Hex Converter:   FromElf.exe V5.05 update 2 (build 169)
CPU DLL:         SARMCM3.DLL V5.15.0
Dialog DLL:      DCM.DLL V1.13.2.0
Target DLL:      CMSIS_AGDI.dll V1.21.12.0
Dialog DLL:      TCM.DLL V1.14.5.0
 
<h2>Project:</h2>
D:\GitHub\STM32\STM32_C_project.uvprojx
Project File Date:  08/16/2018

<h2>Output:</h2>
*** Using Compiler 'V5.05 update 2 (build 169)', folder: 'C:\Keil_v5\ARM\ARMCC\Bin'
Rebuild target 'STM32F10X_Library'
assembling startup_stm32f10x_hd.s...
compiling core_cm3.c...
compiling system_stm32f10x.c...
compiling stm32f10x_gpio.c...
compiling stm32f10x_rcc.c...
compiling stm32f10x_usart.c...
compiling misc.c...
compiling main.c...
main.c(71): warning:  #111-D: statement is unreachable
      return 0;
main.c(19): warning:  #550-D: variable "eResult" was set but never used
      ErrorStatus eResult;
main.c(20): warning:  #177-D: variable "stNmeaRmcInfo" was declared but never referenced
      LyzkNmeaRmcInfo stNmeaRmcInfo;
main.c(21): warning:  #177-D: variable "stNmeaVtgInfo" was declared but never referenced
      LyzkNmeaVtgInfo stNmeaVtgInfo;
main.c(22): warning:  #177-D: variable "stNmeaGgaInfo" was declared but never referenced
      LyzkNmeaGgaInfo stNmeaGgaInfo;
main.c(23): warning:  #177-D: variable "stNmeaGsaInfo" was declared but never referenced
      LyzkNmeaGsaInfo stNmeaGsaInfo;
main.c(87): warning:  #177-D: variable "chRecv" was declared but never referenced
      uint8_t chRecv;
main.c: 7 warnings, 0 errors
compiling LyzkUsart.c...
compiling LyzkNmeaProtocol.c...
compiling LyzkTime.c...
linking...
Program Size: Code=14508 RO-data=1060 RW-data=28 ZI-data=3636  
FromELF: creating hex file...
".\Objects\STM32_C_project.axf" - 0 Error(s), 7 Warning(s).

<h2>Collection of Component include folders:</h2>
  D:\GitHub\STM32\RTE
  C:\Keil_v5\ARM\PACK\Keil\STM32F1xx_DFP\2.1.0\Device\Include

<h2>Collection of Component Files used:</h2>
</pre>
</body>
</html>
