Component: ARM Compiler 5.05 update 2 (build 169) Tool: armlink [4d0f33]

==============================================================================

Section Cross References

    startup_stm32f10x_hd.o(STACK) refers (Special) to heapauxi.o(.text) for __use_two_region_memory
    startup_stm32f10x_hd.o(HEAP) refers (Special) to heapauxi.o(.text) for __use_two_region_memory
    startup_stm32f10x_hd.o(RESET) refers (Special) to heapauxi.o(.text) for __use_two_region_memory
    startup_stm32f10x_hd.o(RESET) refers to startup_stm32f10x_hd.o(STACK) for __initial_sp
    startup_stm32f10x_hd.o(RESET) refers to startup_stm32f10x_hd.o(.text) for Reset_Handler
    startup_stm32f10x_hd.o(.text) refers (Special) to heapauxi.o(.text) for __use_two_region_memory
    startup_stm32f10x_hd.o(.text) refers to system_stm32f10x.o(i.SystemInit) for SystemInit
    startup_stm32f10x_hd.o(.text) refers to __main.o(!!!main) for __main
    startup_stm32f10x_hd.o(.text) refers to startup_stm32f10x_hd.o(HEAP) for Heap_Mem
    startup_stm32f10x_hd.o(.text) refers to startup_stm32f10x_hd.o(STACK) for Stack_Mem
    system_stm32f10x.o(i.SetSysClock) refers to system_stm32f10x.o(i.SetSysClockTo72) for SetSysClockTo72
    system_stm32f10x.o(i.SystemCoreClockUpdate) refers to system_stm32f10x.o(.data) for SystemCoreClock
    system_stm32f10x.o(i.SystemInit) refers to system_stm32f10x.o(i.SetSysClock) for SetSysClock
    stm32f10x_gpio.o(i.GPIO_AFIODeInit) refers to stm32f10x_rcc.o(i.RCC_APB2PeriphResetCmd) for RCC_APB2PeriphResetCmd
    stm32f10x_gpio.o(i.GPIO_DeInit) refers to stm32f10x_rcc.o(i.RCC_APB2PeriphResetCmd) for RCC_APB2PeriphResetCmd
    stm32f10x_rcc.o(i.RCC_GetClocksFreq) refers to stm32f10x_rcc.o(.data) for APBAHBPrescTable
    stm32f10x_rcc.o(i.RCC_WaitForHSEStartUp) refers to stm32f10x_rcc.o(i.RCC_GetFlagStatus) for RCC_GetFlagStatus
    stm32f10x_usart.o(i.USART_DeInit) refers to stm32f10x_rcc.o(i.RCC_APB2PeriphResetCmd) for RCC_APB2PeriphResetCmd
    stm32f10x_usart.o(i.USART_DeInit) refers to stm32f10x_rcc.o(i.RCC_APB1PeriphResetCmd) for RCC_APB1PeriphResetCmd
    stm32f10x_usart.o(i.USART_Init) refers to stm32f10x_rcc.o(i.RCC_GetClocksFreq) for RCC_GetClocksFreq
    main.o(i.main) refers to lyzkusart.o(i.LyzkUsartInit) for LyzkUsartInit
    main.o(i.main) refers to lyzkusart.o(i.LyzkUsartItCfg) for LyzkUsartItCfg
    main.o(i.main) refers to lyzkusart.o(i.LyzkUsartFprint) for LyzkUsartFprint
    main.o(i.main) refers to lyzknmeaprotocol.o(i.LyzkGetInfoFromNmeaRmcSentence) for LyzkGetInfoFromNmeaRmcSentence
    main.o(i.main) refers to main.o(.conststring) for .conststring
    lyzkusart.o(i.LyzkUsartFprint) refers to rt_memclr_w.o(.text) for __aeabi_memclr4
    lyzkusart.o(i.LyzkUsartFprint) refers to c89vsnprintf.o(.text) for __c89vsnprintf
    lyzkusart.o(i.LyzkUsartFprint) refers to lyzkusart.o(i.LyzkUsartPutChar) for LyzkUsartPutChar
    lyzkusart.o(i.LyzkUsartFprint) refers to stm32f10x_usart.o(i.USART_GetFlagStatus) for USART_GetFlagStatus
    lyzkusart.o(i.LyzkUsartGetChar) refers to stm32f10x_usart.o(i.USART_GetFlagStatus) for USART_GetFlagStatus
    lyzkusart.o(i.LyzkUsartGetChar) refers to stm32f10x_usart.o(i.USART_ReceiveData) for USART_ReceiveData
    lyzkusart.o(i.LyzkUsartInit) refers to stm32f10x_rcc.o(i.RCC_APB2PeriphClockCmd) for RCC_APB2PeriphClockCmd
    lyzkusart.o(i.LyzkUsartInit) refers to stm32f10x_gpio.o(i.GPIO_Init) for GPIO_Init
    lyzkusart.o(i.LyzkUsartInit) refers to stm32f10x_rcc.o(i.RCC_APB1PeriphClockCmd) for RCC_APB1PeriphClockCmd
    lyzkusart.o(i.LyzkUsartInit) refers to stm32f10x_usart.o(i.USART_Init) for USART_Init
    lyzkusart.o(i.LyzkUsartInit) refers to stm32f10x_usart.o(i.USART_Cmd) for USART_Cmd
    lyzkusart.o(i.LyzkUsartItCfg) refers to misc.o(i.NVIC_PriorityGroupConfig) for NVIC_PriorityGroupConfig
    lyzkusart.o(i.LyzkUsartItCfg) refers to misc.o(i.NVIC_Init) for NVIC_Init
    lyzkusart.o(i.LyzkUsartItCfg) refers to stm32f10x_usart.o(i.USART_ITConfig) for USART_ITConfig
    lyzkusart.o(i.LyzkUsartPutChar) refers to stm32f10x_usart.o(i.USART_SendData) for USART_SendData
    lyzkusart.o(i.LyzkUsartPutChar) refers to stm32f10x_usart.o(i.USART_GetFlagStatus) for USART_GetFlagStatus
    lyzkusart.o(i.LyzkUsartSendPackage) refers to lyzkusart.o(i.LyzkUsartPutChar) for LyzkUsartPutChar
    lyzkusart.o(i.LyzkUsartSendPackage) refers to stm32f10x_usart.o(i.USART_GetFlagStatus) for USART_GetFlagStatus
    lyzknmeaprotocol.o(i.LyzkGetInfoFromGgaSentence) refers to lyzknmeaprotocol.o(i.LyzkNmeaCheckSum) for LyzkNmeaCheckSum
    lyzknmeaprotocol.o(i.LyzkGetInfoFromGgaSentence) refers to atof.o(i.atof) for atof
    lyzknmeaprotocol.o(i.LyzkGetInfoFromGgaSentence) refers to ddiv.o(x$fpl$ddiv) for __aeabi_ddiv
    lyzknmeaprotocol.o(i.LyzkGetInfoFromGgaSentence) refers to atoi.o(.text) for atoi
    lyzknmeaprotocol.o(i.LyzkGetInfoFromGllSentence) refers to lyzknmeaprotocol.o(i.LyzkNmeaCheckSum) for LyzkNmeaCheckSum
[...]
    User\src\LyzkTime.c                      0x00000000   Number         0  lyzktime.o ABSOLUTE
    User\src\LyzkUsart.c                     0x00000000   Number         0  lyzkusart.o ABSOLUTE
    dc.s                                     0x00000000   Number         0  dc.o ABSOLUTE
    main.c                                   0x00000000   Number         0  main.o ABSOLUTE
    RESET                                    0x08000000   Section      304  startup_stm32f10x_hd.o(RESET)
    !!!main                                  0x08000130   Section        8  __main.o(!!!main)
    !!!scatter                               0x08000138   Section       52  __scatter.o(!!!scatter)
    !!handler_copy                           0x0800016c   Section       26  __scatter_copy.o(!!handler_copy)
    !!handler_zi                             0x08000188   Section       28  __scatter_zi.o(!!handler_zi)
    .ARM.Collect$$_printf_percent$$00000000  0x080001a4   Section        0  _printf_percent.o(.ARM.Collect$$_printf_percent$$00000000)
    .ARM.Collect$$_printf_percent$$00000001  0x080001a4   Section        6  _printf_n.o(.ARM.Collect$$_printf_percent$$00000001)
    .ARM.Collect$$_printf_percent$$00000002  0x080001aa   Section        6  _printf_p.o(.ARM.Collect$$_printf_percent$$00000002)
    .ARM.Collect$$_printf_percent$$00000003  0x080001b0   Section        6  _printf_f.o(.ARM.Collect$$_printf_percent$$00000003)
    .ARM.Collect$$_printf_percent$$00000004  0x080001b6   Section        6  _printf_e.o(.ARM.Collect$$_printf_percent$$00000004)
    .ARM.Collect$$_printf_percent$$00000005  0x080001bc   Section        6  _printf_g.o(.ARM.Collect$$_printf_percent$$00000005)
    .ARM.Collect$$_printf_percent$$00000006  0x080001c2   Section        6  _printf_a.o(.ARM.Collect$$_printf_percent$$00000006)
    .ARM.Collect$$_printf_percent$$00000007  0x080001c8   Section       10  _printf_ll.o(.ARM.Collect$$_printf_percent$$00000007)
    .ARM.Collect$$_printf_percent$$00000008  0x080001d2   Section        6  _printf_i.o(.ARM.Collect$$_printf_percent$$00000008)
    .ARM.Collect$$_printf_percent$$00000009  0x080001d8   Section        6  _printf_d.o(.ARM.Collect$$_printf_percent$$00000009)
    .ARM.Collect$$_printf_percent$$0000000A  0x080001de   Section        6  _printf_u.o(.ARM.Collect$$_printf_percent$$0000000A)
    .ARM.Collect$$_printf_percent$$0000000B  0x080001e4   Section        6  _printf_o.o(.ARM.Collect$$_printf_percent$$0000000B)
    .ARM.Collect$$_printf_percent$$0000000C  0x080001ea   Section        6  _printf_x.o(.ARM.Collect$$_printf_percent$$0000000C)
    .ARM.Collect$$_printf_percent$$0000000D  0x080001f0   Section        6  _printf_lli.o(.ARM.Collect$$_printf_percent$$0000000D)
    .ARM.Collect$$_printf_percent$$0000000E  0x080001f6   Section        6  _printf_lld.o(.ARM.Collect$$_printf_percent$$0000000E)
    .ARM.Collect$$_printf_percent$$0000000F  0x080001fc   Section        6  _printf_llu.o(.ARM.Collect$$_printf_percent$$0000000F)
    .ARM.Collect$$_printf_percent$$00000010  0x08000202   Section        6  _printf_llo.o(.ARM.Collect$$_printf_percent$$00000010)
    .ARM.Collect$$_printf_percent$$00000011  0x08000208   Section        6  _printf_llx.o(.ARM.Collect$$_printf_percent$$00000011)
    .ARM.Collect$$_printf_percent$$00000012  0x0800020e   Section       10  _printf_l.o(.ARM.Collect$$_printf_percent$$00000012)
    .ARM.Collect$$_printf_percent$$00000013  0x08000218   Section        6  _printf_c.o(.ARM.Collect$$_printf_percent$$00000013)
    .ARM.Collect$$_printf_percent$$00000014  0x0800021e   Section        6  _printf_s.o(.ARM.Collect$$_printf_percent$$00000014)
    .ARM.Collect$$_printf_percent$$00000015  0x08000224   Section        6  _printf_lc.o(.ARM.Collect$$_printf_percent$$00000015)
    .ARM.Collect$$_printf_percent$$00000016  0x0800022a   Section        6  _printf_ls.o(.ARM.Collect$$_printf_percent$$00000016)
    .ARM.Collect$$_printf_percent$$00000017  0x08000230   Section        4  _printf_percent_end.o(.ARM.Collect$$_printf_percent$$00000017)
    .ARM.Collect$$libinit$$00000000          0x08000234   Section        2  libinit.o(.ARM.Collect$$libinit$$00000000)
    .ARM.Collect$$libinit$$00000002          0x08000236   Section        0  libinit2.o(.ARM.Collect$$libinit$$00000002)
    .ARM.Collect$$libinit$$00000004          0x08000236   Section        0  libinit2.o(.ARM.Collect$$libinit$$00000004)
    .ARM.Collect$$libinit$$0000000A          0x08000236   Section        0  libinit2.o(.ARM.Collect$$libinit$$0000000A)
    .ARM.Collect$$libinit$$0000000C          0x08000236   Section        0  libinit2.o(.ARM.Collect$$libinit$$0000000C)
    .ARM.Collect$$libinit$$0000000E          0x08000236   Section        0  libinit2.o(.ARM.Collect$$libinit$$0000000E)
    .ARM.Collect$$libinit$$0000000F          0x08000236   Section        6  libinit2.o(.ARM.Collect$$libinit$$0000000F)
    .ARM.Collect$$libinit$$00000011          0x0800023c   Section        0  libinit2.o(.ARM.Collect$$libinit$$00000011)
    .ARM.Collect$$libinit$$00000012          0x0800023c   Section       12  libinit2.o(.ARM.Collect$$libinit$$00000012)
    .ARM.Collect$$libinit$$00000013          0x08000248   Section        0  libinit2.o(.ARM.Collect$$libinit$$00000013)
    .ARM.Collect$$libinit$$00000015          0x08000248   Section        0  libinit2.o(.ARM.Collect$$libinit$$00000015)
    .ARM.Collect$$libinit$$00000016          0x08000248   Section       10  libinit2.o(.ARM.Collect$$libinit$$00000016)
    .ARM.Collect$$libinit$$00000017          0x08000252   Section        0  libinit2.o(.ARM.Collect$$libinit$$00000017)
    .ARM.Collect$$libinit$$00000019          0x08000252   Section        0  libinit2.o(.ARM.Collect$$libinit$$00000019)
    .ARM.Collect$$libinit$$0000001B          0x08000252   Section        0  libinit2.o(.ARM.Collect$$libinit$$0000001B)
    .ARM.Collect$$libinit$$0000001D          0x08000252   Section        0  libinit2.o(.ARM.Collect$$libinit$$0000001D)
    .ARM.Collect$$libinit$$0000001F          0x08000252   Section        0  libinit2.o(.ARM.Collect$$libinit$$0000001F)
    .ARM.Collect$$libinit$$00000021          0x08000252   Section        0  libinit2.o(.ARM.Collect$$libinit$$00000021)
    .ARM.Collect$$libinit$$00000023          0x08000252   Section        0  libinit2.o(.ARM.Collect$$libinit$$00000023)
    .ARM.Collect$$libinit$$00000025          0x08000252   Section        0  libinit2.o(.ARM.Collect$$libinit$$00000025)
    .ARM.Collect$$libinit$$0000002C          0x08000252   Section        0  libinit2.o(.ARM.Collect$$libinit$$0000002C)
    .ARM.Collect$$libinit$$0000002E          0x08000252   Section        0  libinit2.o(.ARM.Collect$$libinit$$0000002E)
    .ARM.Collect$$libinit$$00000030          0x08000252   Section        0  libinit2.o(.ARM.Collect$$libinit$$00000030)
    .ARM.Collect$$libinit$$00000032          0x08000252   Section        0  libinit2.o(.ARM.Collect$$libinit$$00000032)
    .ARM.Collect$$libinit$$00000033          0x08000252   Section        2  libinit2.o(.ARM.Collect$$libinit$$00000033)
    .ARM.Collect$$libshutdown$$00000000      0x08000254   Section        2  libshutdown.o(.ARM.Collect$$libshutdown$$00000000)
    .ARM.Collect$$libshutdown$$00000003      0x08000256   Section        0  libshutdown2.o(.ARM.Collect$$libshutdown$$00000003)
    .ARM.Collect$$libshutdown$$00000006      0x08000256   Section        0  libshutdown2.o(.ARM.Collect$$libshutdown$$00000006)
    .ARM.Collect$$libshutdown$$00000009      0x08000256   Section        0  libshutdown2.o(.ARM.Collect$$libshutdown$$00000009)
    .ARM.Collect$$libshutdown$$0000000B      0x08000256   Section        0  libshutdown2.o(.ARM.Collect$$libshutdown$$0000000B)
    .ARM.Collect$$libshutdown$$0000000E      0x08000256   Section        0  libshutdown2.o(.ARM.Collect$$libshutdown$$0000000E)
    .ARM.Collect$$libshutdown$$0000000F      0x08000256   Section        2  libshutdown2.o(.ARM.Collect$$libshutdown$$0000000F)
    .ARM.Collect$$rtentry$$00000000          0x08000258   Section        0  __rtentry.o(.ARM.Collect$$rtentry$$00000000)
    .ARM.Collect$$rtentry$$00000002          0x08000258   Section        0  __rtentry2.o(.ARM.Collect$$rtentry$$00000002)
    .ARM.Collect$$rtentry$$00000004          0x08000258   Section        6  __rtentry4.o(.ARM.Collect$$rtentry$$00000004)
    .ARM.Collect$$rtentry$$00000009          0x0800025e   Section        0  __rtentry2.o(.ARM.Collect$$rtentry$$00000009)
    .ARM.Collect$$rtentry$$0000000A          0x0800025e   Section        4  __rtentry2.o(.ARM.Collect$$rtentry$$0000000A)
    .ARM.Collect$$rtentry$$0000000C          0x08000262   Section        0  __rtentry2.o(.ARM.Collect$$rtentry$$0000000C)
    .ARM.Collect$$rtentry$$0000000D          0x08000262   Section        8  __rtentry2.o(.ARM.Collect$$rtentry$$0000000D)
    .ARM.Collect$$rtexit$$00000000           0x0800026a   Section        2  rtexit.o(.ARM.Collect$$rtexit$$00000000)
    .ARM.Collect$$rtexit$$00000002           0x0800026c   Section        0  rtexit2.o(.ARM.Collect$$rtexit$$00000002)
    .ARM.Collect$$rtexit$$00000003           0x0800026c   Section        4  rtexit2.o(.ARM.Collect$$rtexit$$00000003)
    .ARM.Collect$$rtexit$$00000004           0x08000270   Section        6  rtexit2.o(.ARM.Collect$$rtexit$$00000004)
    .text                                    0x08000278   Section       64  startup_stm32f10x_hd.o(.text)
    .text                                    0x080002b8   Section        0  c89vsnprintf.o(.text)
    .text                                    0x080002ec   Section        0  _printf_pad.o(.text)
    .text                                    0x0800033c   Section        0  _printf_dec.o(.text)
    .text                                    0x080003b4   Section        0  __printf_flags_ss_wp.o(.text)
    .text                                    0x0800053c   Section        0  __0sscanf.o(.text)
    .text                                    0x08000578   Section        0  _scanf_int.o(.text)
    .text                                    0x080006c4   Section        0  _scanf_str.o(.text)
    .text                                    0x080007a4   Section       78  rt_memclr_w.o(.text)
    .text                                    0x080007f2   Section        0  heapauxi.o(.text)
    .text                                    0x080007f8   Section        8  rt_errno_addr_intlibspace.o(.text)
    .text                                    0x08000800   Section        0  _rserrno.o(.text)
    .text                                    0x08000816   Section        0  _printf_truncate.o(.text)
    .text                                    0x0800083a   Section        0  _printf_str.o(.text)
    .text                                    0x0800088c   Section        0  _printf_intcommon.o(.text)
    .text                                    0x0800093e   Section        0  _printf_charcount.o(.text)
    .text                                    0x08000968   Section        0  _printf_char_common.o(.text)
    _printf_input_char                       0x08000969   Thumb Code    10  _printf_char_common.o(.text)
    .text                                    0x08000998   Section        0  _sputc.o(.text)
    .text                                    0x080009a2   Section        0  _snputc.o(.text)
    .text                                    0x080009b4   Section        0  _printf_wctomb.o(.text)
    .text                                    0x08000a70   Section        0  _printf_longlong_dec.o(.text)
    .text                                    0x08000aec   Section        0  _printf_oct_int_ll.o(.text)
    _printf_longlong_oct_internal            0x08000aed   Thumb Code     0  _printf_oct_int_ll.o(.text)
    .text                                    0x08000b5c   Section        0  _printf_hex_int_ll_ptr.o(.text)
    _printf_hex_common                       0x08000b5d   Thumb Code     0  _printf_hex_int_ll_ptr.o(.text)
    .text                                    0x08000bf0   Section        0  _chval.o(.text)
    .text                                    0x08000c0c   Section        0  scanf_fp.o(.text)
    _fp_value                                0x08000c0d   Thumb Code   508  scanf_fp.o(.text)
    .text                                    0x080010b0   Section        0  scanf_char.o(.text)
    _scanf_char_input                        0x080010b1   Thumb Code    12  scanf_char.o(.text)
    .text                                    0x080010dc   Section        0  _sgetc.o(.text)
    .text                                    0x0800111c   Section        8  libspace.o(.text)
    .text                                    0x08001124   Section       16  rt_ctype_table.o(.text)
    .text                                    0x08001134   Section        8  rt_locale_intlibspace.o(.text)
    .text                                    0x0800113c   Section      138  lludiv10.o(.text)
    .text                                    0x080011c6   Section        0  isspace.o(.text)
    .text                                    0x080011d8   Section        0  _printf_fp_dec.o(.text)
    _fp_digits                               0x080011db   Thumb Code   428  _printf_fp_dec.o(.text)
    .text                                    0x080015f2   Section        0  _printf_char.o(.text)
    .text                                    0x0800161e   Section        0  _printf_wchar.o(.text)
    .text                                    0x0800164c   Section        0  _scanf.o(.text)
    .text                                    0x080019c0   Section        0  bigflt0.o(.text)
    .text                                    0x08001a9c   Section        0  _wcrtomb.o(.text)
    .text                                    0x08001adc   Section       74  sys_stackheap_outer.o(.text)
    .text                                    0x08001b28   Section        0  _printf_fp_infnan.o(.text)
    .text                                    0x08001ba8   Section        0  scanf_hexfp.o(.text)
    .text                                    0x08001ec0   Section        0  scanf_infnan.o(.text)
    .text                                    0x08001ff4   Section        0  exit.o(.text)
    .text                                    0x08002000   Section      128  strcmpv7m.o(.text)
    .text                                    0x08002080   Section       38  llshl.o(.text)
    .text                                    0x080020a8   Section        0  sys_exit.o(.text)
    .text                                    0x080020b4   Section        2  use_no_semi.o(.text)
    .text                                    0x080020b6   Section        0  indicate_semi.o(.text)
    CL$$btod_d2e                             0x080020b6   Section       62  btod.o(CL$$btod_d2e)
    CL$$btod_d2e_denorm_low                  0x080020f4   Section       70  btod.o(CL$$btod_d2e_denorm_low)
    CL$$btod_d2e_norm_op1                    0x0800213a   Section       96  btod.o(CL$$btod_d2e_norm_op1)
    CL$$btod_div_common                      0x0800219a   Section      824  btod.o(CL$$btod_div_common)
    CL$$btod_e2d                             0x080024d4   Section       84  btod.o(CL$$btod_e2d)
    CL$$btod_e2e                             0x08002528   Section      198  btod.o(CL$$btod_e2e)
    CL$$btod_ediv                            0x080025ee   Section       40  btod.o(CL$$btod_ediv)
    CL$$btod_edivd                           0x08002616   Section       40  btod.o(CL$$btod_edivd)
    CL$$btod_emul                            0x0800263e   Section       40  btod.o(CL$$btod_emul)
    CL$$btod_emuld                           0x08002666   Section       40  btod.o(CL$$btod_emuld)
    CL$$btod_mult_common                     0x0800268e   Section      580  btod.o(CL$$btod_mult_common)
    i.GPIO_Init                              0x080028d2   Section        0  stm32f10x_gpio.o(i.GPIO_Init)
    i.LyzkGetInfoFromNmeaRmcSentence         0x080029e8   Section        0  lyzknmeaprotocol.o(i.LyzkGetInfoFromNmeaRmcSentence)
    i.LyzkNmeaCheckSum                       0x08002bac   Section        0  lyzknmeaprotocol.o(i.LyzkNmeaCheckSum)
    i.LyzkStrToHex                           0x08002c00   Section        0  lyzknmeaprotocol.o(i.LyzkStrToHex)
    i.LyzkUsartFprint                        0x08002ca6   Section        0  lyzkusart.o(i.LyzkUsartFprint)
    i.LyzkUsartInit                          0x08002d04   Section        0  lyzkusart.o(i.LyzkUsartInit)
    i.LyzkUsartItCfg                         0x08002e94   Section        0  lyzkusart.o(i.LyzkUsartItCfg)
    i.LyzkUsartPutChar                       0x08002fac   Section        0  lyzkusart.o(i.LyzkUsartPutChar)
    i.NVIC_Init                              0x08002fcc   Section        0  misc.o(i.NVIC_Init)
    i.NVIC_PriorityGroupConfig               0x0800303c   Section        0  misc.o(i.NVIC_PriorityGroupConfig)
    i.RCC_APB1PeriphClockCmd                 0x08003050   Section        0  stm32f10x_rcc.o(i.RCC_APB1PeriphClockCmd)
    i.RCC_APB2PeriphClockCmd                 0x08003070   Section        0  stm32f10x_rcc.o(i.RCC_APB2PeriphClockCmd)
    i.RCC_GetClocksFreq                      0x08003090   Section        0  stm32f10x_rcc.o(i.RCC_GetClocksFreq)
    i.SetSysClock                            0x08003164   Section        0  system_stm32f10x.o(i.SetSysClock)
    SetSysClock                              0x08003165   Thumb Code     8  system_stm32f10x.o(i.SetSysClock)
    i.SetSysClockTo72                        0x0800316c   Section        0  system_stm32f10x.o(i.SetSysClockTo72)
    SetSysClockTo72                          0x0800316d   Thumb Code   214  system_stm32f10x.o(i.SetSysClockTo72)
    i.SystemInit                             0x0800324c   Section        0  system_stm32f10x.o(i.SystemInit)
    i.USART_Cmd                              0x080032ac   Section        0  stm32f10x_usart.o(i.USART_Cmd)
    i.USART_GetFlagStatus                    0x080032c4   Section        0  stm32f10x_usart.o(i.USART_GetFlagStatus)
    i.USART_ITConfig                         0x080032de   Section        0  stm32f10x_usart.o(i.USART_ITConfig)
    i.USART_Init                             0x08003328   Section        0  stm32f10x_usart.o(i.USART_Init)
    i.USART_SendData                         0x08003400   Section        0  stm32f10x_usart.o(i.USART_SendData)
    i.__ARM_fpclassify                       0x08003408   Section        0  fpclassify.o(i.__ARM_fpclassify)
    i.__mathlib_dbl_overflow                 0x08003430   Section        0  dunder.o(i.__mathlib_dbl_overflow)
    i.__mathlib_dbl_underflow                0x08003440   Section        0  dunder.o(i.__mathlib_dbl_underflow)
    i.__mathlib_narrow                       0x08003450   Section        0  narrow.o(i.__mathlib_narrow)
    i.__mathlib_tofloat                      0x08003460   Section        0  narrow.o(i.__mathlib_tofloat)
    i.__support_ldexp                        0x080034e8   Section        0  ldexp.o(i.__support_ldexp)
    i._is_digit                              0x080034fe   Section        0  __printf_wp.o(i._is_digit)
    i.frexp                                  0x0800350c   Section        0  frexp.o(i.frexp)
    i.ldexp                                  0x08003564   Section        0  ldexp.o(i.ldexp)
    i.main                                   0x080035d8   Section        0  main.o(i.main)
    locale$$code                             0x080036ac   Section       44  lc_numeric_c.o(locale$$code)
    locale$$code                             0x080036d8   Section       44  lc_ctype_c.o(locale$$code)
    x$fpl$d2f                                0x08003704   Section       98  d2f.o(x$fpl$d2f)
    x$fpl$dadd                               0x08003768   Section      336  daddsub_clz.o(x$fpl$dadd)
    _dadd1                                   0x08003779   Thumb Code     0  daddsub_clz.o(x$fpl$dadd)
    x$fpl$dcheck1                            0x080038b8   Section       16  dcheck1.o(x$fpl$dcheck1)
    x$fpl$dcmpinf                            0x080038c8   Section       24  dcmpi.o(x$fpl$dcmpinf)
    x$fpl$ddiv                               0x080038e0   Section      688  ddiv.o(x$fpl$ddiv)
    ddiv_entry                               0x080038e7   Thumb Code     0  ddiv.o(x$fpl$ddiv)
    x$fpl$deqf                               0x08003b90   Section      120  deqf.o(x$fpl$deqf)
    x$fpl$dfix                               0x08003c08   Section       94  dfix.o(x$fpl$dfix)
    x$fpl$dflt                               0x08003c66   Section       46  dflt_clz.o(x$fpl$dflt)
    x$fpl$dleqf                              0x08003c94   Section      120  dleqf.o(x$fpl$dleqf)
    x$fpl$dnaninf                            0x08003d0c   Section      156  dnaninf.o(x$fpl$dnaninf)
    x$fpl$dretinf                            0x08003da8   Section       12  dretinf.o(x$fpl$dretinf)
    x$fpl$drleqf                             0x08003db4   Section      108  drleqf.o(x$fpl$drleqf)
    x$fpl$drsb                               0x08003e20   Section       22  daddsub_clz.o(x$fpl$drsb)
    x$fpl$dsub                               0x08003e38   Section      468  daddsub_clz.o(x$fpl$dsub)
    _dsub1                                   0x08003e49   Thumb Code     0  daddsub_clz.o(x$fpl$dsub)
    x$fpl$fretinf                            0x0800400c   Section       10  fretinf.o(x$fpl$fretinf)
    x$fpl$printf1                            0x08004016   Section        4  printf1.o(x$fpl$printf1)
    x$fpl$retnan                             0x0800401a   Section      100  retnan.o(x$fpl$retnan)
    x$fpl$scalbn                             0x0800407e   Section       92  scalbn.o(x$fpl$scalbn)
    x$fpl$scanf1                             0x080040da   Section        4  scanf1.o(x$fpl$scanf1)
    x$fpl$scanf2                             0x080040de   Section        8  scanf2.o(x$fpl$scanf2)
    x$fpl$trapveneer                         0x080040e6   Section       48  trapv.o(x$fpl$trapveneer)
    .constdata                               0x08004116   Section       17  __printf_flags_ss_wp.o(.constdata)
    x$fpl$usenofp                            0x08004116   Section        0  usenofp.o(x$fpl$usenofp)
    maptable                                 0x08004116   Data          17  __printf_flags_ss_wp.o(.constdata)
    .constdata                               0x08004128   Section        8  _printf_wctomb.o(.constdata)
    initial_mbstate                          0x08004128   Data           8  _printf_wctomb.o(.constdata)
    .constdata                               0x08004130   Section       40  _printf_hex_int_ll_ptr.o(.constdata)
    uc_hextab                                0x08004130   Data          20  _printf_hex_int_ll_ptr.o(.constdata)
    lc_hextab                                0x08004144   Data          20  _printf_hex_int_ll_ptr.o(.constdata)
    .constdata                               0x08004158   Section      148  bigflt0.o(.constdata)
    tenpwrs_x                                0x08004158   Data          60  bigflt0.o(.constdata)
    tenpwrs_i                                0x08004194   Data          64  bigflt0.o(.constdata)
    .conststring                             0x080041ec   Section       71  main.o(.conststring)
    .conststring                             0x08004234   Section       72  lyzknmeaprotocol.o(.conststring)
    c$$dinf                                  0x0800429c   Section        8  fpconst.o(c$$dinf)
    locale$$data                             0x080042a4   Section       28  lc_numeric_c.o(locale$$data)
    __lcnum_c_name                           0x080042a8   Data           2  lc_numeric_c.o(locale$$data)
    __lcnum_c_start                          0x080042b0   Data           0  lc_numeric_c.o(locale$$data)
    __lcnum_c_point                          0x080042bc   Data           0  lc_numeric_c.o(locale$$data)
    __lcnum_c_thousands                      0x080042be   Data           0  lc_numeric_c.o(locale$$data)
    __lcnum_c_grouping                       0x080042bf   Data           0  lc_numeric_c.o(locale$$data)
    locale$$data                             0x080042c0   Section      272  lc_ctype_c.o(locale$$data)
    __lcnum_c_end                            0x080042c0   Data           0  lc_numeric_c.o(locale$$data)
    __lcctype_c_name                         0x080042c4   Data           2  lc_ctype_c.o(locale$$data)
    __lcctype_c_start                        0x080042cc   Data           0  lc_ctype_c.o(locale$$data)
    __lcctype_c_end                          0x080043d0   Data           0  lc_ctype_c.o(locale$$data)
    .data                                    0x20000000   Section       20  stm32f10x_rcc.o(.data)
    APBAHBPrescTable                         0x20000000   Data          16  stm32f10x_rcc.o(.data)
    ADCPrescTable                            0x20000010   Data           4  stm32f10x_rcc.o(.data)
    .bss                                     0x20000014   Section       96  libspace.o(.bss)
    HEAP                                     0x20000078   Section      512  startup_stm32f10x_hd.o(HEAP)
    Heap_Mem                                 0x20000078   Data         512  startup_stm32f10x_hd.o(HEAP)
    STACK                                    0x20000278   Section     1024  startup_stm32f10x_hd.o(STACK)
    Stack_Mem                                0x20000278   Data        1024  startup_stm32f10x_hd.o(STACK)
    __initial_sp                             0x20000678   Data           0  startup_stm32f10x_hd.o(STACK)

    Global Symbols

    Symbol Name                              Value     Ov Type        Size  Object(Section)

    BuildAttributes$$THM_ISAv4$P$D$K$B$S$PE$A:L22UL41UL21$X:L11$S22US41US21$IEEE1$IW$USESV6$~STKCKD$USESV7$~SHL$OTIME$ROPI$IEEEX$EBA8$UX$STANDARDLIB$REQ8$PRES8$EABIv2 0x00000000   Number         0  anon$$obj.o ABSOLUTE
    __ARM_use_no_argv                        0x00000000   Number         0  main.o ABSOLUTE
    _printf_flags                            0x00000000   Number         0  printf_stubs.o ABSOLUTE
    _printf_return_value                     0x00000000   Number         0  printf_stubs.o ABSOLUTE
    _printf_sizespec                         0x00000000   Number         0  printf_stubs.o ABSOLUTE
    _printf_widthprec                        0x00000000   Number         0  printf_stubs.o ABSOLUTE
    __ARM_exceptions_init                     - Undefined Weak Reference
    __alloca_initialize                       - Undefined Weak Reference
    __arm_preinit_                            - Undefined Weak Reference
    __cpp_initialize__aeabi_                  - Undefined Weak Reference
    __cxa_finalize                            - Undefined Weak Reference
    __sigvec_lookup                           - Undefined Weak Reference
    _atexit_init                              - Undefined Weak Reference
    _call_atexit_fns                          - Undefined Weak Reference
    _clock_init                               - Undefined Weak Reference
    _fp_trap_init                             - Undefined Weak Reference
    _fp_trap_shutdown                         - Undefined Weak Reference
    _get_lc_collate                           - Undefined Weak Reference
    _get_lc_monetary                          - Undefined Weak Reference
    _get_lc_time                              - Undefined Weak Reference
    _getenv_init                              - Undefined Weak Reference
    _handle_redirection                       - Undefined Weak Reference
    _init_alloc                               - Undefined Weak Reference
    _init_user_alloc                          - Undefined Weak Reference
    _initio                                   - Undefined Weak Reference
    _printf_fp_hex                            - Undefined Weak Reference
    _printf_mbtowc                            - Undefined Weak Reference
    _printf_wc                                - Undefined Weak Reference
    _rand_init                                - Undefined Weak Reference
    _scanf_longlong                           - Undefined Weak Reference
    _scanf_mbtowc                             - Undefined Weak Reference
    _scanf_wctomb                             - Undefined Weak Reference
    _scanf_wstring                            - Undefined Weak Reference
    _signal_finish                            - Undefined Weak Reference
    _signal_init                              - Undefined Weak Reference
    _terminate_alloc                          - Undefined Weak Reference
    _terminate_user_alloc                     - Undefined Weak Reference
    _terminateio                              - Undefined Weak Reference
    __Vectors_Size                           0x00000130   Number         0  startup_stm32f10x_hd.o ABSOLUTE
    __Vectors                                0x08000000   Data           4  startup_stm32f10x_hd.o(RESET)
    __Vectors_End                            0x08000130   Data           0  startup_stm32f10x_hd.o(RESET)
    __main                                   0x08000131   Thumb Code     8  __main.o(!!!main)
    __scatterload                            0x08000139   Thumb Code     0  __scatter.o(!!!scatter)
    __scatterload_rt2                        0x08000139   Thumb Code    44  __scatter.o(!!!scatter)
    __scatterload_rt2_thumb_only             0x08000139   Thumb Code     0  __scatter.o(!!!scatter)
    __scatterload_null                       0x08000147   Thumb Code     0  __scatter.o(!!!scatter)
    __scatterload_copy                       0x0800016d   Thumb Code    26  __scatter_copy.o(!!handler_copy)
    __scatterload_zeroinit                   0x08000189   Thumb Code    28  __scatter_zi.o(!!handler_zi)
    _printf_n                                0x080001a5   Thumb Code     0  _printf_n.o(.ARM.Collect$$_printf_percent$$00000001)
    _printf_percent                          0x080001a5   Thumb Code     0  _printf_percent.o(.ARM.Collect$$_printf_percent$$00000000)
    _printf_p                                0x080001ab   Thumb Code     0  _printf_p.o(.ARM.Collect$$_printf_percent$$00000002)
    _printf_f                                0x080001b1   Thumb Code     0  _printf_f.o(.ARM.Collect$$_printf_percent$$00000003)
    _printf_e                                0x080001b7   Thumb Code     0  _printf_e.o(.ARM.Collect$$_printf_percent$$00000004)
    _printf_g                                0x080001bd   Thumb Code     0  _printf_g.o(.ARM.Collect$$_printf_percent$$00000005)
    _printf_a                                0x080001c3   Thumb Code     0  _printf_a.o(.ARM.Collect$$_printf_percent$$00000006)
    _printf_ll                               0x080001c9   Thumb Code     0  _printf_ll.o(.ARM.Collect$$_printf_percent$$00000007)
    _printf_i                                0x080001d3   Thumb Code     0  _printf_i.o(.ARM.Collect$$_printf_percent$$00000008)
    _printf_d                                0x080001d9   Thumb Code     0  _printf_d.o(.ARM.Collect$$_printf_percent$$00000009)
    _printf_u                                0x080001df   Thumb Code     0  _printf_u.o(.ARM.Collect$$_printf_percent$$0000000A)
    _printf_o                                0x080001e5   Thumb Code     0  _printf_o.o(.ARM.Collect$$_printf_percent$$0000000B)
    _printf_x                                0x080001eb   Thumb Code     0  _printf_x.o(.ARM.Collect$$_printf_percent$$0000000C)
    _printf_lli                              0x080001f1   Thumb Code     0  _printf_lli.o(.ARM.Collect$$_printf_percent$$0000000D)
    _printf_lld                              0x080001f7   Thumb Code     0  _printf_lld.o(.ARM.Collect$$_printf_percent$$0000000E)
    _printf_llu                              0x080001fd   Thumb Code     0  _printf_llu.o(.ARM.Collect$$_printf_percent$$0000000F)
    _printf_llo                              0x08000203   Thumb Code     0  _printf_llo.o(.ARM.Collect$$_printf_percent$$00000010)
    _printf_llx                              0x08000209   Thumb Code     0  _printf_llx.o(.ARM.Collect$$_printf_percent$$00000011)
    _printf_l                                0x0800020f   Thumb Code     0  _printf_l.o(.ARM.Collect$$_printf_percent$$00000012)
    _printf_c                                0x08000219   Thumb Code     0  _printf_c.o(.ARM.Collect$$_printf_percent$$00000013)
    _printf_s                                0x0800021f   Thumb Code     0  _printf_s.o(.ARM.Collect$$_printf_percent$$00000014)
    _printf_lc                               0x08000225   Thumb Code     0  _printf_lc.o(.ARM.Collect$$_printf_percent$$00000015)
    _printf_ls                               0x0800022b   Thumb Code     0  _printf_ls.o(.ARM.Collect$$_printf_percent$$00000016)
    _printf_percent_end                      0x08000231   Thumb Code     0  _printf_percent_end.o(.ARM.Collect$$_printf_percent$$00000017)
    __rt_lib_init                            0x08000235   Thumb Code     0  libinit.o(.ARM.Collect$$libinit$$00000000)
    __rt_lib_init_fp_1                       0x08000237   Thumb Code     0  libinit2.o(.ARM.Collect$$libinit$$00000002)
    __rt_lib_init_heap_1                     0x08000237   Thumb Code     0  libinit2.o(.ARM.Collect$$libinit$$0000000A)
    __rt_lib_init_lc_common                  0x08000237   Thumb Code     0  libinit2.o(.ARM.Collect$$libinit$$0000000F)
    __rt_lib_init_preinit_1                  0x08000237   Thumb Code     0  libinit2.o(.ARM.Collect$$libinit$$00000004)
    __rt_lib_init_rand_1                     0x08000237   Thumb Code     0  libinit2.o(.ARM.Collect$$libinit$$0000000E)
    __rt_lib_init_user_alloc_1               0x08000237   Thumb Code     0  libinit2.o(.ARM.Collect$$libinit$$0000000C)
    __rt_lib_init_lc_collate_1               0x0800023d   Thumb Code     0  libinit2.o(.ARM.Collect$$libinit$$00000011)
    __rt_lib_init_lc_ctype_2                 0x0800023d   Thumb Code     0  libinit2.o(.ARM.Collect$$libinit$$00000012)
    __rt_lib_init_lc_ctype_1                 0x08000249   Thumb Code     0  libinit2.o(.ARM.Collect$$libinit$$00000013)
    __rt_lib_init_lc_monetary_1              0x08000249   Thumb Code     0  libinit2.o(.ARM.Collect$$libinit$$00000015)
    __rt_lib_init_lc_numeric_2               0x08000249   Thumb Code     0  libinit2.o(.ARM.Collect$$libinit$$00000016)
    __rt_lib_init_alloca_1                   0x08000253   Thumb Code     0  libinit2.o(.ARM.Collect$$libinit$$0000002E)
    __rt_lib_init_argv_1                     0x08000253   Thumb Code     0  libinit2.o(.ARM.Collect$$libinit$$0000002C)
    __rt_lib_init_atexit_1                   0x08000253   Thumb Code     0  libinit2.o(.ARM.Collect$$libinit$$0000001B)
    __rt_lib_init_clock_1                    0x08000253   Thumb Code     0  libinit2.o(.ARM.Collect$$libinit$$00000021)
    __rt_lib_init_cpp_1                      0x08000253   Thumb Code     0  libinit2.o(.ARM.Collect$$libinit$$00000032)
    __rt_lib_init_exceptions_1               0x08000253   Thumb Code     0  libinit2.o(.ARM.Collect$$libinit$$00000030)
    __rt_lib_init_fp_trap_1                  0x08000253   Thumb Code     0  libinit2.o(.ARM.Collect$$libinit$$0000001F)
    __rt_lib_init_getenv_1                   0x08000253   Thumb Code     0  libinit2.o(.ARM.Collect$$libinit$$00000023)
    __rt_lib_init_lc_numeric_1               0x08000253   Thumb Code     0  libinit2.o(.ARM.Collect$$libinit$$00000017)
    __rt_lib_init_lc_time_1                  0x08000253   Thumb Code     0  libinit2.o(.ARM.Collect$$libinit$$00000019)
    __rt_lib_init_return                     0x08000253   Thumb Code     0  libinit2.o(.ARM.Collect$$libinit$$00000033)
    __rt_lib_init_signal_1                   0x08000253   Thumb Code     0  libinit2.o(.ARM.Collect$$libinit$$0000001D)
    __rt_lib_init_stdio_1                    0x08000253   Thumb Code     0  libinit2.o(.ARM.Collect$$libinit$$00000025)
    __rt_lib_shutdown                        0x08000255   Thumb Code     0  libshutdown.o(.ARM.Collect$$libshutdown$$00000000)
    __rt_lib_shutdown_fp_trap_1              0x08000257   Thumb Code     0  libshutdown2.o(.ARM.Collect$$libshutdown$$00000006)
    __rt_lib_shutdown_heap_1                 0x08000257   Thumb Code     0  libshutdown2.o(.ARM.Collect$$libshutdown$$0000000E)
    __rt_lib_shutdown_return                 0x08000257   Thumb Code     0  libshutdown2.o(.ARM.Collect$$libshutdown$$0000000F)
    __rt_lib_shutdown_signal_1               0x08000257   Thumb Code     0  libshutdown2.o(.ARM.Collect$$libshutdown$$00000009)
    __rt_lib_shutdown_stdio_1                0x08000257   Thumb Code     0  libshutdown2.o(.ARM.Collect$$libshutdown$$00000003)
    __rt_lib_shutdown_user_alloc_1           0x08000257   Thumb Code     0  libshutdown2.o(.ARM.Collect$$libshutdown$$0000000B)
    __rt_entry                               0x08000259   Thumb Code     0  __rtentry.o(.ARM.Collect$$rtentry$$00000000)
    __rt_entry_presh_1                       0x08000259   Thumb Code     0  __rtentry2.o(.ARM.Collect$$rtentry$$00000002)
    __rt_entry_sh                            0x08000259   Thumb Code     0  __rtentry4.o(.ARM.Collect$$rtentry$$00000004)
    __rt_entry_li                            0x0800025f   Thumb Code     0  __rtentry2.o(.ARM.Collect$$rtentry$$0000000A)
    __rt_entry_postsh_1                      0x0800025f   Thumb Code     0  __rtentry2.o(.ARM.Collect$$rtentry$$00000009)
    __rt_entry_main                          0x08000263   Thumb Code     0  __rtentry2.o(.ARM.Collect$$rtentry$$0000000D)
    __rt_entry_postli_1                      0x08000263   Thumb Code     0  __rtentry2.o(.ARM.Collect$$rtentry$$0000000C)
    __rt_exit                                0x0800026b   Thumb Code     0  rtexit.o(.ARM.Collect$$rtexit$$00000000)
    __rt_exit_ls                             0x0800026d   Thumb Code     0  rtexit2.o(.ARM.Collect$$rtexit$$00000003)
    __rt_exit_prels_1                        0x0800026d   Thumb Code     0  rtexit2.o(.ARM.Collect$$rtexit$$00000002)
    __rt_exit_exit                           0x08000271   Thumb Code     0  rtexit2.o(.ARM.Collect$$rtexit$$00000004)
    Reset_Handler                            0x08000279   Thumb Code     8  startup_stm32f10x_hd.o(.text)
    NMI_Handler                              0x08000281   Thumb Code     2  startup_stm32f10x_hd.o(.text)
    HardFault_Handler                        0x08000283   Thumb Code     2  startup_stm32f10x_hd.o(.text)
    MemManage_Handler                        0x08000285   Thumb Code     2  startup_stm32f10x_hd.o(.text)
    BusFault_Handler                         0x08000287   Thumb Code     2  startup_stm32f10x_hd.o(.text)
    UsageFault_Handler                       0x08000289   Thumb Code     2  startup_stm32f10x_hd.o(.text)
    SVC_Handler                              0x0800028b   Thumb Code     2  startup_stm32f10x_hd.o(.text)
    DebugMon_Handler                         0x0800028d   Thumb Code     2  startup_stm32f10x_hd.o(.text)
    PendSV_Handler                           0x0800028f   Thumb Code     2  startup_stm32f10x_hd.o(.text)
    SysTick_Handler                          0x08000291   Thumb Code     2  startup_stm32f10x_hd.o(.text)
    ADC1_2_IRQHandler                        0x08000293   Thumb Code     0  startup_stm32f10x_hd.o(.text)
    ADC3_IRQHandler                          0x08000293   Thumb Code     0  startup_stm32f10x_hd.o(.text)
    CAN1_RX1_IRQHandler                      0x08000293   Thumb Code     0  startup_stm32f10x_hd.o(.text)
    CAN1_SCE_IRQHandler                      0x08000293   Thumb Code     0  startup_stm32f10x_hd.o(.text)
    DMA1_Channel1_IRQHandler                 0x08000293   Thumb Code     0  startup_stm32f10x_hd.o(.text)
    DMA1_Channel2_IRQHandler                 0x08000293   Thumb Code     0  startup_stm32f10x_hd.o(.text)
    DMA1_Channel3_IRQHandler                 0x08000293   Thumb Code     0  startup_stm32f10x_hd.o(.text)
    DMA1_Channel4_IRQHandler                 0x08000293   Thumb Code     0  startup_stm32f10x_hd.o(.text)
    DMA1_Channel5_IRQHandler                 0x08000293   Thumb Code     0  startup_stm32f10x_hd.o(.text)
    DMA1_Channel6_IRQHandler                 0x08000293   Thumb Code     0  startup_stm32f10x_hd.o(.text)
    DMA1_Channel7_IRQHandler                 0x08000293   Thumb Code     0  startup_stm32f10x_hd.o(.text)
    DMA2_Channel1_IRQHandler                 0x08000293   Thumb Code     0  startup_stm32f10x_hd.o(.text)
    DMA2_Channel2_IRQHandler                 0x08000293   Thumb Code     0  startup_stm32f10x_hd.o(.text)
    DMA2_Channel3_IRQHandler                 0x08000293   Thumb Code     0  startup_stm32f10x_hd.o(.text)
    DMA2_Channel4_5_IRQHandler               0x08000293   Thumb Code     0  startup_stm32f10x_hd.o(.text)
    EXTI0_IRQHandler                         0x08000293   Thumb Code     0  startup_stm32f10x_hd.o(.text)
    EXTI15_10_IRQHandler                     0x08000293   Thumb Code     0  startup_stm32f10x_hd.o(.text)
    EXTI1_IRQHandler                         0x08000293   Thumb Code     0  startup_stm32f10x_hd.o(.text)
    EXTI2_IRQHandler                         0x08000293   Thumb Code     0  startup_stm32f10x_hd.o(.text)
    EXTI3_IRQHandler                         0x08000293   Thumb Code     0  startup_stm32f10x_hd.o(.text)
    EXTI4_IRQHandler                         0x08000293   Thumb Code     0  startup_stm32f10x_hd.o(.text)
    EXTI9_5_IRQHandler                       0x08000293   Thumb Code     0  startup_stm32f10x_hd.o(.text)
    FLASH_IRQHandler                         0x08000293   Thumb Code     0  startup_stm32f10x_hd.o(.text)
    FSMC_IRQHandler                          0x08000293   Thumb Code     0  startup_stm32f10x_hd.o(.text)
    I2C1_ER_IRQHandler                       0x08000293   Thumb Code     0  startup_stm32f10x_hd.o(.text)
    I2C1_EV_IRQHandler                       0x08000293   Thumb Code     0  startup_stm32f10x_hd.o(.text)
    I2C2_ER_IRQHandler                       0x08000293   Thumb Code     0  startup_stm32f10x_hd.o(.text)
    I2C2_EV_IRQHandler                       0x08000293   Thumb Code     0  startup_stm32f10x_hd.o(.text)
    PVD_IRQHandler                           0x08000293   Thumb Code     0  startup_stm32f10x_hd.o(.text)
    RCC_IRQHandler                           0x08000293   Thumb Code     0  startup_stm32f10x_hd.o(.text)
    RTCAlarm_IRQHandler                      0x08000293   Thumb Code     0  startup_stm32f10x_hd.o(.text)
    RTC_IRQHandler                           0x08000293   Thumb Code     0  startup_stm32f10x_hd.o(.text)
    SDIO_IRQHandler                          0x08000293   Thumb Code     0  startup_stm32f10x_hd.o(.text)
    SPI1_IRQHandler                          0x08000293   Thumb Code     0  startup_stm32f10x_hd.o(.text)
    SPI2_IRQHandler                          0x08000293   Thumb Code     0  startup_stm32f10x_hd.o(.text)
    SPI3_IRQHandler                          0x08000293   Thumb Code     0  startup_stm32f10x_hd.o(.text)
    TAMPER_IRQHandler                        0x08000293   Thumb Code     0  startup_stm32f10x_hd.o(.text)
    TIM1_BRK_IRQHandler                      0x08000293   Thumb Code     0  startup_stm32f10x_hd.o(.text)
    TIM1_CC_IRQHandler                       0x08000293   Thumb Code     0  startup_stm32f10x_hd.o(.text)
    TIM1_TRG_COM_IRQHandler                  0x08000293   Thumb Code     0  startup_stm32f10x_hd.o(.text)
    TIM1_UP_IRQHandler                       0x08000293   Thumb Code     0  startup_stm32f10x_hd.o(.text)
    TIM2_IRQHandler                          0x08000293   Thumb Code     0  startup_stm32f10x_hd.o(.text)
    TIM3_IRQHandler                          0x08000293   Thumb Code     0  startup_stm32f10x_hd.o(.text)
    TIM4_IRQHandler                          0x08000293   Thumb Code     0  startup_stm32f10x_hd.o(.text)
    TIM5_IRQHandler                          0x08000293   Thumb Code     0  startup_stm32f10x_hd.o(.text)
    TIM6_IRQHandler                          0x08000293   Thumb Code     0  startup_stm32f10x_hd.o(.text)
    TIM7_IRQHandler                          0x08000293   Thumb Code     0  startup_stm32f10x_hd.o(.text)
    TIM8_BRK_IRQHandler                      0x08000293   Thumb Code     0  startup_stm32f10x_hd.o(.text)
    TIM8_CC_IRQHandler                       0x08000293   Thumb Code     0  startup_stm32f10x_hd.o(.text)
    TIM8_TRG_COM_IRQHandler                  0x08000293   Thumb Code     0  startup_stm32f10x_hd.o(.text)
    TIM8_UP_IRQHandler                       0x08000293   Thumb Code     0  startup_stm32f10x_hd.o(.text)
    UART4_IRQHandler                         0x08000293   Thumb Code     0  startup_stm32f10x_hd.o(.text)
    UART5_IRQHandler                         0x08000293   Thumb Code     0  startup_stm32f10x_hd.o(.text)
    USART1_IRQHandler                        0x08000293   Thumb Code     0  startup_stm32f10x_hd.o(.text)
    USART2_IRQHandler                        0x08000293   Thumb Code     0  startup_stm32f10x_hd.o(.text)
    USART3_IRQHandler                        0x08000293   Thumb Code     0  startup_stm32f10x_hd.o(.text)
    USBWakeUp_IRQHandler                     0x08000293   Thumb Code     0  startup_stm32f10x_hd.o(.text)
    USB_HP_CAN1_TX_IRQHandler                0x08000293   Thumb Code     0  startup_stm32f10x_hd.o(.text)
    USB_LP_CAN1_RX0_IRQHandler               0x08000293   Thumb Code     0  startup_stm32f10x_hd.o(.text)
    WWDG_IRQHandler                          0x08000293   Thumb Code     0  startup_stm32f10x_hd.o(.text)
    __user_initial_stackheap                 0x08000295   Thumb Code     0  startup_stm32f10x_hd.o(.text)
    __c89vsnprintf                           0x080002b9   Thumb Code    48  c89vsnprintf.o(.text)
    _printf_pre_padding                      0x080002ed   Thumb Code    44  _printf_pad.o(.text)
    _printf_post_padding                     0x08000319   Thumb Code    34  _printf_pad.o(.text)
    _printf_int_dec                          0x0800033d   Thumb Code   104  _printf_dec.o(.text)
    __printf                                 0x080003b5   Thumb Code   388  __printf_flags_ss_wp.o(.text)
    __0sscanf                                0x0800053d   Thumb Code    52  __0sscanf.o(.text)
    _scanf_int                               0x08000579   Thumb Code   332  _scanf_int.o(.text)
    _scanf_string                            0x080006c5   Thumb Code   224  _scanf_str.o(.text)
    __aeabi_memclr4                          0x080007a5   Thumb Code     0  rt_memclr_w.o(.text)
    __aeabi_memclr8                          0x080007a5   Thumb Code     0  rt_memclr_w.o(.text)
    __rt_memclr_w                            0x080007a5   Thumb Code    78  rt_memclr_w.o(.text)
    _memset_w                                0x080007a9   Thumb Code     0  rt_memclr_w.o(.text)
    __use_two_region_memory                  0x080007f3   Thumb Code     2  heapauxi.o(.text)
    __rt_heap_escrow$2region                 0x080007f5   Thumb Code     2  heapauxi.o(.text)
    __rt_heap_expand$2region                 0x080007f7   Thumb Code     2  heapauxi.o(.text)
    __aeabi_errno_addr                       0x080007f9   Thumb Code     8  rt_errno_addr_intlibspace.o(.text)
    __errno$intlibspace                      0x080007f9   Thumb Code     0  rt_errno_addr_intlibspace.o(.text)
    __rt_errno_addr$intlibspace              0x080007f9   Thumb Code     0  rt_errno_addr_intlibspace.o(.text)
    __read_errno                             0x08000801   Thumb Code    10  _rserrno.o(.text)
    __set_errno                              0x0800080b   Thumb Code    12  _rserrno.o(.text)
    _printf_truncate_signed                  0x08000817   Thumb Code    18  _printf_truncate.o(.text)
    _printf_truncate_unsigned                0x08000829   Thumb Code    18  _printf_truncate.o(.text)
    _printf_str                              0x0800083b   Thumb Code    82  _printf_str.o(.text)
    _printf_int_common                       0x0800088d   Thumb Code   178  _printf_intcommon.o(.text)
    _printf_charcount                        0x0800093f   Thumb Code    40  _printf_charcount.o(.text)
    _printf_char_common                      0x08000973   Thumb Code    32  _printf_char_common.o(.text)
    _sputc                                   0x08000999   Thumb Code    10  _sputc.o(.text)
    _snputc                                  0x080009a3   Thumb Code    16  _snputc.o(.text)
    _printf_wctomb                           0x080009b5   Thumb Code   182  _printf_wctomb.o(.text)
    _printf_longlong_dec                     0x08000a71   Thumb Code   108  _printf_longlong_dec.o(.text)
    _printf_longlong_oct                     0x08000aed   Thumb Code    68  _printf_oct_int_ll.o(.text)
    _printf_int_oct                          0x08000b31   Thumb Code    24  _printf_oct_int_ll.o(.text)
    _printf_ll_oct                           0x08000b49   Thumb Code    12  _printf_oct_int_ll.o(.text)
    _printf_longlong_hex                     0x08000b5d   Thumb Code    86  _printf_hex_int_ll_ptr.o(.text)
    _printf_int_hex                          0x08000bb3   Thumb Code    28  _printf_hex_int_ll_ptr.o(.text)
    _printf_ll_hex                           0x08000bcf   Thumb Code    12  _printf_hex_int_ll_ptr.o(.text)
    _printf_hex_ptr                          0x08000bdb   Thumb Code    18  _printf_hex_int_ll_ptr.o(.text)
    _chval                                   0x08000bf1   Thumb Code    28  _chval.o(.text)
    _scanf_really_real                       0x08000e09   Thumb Code   668  scanf_fp.o(.text)
    __vfscanf_char                           0x080010bd   Thumb Code    24  scanf_char.o(.text)
    _sgetc                                   0x080010dd   Thumb Code    30  _sgetc.o(.text)
    _sbackspace                              0x080010fb   Thumb Code    34  _sgetc.o(.text)
    __user_libspace                          0x0800111d   Thumb Code     8  libspace.o(.text)
    __user_perproc_libspace                  0x0800111d   Thumb Code     0  libspace.o(.text)
    __user_perthread_libspace                0x0800111d   Thumb Code     0  libspace.o(.text)
    __rt_ctype_table                         0x08001125   Thumb Code    16  rt_ctype_table.o(.text)
    __rt_locale                              0x08001135   Thumb Code     8  rt_locale_intlibspace.o(.text)
    _ll_udiv10                               0x0800113d   Thumb Code   138  lludiv10.o(.text)
    isspace                                  0x080011c7   Thumb Code    18  isspace.o(.text)
    __lib_sel_fp_printf                      0x080011d9   Thumb Code     2  _printf_fp_dec.o(.text)
    _printf_fp_dec_real                      0x08001387   Thumb Code   620  _printf_fp_dec.o(.text)
    _printf_cs_common                        0x080015f3   Thumb Code    20  _printf_char.o(.text)
    _printf_char                             0x08001607   Thumb Code    16  _printf_char.o(.text)
    _printf_string                           0x08001617   Thumb Code     8  _printf_char.o(.text)
    _printf_lcs_common                       0x0800161f   Thumb Code    20  _printf_wchar.o(.text)
    _printf_wchar                            0x08001633   Thumb Code    16  _printf_wchar.o(.text)
    _printf_wstring                          0x08001643   Thumb Code     8  _printf_wchar.o(.text)
    __vfscanf                                0x0800164d   Thumb Code   878  _scanf.o(.text)
    _btod_etento                             0x080019c1   Thumb Code   216  bigflt0.o(.text)
    _wcrtomb                                 0x08001a9d   Thumb Code    64  _wcrtomb.o(.text)
    __user_setup_stackheap                   0x08001add   Thumb Code    74  sys_stackheap_outer.o(.text)
    _printf_fp_infnan                        0x08001b29   Thumb Code   112  _printf_fp_infnan.o(.text)
    _scanf_really_hex_real                   0x08001ba9   Thumb Code   778  scanf_hexfp.o(.text)
    _scanf_really_infnan                     0x08001ec1   Thumb Code   292  scanf_infnan.o(.text)
    exit                                     0x08001ff5   Thumb Code    12  exit.o(.text)
    strcmp                                   0x08002001   Thumb Code   128  strcmpv7m.o(.text)
    __aeabi_llsl                             0x08002081   Thumb Code     0  llshl.o(.text)
    _ll_shift_l                              0x08002081   Thumb Code    38  llshl.o(.text)
    _sys_exit                                0x080020a9   Thumb Code     8  sys_exit.o(.text)
    __I$use$semihosting                      0x080020b5   Thumb Code     0  use_no_semi.o(.text)
    __use_no_semihosting_swi                 0x080020b5   Thumb Code     2  use_no_semi.o(.text)
    __semihosting_library_function           0x080020b7   Thumb Code     0  indicate_semi.o(.text)
    _btod_d2e                                0x080020b7   Thumb Code    62  btod.o(CL$$btod_d2e)
    _d2e_denorm_low                          0x080020f5   Thumb Code    70  btod.o(CL$$btod_d2e_denorm_low)
    _d2e_norm_op1                            0x0800213b   Thumb Code    96  btod.o(CL$$btod_d2e_norm_op1)
    __btod_div_common                        0x0800219b   Thumb Code   696  btod.o(CL$$btod_div_common)
    _e2d                                     0x080024d5   Thumb Code    80  btod.o(CL$$btod_e2d)
    _e2e                                     0x08002529   Thumb Code   198  btod.o(CL$$btod_e2e)
    _btod_ediv                               0x080025ef   Thumb Code    40  btod.o(CL$$btod_ediv)
    _btod_edivd                              0x08002617   Thumb Code    40  btod.o(CL$$btod_edivd)
    _btod_emul                               0x0800263f   Thumb Code    40  btod.o(CL$$btod_emul)
    _btod_emuld                              0x08002667   Thumb Code    40  btod.o(CL$$btod_emuld)
    __btod_mult_common                       0x0800268f   Thumb Code   580  btod.o(CL$$btod_mult_common)
    GPIO_Init                                0x080028d3   Thumb Code   278  stm32f10x_gpio.o(i.GPIO_Init)
    LyzkGetInfoFromNmeaRmcSentence           0x080029e9   Thumb Code   442  lyzknmeaprotocol.o(i.LyzkGetInfoFromNmeaRmcSentence)
    LyzkNmeaCheckSum                         0x08002bad   Thumb Code    84  lyzknmeaprotocol.o(i.LyzkNmeaCheckSum)
    LyzkStrToHex                             0x08002c01   Thumb Code   166  lyzknmeaprotocol.o(i.LyzkStrToHex)
    LyzkUsartFprint                          0x08002ca7   Thumb Code    92  lyzkusart.o(i.LyzkUsartFprint)
    LyzkUsartInit                            0x08002d05   Thumb Code   364  lyzkusart.o(i.LyzkUsartInit)
    LyzkUsartItCfg                           0x08002e95   Thumb Code   260  lyzkusart.o(i.LyzkUsartItCfg)
    LyzkUsartPutChar                         0x08002fad   Thumb Code    30  lyzkusart.o(i.LyzkUsartPutChar)
    NVIC_Init                                0x08002fcd   Thumb Code   100  misc.o(i.NVIC_Init)
    NVIC_PriorityGroupConfig                 0x0800303d   Thumb Code    10  misc.o(i.NVIC_PriorityGroupConfig)
    RCC_APB1PeriphClockCmd                   0x08003051   Thumb Code    26  stm32f10x_rcc.o(i.RCC_APB1PeriphClockCmd)
    RCC_APB2PeriphClockCmd                   0x08003071   Thumb Code    26  stm32f10x_rcc.o(i.RCC_APB2PeriphClockCmd)
    RCC_GetClocksFreq                        0x08003091   Thumb Code   192  stm32f10x_rcc.o(i.RCC_GetClocksFreq)
    SystemInit                               0x0800324d   Thumb Code    78  system_stm32f10x.o(i.SystemInit)
    USART_Cmd                                0x080032ad   Thumb Code    24  stm32f10x_usart.o(i.USART_Cmd)
    USART_GetFlagStatus                      0x080032c5   Thumb Code    26  stm32f10x_usart.o(i.USART_GetFlagStatus)
    USART_ITConfig                           0x080032df   Thumb Code    74  stm32f10x_usart.o(i.USART_ITConfig)
    USART_Init                               0x08003329   Thumb Code   210  stm32f10x_usart.o(i.USART_Init)
    USART_SendData                           0x08003401   Thumb Code     8  stm32f10x_usart.o(i.USART_SendData)
    __ARM_fpclassify                         0x08003409   Thumb Code    40  fpclassify.o(i.__ARM_fpclassify)
    __mathlib_dbl_overflow                   0x08003431   Thumb Code    14  dunder.o(i.__mathlib_dbl_overflow)
    __mathlib_dbl_underflow                  0x08003441   Thumb Code    10  dunder.o(i.__mathlib_dbl_underflow)
    __mathlib_narrow                         0x08003451   Thumb Code    16  narrow.o(i.__mathlib_narrow)
    __mathlib_tofloat                        0x08003461   Thumb Code   132  narrow.o(i.__mathlib_tofloat)
    __support_ldexp                          0x080034e9   Thumb Code    22  ldexp.o(i.__support_ldexp)
    _is_digit                                0x080034ff   Thumb Code    14  __printf_wp.o(i._is_digit)
    frexp                                    0x0800350d   Thumb Code    80  frexp.o(i.frexp)
    ldexp                                    0x08003565   Thumb Code   116  ldexp.o(i.ldexp)
    main                                     0x080035d9   Thumb Code   108  main.o(i.main)
    _get_lc_numeric                          0x080036ad   Thumb Code    44  lc_numeric_c.o(locale$$code)
    _get_lc_ctype                            0x080036d9   Thumb Code    44  lc_ctype_c.o(locale$$code)
    __aeabi_d2f                              0x08003705   Thumb Code     0  d2f.o(x$fpl$d2f)
    _d2f                                     0x08003705   Thumb Code    98  d2f.o(x$fpl$d2f)
    __aeabi_dadd                             0x08003769   Thumb Code     0  daddsub_clz.o(x$fpl$dadd)
    _dadd                                    0x08003769   Thumb Code   332  daddsub_clz.o(x$fpl$dadd)
    __fpl_dcheck_NaN1                        0x080038b9   Thumb Code    10  dcheck1.o(x$fpl$dcheck1)
    __fpl_dcmp_Inf                           0x080038c9   Thumb Code    24  dcmpi.o(x$fpl$dcmpinf)
    __aeabi_ddiv                             0x080038e1   Thumb Code     0  ddiv.o(x$fpl$ddiv)
    _ddiv                                    0x080038e1   Thumb Code   552  ddiv.o(x$fpl$ddiv)
    __aeabi_cdcmpeq                          0x08003b91   Thumb Code     0  deqf.o(x$fpl$deqf)
    _dcmpeq                                  0x08003b91   Thumb Code   120  deqf.o(x$fpl$deqf)
    __aeabi_d2iz                             0x08003c09   Thumb Code     0  dfix.o(x$fpl$dfix)
    _dfix                                    0x08003c09   Thumb Code    94  dfix.o(x$fpl$dfix)
    __aeabi_i2d                              0x08003c67   Thumb Code     0  dflt_clz.o(x$fpl$dflt)
    _dflt                                    0x08003c67   Thumb Code    46  dflt_clz.o(x$fpl$dflt)
    __aeabi_cdcmple                          0x08003c95   Thumb Code     0  dleqf.o(x$fpl$dleqf)
    _dcmple                                  0x08003c95   Thumb Code   120  dleqf.o(x$fpl$dleqf)
    __fpl_dcmple_InfNaN                      0x08003cf7   Thumb Code     0  dleqf.o(x$fpl$dleqf)
    __fpl_dnaninf                            0x08003d0d   Thumb Code   156  dnaninf.o(x$fpl$dnaninf)
    __fpl_dretinf                            0x08003da9   Thumb Code    12  dretinf.o(x$fpl$dretinf)
    __aeabi_cdrcmple                         0x08003db5   Thumb Code     0  drleqf.o(x$fpl$drleqf)
    _drcmple                                 0x08003db5   Thumb Code   108  drleqf.o(x$fpl$drleqf)
    __aeabi_drsub                            0x08003e21   Thumb Code     0  daddsub_clz.o(x$fpl$drsb)
    _drsb                                    0x08003e21   Thumb Code    22  daddsub_clz.o(x$fpl$drsb)
    __aeabi_dsub                             0x08003e39   Thumb Code     0  daddsub_clz.o(x$fpl$dsub)
    _dsub                                    0x08003e39   Thumb Code   464  daddsub_clz.o(x$fpl$dsub)
    __fpl_fretinf                            0x0800400d   Thumb Code    10  fretinf.o(x$fpl$fretinf)
    _printf_fp_dec                           0x08004017   Thumb Code     4  printf1.o(x$fpl$printf1)
    __fpl_return_NaN                         0x0800401b   Thumb Code   100  retnan.o(x$fpl$retnan)
    __ARM_scalbn                             0x0800407f   Thumb Code    92  scalbn.o(x$fpl$scalbn)
    _scanf_real                              0x080040db   Thumb Code     4  scanf1.o(x$fpl$scanf1)
    _scanf_hex_real                          0x080040df   Thumb Code     4  scanf2.o(x$fpl$scanf2)
    _scanf_infnan                            0x080040e3   Thumb Code     4  scanf2.o(x$fpl$scanf2)
    __fpl_cmpreturn                          0x080040e7   Thumb Code    48  trapv.o(x$fpl$trapveneer)
    __I$use$fp                               0x08004116   Number         0  usenofp.o(x$fpl$usenofp)
    Region$$Table$$Base                      0x0800427c   Number         0  anon$$obj.o(Region$$Table)
    Region$$Table$$Limit                     0x0800429c   Number         0  anon$$obj.o(Region$$Table)
    __aeabi_HUGE_VAL                         0x0800429c   Data           0  fpconst.o(c$$dinf)
    __aeabi_HUGE_VALL                        0x0800429c   Data           0  fpconst.o(c$$dinf)
    __aeabi_INFINITY                         0x0800429c   Data           0  fpconst.o(c$$dinf)
    __dInf                                   0x0800429c   Data           0  fpconst.o(c$$dinf)
    __huge_val                               0x0800429c   Data           0  fpconst.o(c$$dinf)
    __ctype                                  0x080042cd   Data           0  lc_ctype_c.o(locale$$data)
    __libspace_start                         0x20000014   Data          96  libspace.o(.bss)
    __temporary_stack_top$libspace           0x20000074   Data           0  libspace.o(.bss)



==============================================================================

Memory Map of the image

  Image Entry point : 0x08000131

  Load Region LR_IROM1 (Base: 0x08000000, Size: 0x000043e4, Max: 0x00080000, ABSOLUTE)

    Execution Region ER_IROM1 (Base: 0x08000000, Size: 0x000043d0, Max: 0x00080000, ABSOLUTE)

    Base Addr    Size         Type   Attr      Idx    E Section Name        Object

    0x08000000   0x00000130   Data   RO            3    RESET               startup_stm32f10x_hd.o
    0x08000130   0x00000008   Code   RO          830  * !!!main             c_w.l(__main.o)
    0x08000138   0x00000034   Code   RO         1244    !!!scatter          c_w.l(__scatter.o)
    0x0800016c   0x0000001a   Code   RO         1246    !!handler_copy      c_w.l(__scatter_copy.o)
    0x08000186   0x00000002   PAD
    0x08000188   0x0000001c   Code   RO         1248    !!handler_zi        c_w.l(__scatter_zi.o)
    0x080001a4   0x00000000   Code   RO          817    .ARM.Collect$$_printf_percent$$00000000  c_w.l(_printf_percent.o)
    0x080001a4   0x00000006   Code   RO          914    .ARM.Collect$$_printf_percent$$00000001  c_w.l(_printf_n.o)
    0x080001aa   0x00000006   Code   RO          916    .ARM.Collect$$_printf_percent$$00000002  c_w.l(_printf_p.o)
    0x080001b0   0x00000006   Code   RO          920    .ARM.Collect$$_printf_percent$$00000003  c_w.l(_printf_f.o)
    0x080001b6   0x00000006   Code   RO          921    .ARM.Collect$$_printf_percent$$00000004  c_w.l(_printf_e.o)
    0x080001bc   0x00000006   Code   RO          922    .ARM.Collect$$_printf_percent$$00000005  c_w.l(_printf_g.o)
    0x080001c2   0x00000006   Code   RO          923    .ARM.Collect$$_printf_percent$$00000006  c_w.l(_printf_a.o)
    0x080001c8   0x0000000a   Code   RO          928    .ARM.Collect$$_printf_percent$$00000007  c_w.l(_printf_ll.o)
    0x080001d2   0x00000006   Code   RO          918    .ARM.Collect$$_printf_percent$$00000008  c_w.l(_printf_i.o)
    0x080001d8   0x00000006   Code   RO          816    .ARM.Collect$$_printf_percent$$00000009  c_w.l(_printf_d.o)
    0x080001de   0x00000006   Code   RO          919    .ARM.Collect$$_printf_percent$$0000000A  c_w.l(_printf_u.o)
    0x080001e4   0x00000006   Code   RO          917    .ARM.Collect$$_printf_percent$$0000000B  c_w.l(_printf_o.o)
    0x080001ea   0x00000006   Code   RO          915    .ARM.Collect$$_printf_percent$$0000000C  c_w.l(_printf_x.o)
    0x080001f0   0x00000006   Code   RO          925    .ARM.Collect$$_printf_percent$$0000000D  c_w.l(_printf_lli.o)
    0x080001f6   0x00000006   Code   RO          926    .ARM.Collect$$_printf_percent$$0000000E  c_w.l(_printf_lld.o)
    0x080001fc   0x00000006   Code   RO          927    .ARM.Collect$$_printf_percent$$0000000F  c_w.l(_printf_llu.o)
    0x08000202   0x00000006   Code   RO          932    .ARM.Collect$$_printf_percent$$00000010  c_w.l(_printf_llo.o)
    0x08000208   0x00000006   Code   RO          933    .ARM.Collect$$_printf_percent$$00000011  c_w.l(_printf_llx.o)
    0x0800020e   0x0000000a   Code   RO          929    .ARM.Collect$$_printf_percent$$00000012  c_w.l(_printf_l.o)
    0x08000218   0x00000006   Code   RO          912    .ARM.Collect$$_printf_percent$$00000013  c_w.l(_printf_c.o)
    0x0800021e   0x00000006   Code   RO          913    .ARM.Collect$$_printf_percent$$00000014  c_w.l(_printf_s.o)
    0x08000224   0x00000006   Code   RO          930    .ARM.Collect$$_printf_percent$$00000015  c_w.l(_printf_lc.o)
    0x0800022a   0x00000006   Code   RO          931    .ARM.Collect$$_printf_percent$$00000016  c_w.l(_printf_ls.o)
    0x08000230   0x00000004   Code   RO          924    .ARM.Collect$$_printf_percent$$00000017  c_w.l(_printf_percent_end.o)
    0x08000234   0x00000002   Code   RO         1061    .ARM.Collect$$libinit$$00000000  c_w.l(libinit.o)
    0x08000236   0x00000000   Code   RO         1063    .ARM.Collect$$libinit$$00000002  c_w.l(libinit2.o)
    0x08000236   0x00000000   Code   RO         1065    .ARM.Collect$$libinit$$00000004  c_w.l(libinit2.o)
    0x08000236   0x00000000   Code   RO         1068    .ARM.Collect$$libinit$$0000000A  c_w.l(libinit2.o)
    0x08000236   0x00000000   Code   RO         1070    .ARM.Collect$$libinit$$0000000C  c_w.l(libinit2.o)
    0x08000236   0x00000000   Code   RO         1072    .ARM.Collect$$libinit$$0000000E  c_w.l(libinit2.o)
    0x08000236   0x00000006   Code   RO         1073    .ARM.Collect$$libinit$$0000000F  c_w.l(libinit2.o)
    0x0800023c   0x00000000   Code   RO         1075    .ARM.Collect$$libinit$$00000011  c_w.l(libinit2.o)
    0x0800023c   0x0000000c   Code   RO         1076    .ARM.Collect$$libinit$$00000012  c_w.l(libinit2.o)
    0x08000248   0x00000000   Code   RO         1077    .ARM.Collect$$libinit$$00000013  c_w.l(libinit2.o)
    0x08000248   0x00000000   Code   RO         1079    .ARM.Collect$$libinit$$00000015  c_w.l(libinit2.o)
    0x08000248   0x0000000a   Code   RO         1080    .ARM.Collect$$libinit$$00000016  c_w.l(libinit2.o)
    0x08000252   0x00000000   Code   RO         1081    .ARM.Collect$$libinit$$00000017  c_w.l(libinit2.o)
    0x08000252   0x00000000   Code   RO         1083    .ARM.Collect$$libinit$$00000019  c_w.l(libinit2.o)
    0x08000252   0x00000000   Code   RO         1085    .ARM.Collect$$libinit$$0000001B  c_w.l(libinit2.o)
    0x08000252   0x00000000   Code   RO         1087    .ARM.Collect$$libinit$$0000001D  c_w.l(libinit2.o)
    0x08000252   0x00000000   Code   RO         1089    .ARM.Collect$$libinit$$0000001F  c_w.l(libinit2.o)
    0x08000252   0x00000000   Code   RO         1091    .ARM.Collect$$libinit$$00000021  c_w.l(libinit2.o)
    0x08000252   0x00000000   Code   RO         1093    .ARM.Collect$$libinit$$00000023  c_w.l(libinit2.o)
    0x08000252   0x00000000   Code   RO         1095    .ARM.Collect$$libinit$$00000025  c_w.l(libinit2.o)
    0x08000252   0x00000000   Code   RO         1099    .ARM.Collect$$libinit$$0000002C  c_w.l(libinit2.o)
    0x08000252   0x00000000   Code   RO         1101    .ARM.Collect$$libinit$$0000002E  c_w.l(libinit2.o)
    0x08000252   0x00000000   Code   RO         1103    .ARM.Collect$$libinit$$00000030  c_w.l(libinit2.o)
    0x08000252   0x00000000   Code   RO         1105    .ARM.Collect$$libinit$$00000032  c_w.l(libinit2.o)
    0x08000252   0x00000002   Code   RO         1106    .ARM.Collect$$libinit$$00000033  c_w.l(libinit2.o)
    0x08000254   0x00000002   Code   RO         1187    .ARM.Collect$$libshutdown$$00000000  c_w.l(libshutdown.o)
    0x08000256   0x00000000   Code   RO         1203    .ARM.Collect$$libshutdown$$00000003  c_w.l(libshutdown2.o)
    0x08000256   0x00000000   Code   RO         1206    .ARM.Collect$$libshutdown$$00000006  c_w.l(libshutdown2.o)
    0x08000256   0x00000000   Code   RO         1209    .ARM.Collect$$libshutdown$$00000009  c_w.l(libshutdown2.o)
    0x08000256   0x00000000   Code   RO         1211    .ARM.Collect$$libshutdown$$0000000B  c_w.l(libshutdown2.o)
    0x08000256   0x00000000   Code   RO         1214    .ARM.Collect$$libshutdown$$0000000E  c_w.l(libshutdown2.o)
    0x08000256   0x00000002   Code   RO         1215    .ARM.Collect$$libshutdown$$0000000F  c_w.l(libshutdown2.o)
    0x08000258   0x00000000   Code   RO          858    .ARM.Collect$$rtentry$$00000000  c_w.l(__rtentry.o)
    0x08000258   0x00000000   Code   RO          957    .ARM.Collect$$rtentry$$00000002  c_w.l(__rtentry2.o)
    0x08000258   0x00000006   Code   RO          969    .ARM.Collect$$rtentry$$00000004  c_w.l(__rtentry4.o)
    0x0800025e   0x00000000   Code   RO          959    .ARM.Collect$$rtentry$$00000009  c_w.l(__rtentry2.o)
    0x0800025e   0x00000004   Code   RO          960    .ARM.Collect$$rtentry$$0000000A  c_w.l(__rtentry2.o)
    0x08000262   0x00000000   Code   RO          962    .ARM.Collect$$rtentry$$0000000C  c_w.l(__rtentry2.o)
    0x08000262   0x00000008   Code   RO          963    .ARM.Collect$$rtentry$$0000000D  c_w.l(__rtentry2.o)
    0x0800026a   0x00000002   Code   RO         1119    .ARM.Collect$$rtexit$$00000000  c_w.l(rtexit.o)
    0x0800026c   0x00000000   Code   RO         1148    .ARM.Collect$$rtexit$$00000002  c_w.l(rtexit2.o)
    0x0800026c   0x00000004   Code   RO         1149    .ARM.Collect$$rtexit$$00000003  c_w.l(rtexit2.o)
    0x08000270   0x00000006   Code   RO         1150    .ARM.Collect$$rtexit$$00000004  c_w.l(rtexit2.o)
    0x08000276   0x00000002   PAD
    0x08000278   0x00000040   Code   RO            4    .text               startup_stm32f10x_hd.o
    0x080002b8   0x00000034   Code   RO          784    .text               c_w.l(c89vsnprintf.o)
    0x080002ec   0x0000004e   Code   RO          792    .text               c_w.l(_printf_pad.o)
    0x0800033a   0x00000002   PAD
    0x0800033c   0x00000078   Code   RO          794    .text               c_w.l(_printf_dec.o)
    0x080003b4   0x00000188   Code   RO          813    .text               c_w.l(__printf_flags_ss_wp.o)
    0x0800053c   0x0000003c   Code   RO          818    .text               c_w.l(__0sscanf.o)
    0x08000578   0x0000014c   Code   RO          820    .text               c_w.l(_scanf_int.o)
    0x080006c4   0x000000e0   Code   RO          822    .text               c_w.l(_scanf_str.o)
    0x080007a4   0x0000004e   Code   RO          826    .text               c_w.l(rt_memclr_w.o)
    0x080007f2   0x00000006   Code   RO          828    .text               c_w.l(heapauxi.o)
    0x080007f8   0x00000008   Code   RO          862    .text               c_w.l(rt_errno_addr_intlibspace.o)
    0x08000800   0x00000016   Code   RO          864    .text               c_w.l(_rserrno.o)
    0x08000816   0x00000024   Code   RO          866    .text               c_w.l(_printf_truncate.o)
    0x0800083a   0x00000052   Code   RO          868    .text               c_w.l(_printf_str.o)
    0x0800088c   0x000000b2   Code   RO          870    .text               c_w.l(_printf_intcommon.o)
    0x0800093e   0x00000028   Code   RO          872    .text               c_w.l(_printf_charcount.o)
    0x08000966   0x00000002   PAD
    0x08000968   0x00000030   Code   RO          874    .text               c_w.l(_printf_char_common.o)
    0x08000998   0x0000000a   Code   RO          876    .text               c_w.l(_sputc.o)
    0x080009a2   0x00000010   Code   RO          878    .text               c_w.l(_snputc.o)
    0x080009b2   0x00000002   PAD
    0x080009b4   0x000000bc   Code   RO          880    .text               c_w.l(_printf_wctomb.o)
    0x08000a70   0x0000007c   Code   RO          883    .text               c_w.l(_printf_longlong_dec.o)
    0x08000aec   0x00000070   Code   RO          889    .text               c_w.l(_printf_oct_int_ll.o)
    0x08000b5c   0x00000094   Code   RO          909    .text               c_w.l(_printf_hex_int_ll_ptr.o)
    0x08000bf0   0x0000001c   Code   RO          934    .text               c_w.l(_chval.o)
    0x08000c0c   0x000004a4   Code   RO          936    .text               c_w.l(scanf_fp.o)
    0x080010b0   0x0000002c   Code   RO          938    .text               c_w.l(scanf_char.o)
    0x080010dc   0x00000040   Code   RO          940    .text               c_w.l(_sgetc.o)
    0x0800111c   0x00000008   Code   RO          953    .text               c_w.l(libspace.o)
    0x08001124   0x00000010   Code   RO          971    .text               c_w.l(rt_ctype_table.o)
    0x08001134   0x00000008   Code   RO          976    .text               c_w.l(rt_locale_intlibspace.o)
    0x0800113c   0x0000008a   Code   RO          978    .text               c_w.l(lludiv10.o)
    0x080011c6   0x00000012   Code   RO          980    .text               c_w.l(isspace.o)
    0x080011d8   0x0000041a   Code   RO          982    .text               c_w.l(_printf_fp_dec.o)
    0x080015f2   0x0000002c   Code   RO          986    .text               c_w.l(_printf_char.o)
    0x0800161e   0x0000002c   Code   RO          988    .text               c_w.l(_printf_wchar.o)
    0x0800164a   0x00000002   PAD
    0x0800164c   0x00000374   Code   RO          990    .text               c_w.l(_scanf.o)
    0x080019c0   0x000000dc   Code   RO          994    .text               c_w.l(bigflt0.o)
    0x08001a9c   0x00000040   Code   RO         1019    .text               c_w.l(_wcrtomb.o)
    0x08001adc   0x0000004a   Code   RO         1041    .text               c_w.l(sys_stackheap_outer.o)
    0x08001b26   0x00000002   PAD
    0x08001b28   0x00000080   Code   RO         1043    .text               c_w.l(_printf_fp_infnan.o)
    0x08001ba8   0x00000318   Code   RO         1045    .text               c_w.l(scanf_hexfp.o)
    0x08001ec0   0x00000134   Code   RO         1047    .text               c_w.l(scanf_infnan.o)
    0x08001ff4   0x0000000c   Code   RO         1052    .text               c_w.l(exit.o)
    0x08002000   0x00000080   Code   RO         1054    .text               c_w.l(strcmpv7m.o)
    0x08002080   0x00000026   Code   RO         1121    .text               c_w.l(llshl.o)
    0x080020a6   0x00000002   PAD
    0x080020a8   0x0000000c   Code   RO         1177    .text               c_w.l(sys_exit.o)
    0x080020b4   0x00000002   Code   RO         1192    .text               c_w.l(use_no_semi.o)
    0x080020b6   0x00000000   Code   RO         1194    .text               c_w.l(indicate_semi.o)
    0x080020b6   0x0000003e   Code   RO          997    CL$$btod_d2e        c_w.l(btod.o)
    0x080020f4   0x00000046   Code   RO          999    CL$$btod_d2e_denorm_low  c_w.l(btod.o)
    0x0800213a   0x00000060   Code   RO          998    CL$$btod_d2e_norm_op1  c_w.l(btod.o)
    0x0800219a   0x00000338   Code   RO         1007    CL$$btod_div_common  c_w.l(btod.o)
    0x080024d2   0x00000002   PAD
    0x080024d4   0x00000054   Code   RO         1005    CL$$btod_e2d        c_w.l(btod.o)
    0x08002528   0x000000c6   Code   RO         1004    CL$$btod_e2e        c_w.l(btod.o)
    0x080025ee   0x00000028   Code   RO         1001    CL$$btod_ediv       c_w.l(btod.o)
    0x08002616   0x00000028   Code   RO         1003    CL$$btod_edivd      c_w.l(btod.o)
    0x0800263e   0x00000028   Code   RO         1000    CL$$btod_emul       c_w.l(btod.o)
    0x08002666   0x00000028   Code   RO         1002    CL$$btod_emuld      c_w.l(btod.o)
    0x0800268e   0x00000244   Code   RO         1006    CL$$btod_mult_common  c_w.l(btod.o)
    0x080028d2   0x00000116   Code   RO           74    i.GPIO_Init         stm32f10x_gpio.o
    0x080029e8   0x000001c4   Code   RO          697    i.LyzkGetInfoFromNmeaRmcSentence  lyzknmeaprotocol.o
    0x08002bac   0x00000054   Code   RO          699    i.LyzkNmeaCheckSum  lyzknmeaprotocol.o
    0x08002c00   0x000000a6   Code   RO          701    i.LyzkStrToHex      lyzknmeaprotocol.o
    0x08002ca6   0x0000005c   Code   RO          646    i.LyzkUsartFprint   lyzkusart.o
    0x08002d02   0x00000002   PAD
    0x08002d04   0x00000190   Code   RO          648    i.LyzkUsartInit     lyzkusart.o
    0x08002e94   0x00000118   Code   RO          649    i.LyzkUsartItCfg    lyzkusart.o
    0x08002fac   0x0000001e   Code   RO          650    i.LyzkUsartPutChar  lyzkusart.o
    0x08002fca   0x00000002   PAD
    0x08002fcc   0x00000070   Code   RO          582    i.NVIC_Init         misc.o
    0x0800303c   0x00000014   Code   RO          583    i.NVIC_PriorityGroupConfig  misc.o
    0x08003050   0x00000020   Code   RO          201    i.RCC_APB1PeriphClockCmd  stm32f10x_rcc.o
    0x08003070   0x00000020   Code   RO          203    i.RCC_APB2PeriphClockCmd  stm32f10x_rcc.o
    0x08003090   0x000000d4   Code   RO          211    i.RCC_GetClocksFreq  stm32f10x_rcc.o
    0x08003164   0x00000008   Code   RO           24    i.SetSysClock       system_stm32f10x.o
    0x0800316c   0x000000e0   Code   RO           25    i.SetSysClockTo72   system_stm32f10x.o
    0x0800324c   0x00000060   Code   RO           27    i.SystemInit        system_stm32f10x.o
    0x080032ac   0x00000018   Code   RO          403    i.USART_Cmd         stm32f10x_usart.o
    0x080032c4   0x0000001a   Code   RO          406    i.USART_GetFlagStatus  stm32f10x_usart.o
    0x080032de   0x0000004a   Code   RO          409    i.USART_ITConfig    stm32f10x_usart.o
    0x08003328   0x000000d8   Code   RO          410    i.USART_Init        stm32f10x_usart.o
    0x08003400   0x00000008   Code   RO          420    i.USART_SendData    stm32f10x_usart.o
    0x08003408   0x00000028   Code   RO         1113    i.__ARM_fpclassify  m_ws.l(fpclassify.o)
    0x08003430   0x0000000e   Code   RO         1164    i.__mathlib_dbl_overflow  m_ws.l(dunder.o)
    0x0800343e   0x00000002   PAD
    0x08003440   0x00000010   Code   RO         1166    i.__mathlib_dbl_underflow  m_ws.l(dunder.o)
    0x08003450   0x00000010   Code   RO         1035    i.__mathlib_narrow  m_ws.l(narrow.o)
    0x08003460   0x00000088   Code   RO         1036    i.__mathlib_tofloat  m_ws.l(narrow.o)
    0x080034e8   0x00000016   Code   RO         1136    i.__support_ldexp   m_ws.l(ldexp.o)
    0x080034fe   0x0000000e   Code   RO          806    i._is_digit         c_w.l(__printf_wp.o)
    0x0800350c   0x00000058   Code   RO         1116    i.frexp             m_ws.l(frexp.o)
    0x08003564   0x00000074   Code   RO         1137    i.ldexp             m_ws.l(ldexp.o)
    0x080035d8   0x000000d4   Code   RO          621    i.main              main.o
    0x080036ac   0x0000002c   Code   RO         1022    locale$$code        c_w.l(lc_numeric_c.o)
    0x080036d8   0x0000002c   Code   RO         1050    locale$$code        c_w.l(lc_ctype_c.o)
    0x08003704   0x00000062   Code   RO         1107    x$fpl$d2f           fz_ws.l(d2f.o)
    0x08003766   0x00000002   PAD
    0x08003768   0x00000150   Code   RO          832    x$fpl$dadd          fz_ws.l(daddsub_clz.o)
    0x080038b8   0x00000010   Code   RO         1158    x$fpl$dcheck1       fz_ws.l(dcheck1.o)
    0x080038c8   0x00000018   Code   RO         1125    x$fpl$dcmpinf       fz_ws.l(dcmpi.o)
    0x080038e0   0x000002b0   Code   RO          839    x$fpl$ddiv          fz_ws.l(ddiv.o)
    0x08003b90   0x00000078   Code   RO         1109    x$fpl$deqf          fz_ws.l(deqf.o)
    0x08003c08   0x0000005e   Code   RO          842    x$fpl$dfix          fz_ws.l(dfix.o)
    0x08003c66   0x0000002e   Code   RO          847    x$fpl$dflt          fz_ws.l(dflt_clz.o)
    0x08003c94   0x00000078   Code   RO         1127    x$fpl$dleqf         fz_ws.l(dleqf.o)
    0x08003d0c   0x0000009c   Code   RO          946    x$fpl$dnaninf       fz_ws.l(dnaninf.o)
    0x08003da8   0x0000000c   Code   RO          948    x$fpl$dretinf       fz_ws.l(dretinf.o)
    0x08003db4   0x0000006c   Code   RO         1111    x$fpl$drleqf        fz_ws.l(drleqf.o)
    0x08003e20   0x00000016   Code   RO          833    x$fpl$drsb          fz_ws.l(daddsub_clz.o)
    0x08003e36   0x00000002   PAD
    0x08003e38   0x000001d4   Code   RO          834    x$fpl$dsub          fz_ws.l(daddsub_clz.o)
    0x0800400c   0x0000000a   Code   RO         1131    x$fpl$fretinf       fz_ws.l(fretinf.o)
    0x08004016   0x00000004   Code   RO          950    x$fpl$printf1       fz_ws.l(printf1.o)
    0x0800401a   0x00000064   Code   RO         1190    x$fpl$retnan        fz_ws.l(retnan.o)
    0x0800407e   0x0000005c   Code   RO         1133    x$fpl$scalbn        fz_ws.l(scalbn.o)
    0x080040da   0x00000004   Code   RO          852    x$fpl$scanf1        fz_ws.l(scanf1.o)
    0x080040de   0x00000008   Code   RO         1029    x$fpl$scanf2        fz_ws.l(scanf2.o)
    0x080040e6   0x00000030   Code   RO         1216    x$fpl$trapveneer    fz_ws.l(trapv.o)
    0x08004116   0x00000000   Code   RO          952    x$fpl$usenofp       fz_ws.l(usenofp.o)
    0x08004116   0x00000011   Data   RO          814    .constdata          c_w.l(__printf_flags_ss_wp.o)
    0x08004127   0x00000001   PAD
    0x08004128   0x00000008   Data   RO          881    .constdata          c_w.l(_printf_wctomb.o)
    0x08004130   0x00000028   Data   RO          910    .constdata          c_w.l(_printf_hex_int_ll_ptr.o)
    0x08004158   0x00000094   Data   RO          995    .constdata          c_w.l(bigflt0.o)
    0x080041ec   0x00000047   Data   RO          622    .conststring        main.o
    0x08004233   0x00000001   PAD
    0x08004234   0x00000048   Data   RO          702    .conststring        lyzknmeaprotocol.o
    0x0800427c   0x00000020   Data   RO         1242    Region$$Table       anon$$obj.o
    0x0800429c   0x00000008   Data   RO         1024    c$$dinf             fz_ws.l(fpconst.o)
    0x080042a4   0x0000001c   Data   RO         1021    locale$$data        c_w.l(lc_numeric_c.o)
    0x080042c0   0x00000110   Data   RO         1049    locale$$data        c_w.l(lc_ctype_c.o)


    Execution Region RW_IRAM1 (Base: 0x20000000, Size: 0x00000678, Max: 0x00010000, ABSOLUTE)

    Base Addr    Size         Type   Attr      Idx    E Section Name        Object

    0x20000000   0x00000014   Data   RW          231    .data               stm32f10x_rcc.o
    0x20000014   0x00000060   Zero   RW          954    .bss                c_w.l(libspace.o)
    0x20000074   0x00000004   PAD
    0x20000078   0x00000200   Zero   RW            2    HEAP                startup_stm32f10x_hd.o
    0x20000278   0x00000400   Zero   RW            1    STACK               startup_stm32f10x_hd.o


==============================================================================

Image component sizes


      Code (inc. data)   RO Data    RW Data    ZI Data      Debug   Object Name

         0          0          0          0          0       4504   core_cm3.o
       702         10         72          0          0       4443   lyzknmeaprotocol.o
       802         56          0          0          0       3762   lyzkusart.o
       212        104         71          0          0       2167   main.o
       132         22          0          0          0       2911   misc.o
        64         26        304          0       1536        796   startup_stm32f10x_hd.o
       278          0          0          0          0     221796   stm32f10x_gpio.o
       276         32          0         20          0       4066   stm32f10x_rcc.o
       348          6          0          0          0      10333   stm32f10x_usart.o
       328         28          0          0          0       1653   system_stm32f10x.o

    ----------------------------------------------------------------------
      3146        284        480         20       1536     256431   Object Totals
         0          0         32          0          0          0   (incl. Generated)
         4          0          1          0          0          0   (incl. Padding)

    ----------------------------------------------------------------------

      Code (inc. data)   RO Data    RW Data    ZI Data      Debug   Library Member Name

        60          8          0          0          0         84   __0sscanf.o
         8          0          0          0          0         68   __main.o
       392          4         17          0          0         92   __printf_flags_ss_wp.o
        14          0          0          0          0         68   __printf_wp.o
         0          0          0          0          0          0   __rtentry.o
        12          0          0          0          0          0   __rtentry2.o
         6          0          0          0          0          0   __rtentry4.o
        52          8          0          0          0          0   __scatter.o
        26          0          0          0          0          0   __scatter_copy.o
        28          0          0          0          0          0   __scatter_zi.o
        28          0          0          0          0         68   _chval.o
         6          0          0          0          0          0   _printf_a.o
         6          0          0          0          0          0   _printf_c.o
        44          0          0          0          0        108   _printf_char.o
        48          6          0          0          0         96   _printf_char_common.o
        40          0          0          0          0         68   _printf_charcount.o
         6          0          0          0          0          0   _printf_d.o
       120         16          0          0          0         92   _printf_dec.o
         6          0          0          0          0          0   _printf_e.o
         6          0          0          0          0          0   _printf_f.o
      1050          0          0          0          0        216   _printf_fp_dec.o
       128         16          0          0          0         84   _printf_fp_infnan.o
         6          0          0          0          0          0   _printf_g.o
       148          4         40          0          0        160   _printf_hex_int_ll_ptr.o
         6          0          0          0          0          0   _printf_i.o
       178          0          0          0          0         88   _printf_intcommon.o
        10          0          0          0          0          0   _printf_l.o
         6          0          0          0          0          0   _printf_lc.o
        10          0          0          0          0          0   _printf_ll.o
         6          0          0          0          0          0   _printf_lld.o
         6          0          0          0          0          0   _printf_lli.o
         6          0          0          0          0          0   _printf_llo.o
         6          0          0          0          0          0   _printf_llu.o
         6          0          0          0          0          0   _printf_llx.o
       124         16          0          0          0         92   _printf_longlong_dec.o
         6          0          0          0          0          0   _printf_ls.o
         6          0          0          0          0          0   _printf_n.o
         6          0          0          0          0          0   _printf_o.o
       112          8          0          0          0        124   _printf_oct_int_ll.o
         6          0          0          0          0          0   _printf_p.o
        78          0          0          0          0        108   _printf_pad.o
         0          0          0          0          0          0   _printf_percent.o
         4          0          0          0          0          0   _printf_percent_end.o
         6          0          0          0          0          0   _printf_s.o
        82          0          0          0          0         80   _printf_str.o
        36          0          0          0          0         84   _printf_truncate.o
         6          0          0          0          0          0   _printf_u.o
        44          0          0          0          0        108   _printf_wchar.o
       188          6          8          0          0         92   _printf_wctomb.o
         6          0          0          0          0          0   _printf_x.o
        22          0          0          0          0        100   _rserrno.o
       884          6          0          0          0        100   _scanf.o
       332          0          0          0          0         96   _scanf_int.o
       224          0          0          0          0         96   _scanf_str.o
        64          0          0          0          0         84   _sgetc.o
        16          0          0          0          0         68   _snputc.o
        10          0          0          0          0         68   _sputc.o
        64          0          0          0          0         92   _wcrtomb.o
       220          4        148          0          0         96   bigflt0.o
      2074        132          0          0          0        940   btod.o
        52          4          0          0          0         80   c89vsnprintf.o
        12          0          0          0          0         72   exit.o
         6          0          0          0          0        152   heapauxi.o
         0          0          0          0          0          0   indicate_semi.o
        18          0          0          0          0         76   isspace.o
        44         10        272          0          0         76   lc_ctype_c.o
        44         10         28          0          0         76   lc_numeric_c.o
         2          0          0          0          0          0   libinit.o
        30          0          0          0          0          0   libinit2.o
         2          0          0          0          0          0   libshutdown.o
         2          0          0          0          0          0   libshutdown2.o
         8          4          0          0         96         68   libspace.o
        38          0          0          0          0         68   llshl.o
       138          0          0          0          0         80   lludiv10.o
        16          4          0          0          0         76   rt_ctype_table.o
         8          4          0          0          0         68   rt_errno_addr_intlibspace.o
         8          4          0          0          0         68   rt_locale_intlibspace.o
        78          0          0          0          0         80   rt_memclr_w.o
         2          0          0          0          0          0   rtexit.o
        10          0          0          0          0          0   rtexit2.o
        44          8          0          0          0         84   scanf_char.o
      1188         12          0          0          0        148   scanf_fp.o
       792         14          0          0          0        100   scanf_hexfp.o
       308         16          0          0          0        100   scanf_infnan.o
       128          0          0          0          0         68   strcmpv7m.o
        12          4          0          0          0         68   sys_exit.o
        74          0          0          0          0         80   sys_stackheap_outer.o
         2          0          0          0          0         68   use_no_semi.o
        98          4          0          0          0         92   d2f.o
       826         16          0          0          0        348   daddsub_clz.o
        16          4          0          0          0         68   dcheck1.o
        24          0          0          0          0         68   dcmpi.o
       688        140          0          0          0        208   ddiv.o
       120          4          0          0          0         92   deqf.o
        94          4          0          0          0         92   dfix.o
        46          0          0          0          0         68   dflt_clz.o
       120          4          0          0          0         92   dleqf.o
       156          4          0          0          0         92   dnaninf.o
        12          0          0          0          0         68   dretinf.o
       108          0          0          0          0         80   drleqf.o
         0          0          8          0          0          0   fpconst.o
        10          0          0          0          0         68   fretinf.o
         4          0          0          0          0         68   printf1.o
       100          0          0          0          0         68   retnan.o
        92          0          0          0          0         68   scalbn.o
         4          0          0          0          0         68   scanf1.o
         8          0          0          0          0         84   scanf2.o
        48          0          0          0          0         68   trapv.o
         0          0          0          0          0          0   usenofp.o
        30          6          0          0          0        136   dunder.o
        40          0          0          0          0         68   fpclassify.o
        88          8          0          0          0         76   frexp.o
       138          0          0          0          0        160   ldexp.o
       152          4          0          0          0        168   narrow.o

    ----------------------------------------------------------------------
     13212        528        522          0        100       7944   Library Totals
        24          2          1          0          4          0   (incl. Padding)

    ----------------------------------------------------------------------

      Code (inc. data)   RO Data    RW Data    ZI Data      Debug   Library Name

     10166        328        513          0         96       5476   c_w.l
      2574        180          8          0          0       1860   fz_ws.l
       448         18          0          0          0        608   m_ws.l

    ----------------------------------------------------------------------
     13212        528        522          0        100       7944   Library Totals

    ----------------------------------------------------------------------

==============================================================================


      Code (inc. data)   RO Data    RW Data    ZI Data      Debug   

     16358        812       1002         20       1636     258807   Grand Totals
     16358        812       1002         20       1636     258807   ELF Image Totals
     16358        812       1002         20          0          0   ROM Totals

==============================================================================

    Total RO  Size (Code + RO Data)                17360 (  16.95kB)
    Total RW  Size (RW Data + ZI Data)              1656 (   1.62kB)
    Total ROM Size (Code + RO Data + RW Data)      17380 (  16.97kB)

==============================================================================

