Component: ARM Compiler 5.05 update 2 (build 169) Tool: armlink [4d0f33]

==============================================================================

Section Cross References

    startup_stm32f10x_hd.o(STACK) refers (Special) to heapauxi.o(.text) for __use_two_region_memory
    startup_stm32f10x_hd.o(HEAP) refers (Special) to heapauxi.o(.text) for __use_two_region_memory
    startup_stm32f10x_hd.o(RESET) refers (Special) to heapauxi.o(.text) for __use_two_region_memory
    startup_stm32f10x_hd.o(RESET) refers to startup_stm32f10x_hd.o(STACK) for __initial_sp
    startup_stm32f10x_hd.o(RESET) refers to startup_stm32f10x_hd.o(.text) for Reset_Handler
    startup_stm32f10x_hd.o(.text) refers (Special) to heapauxi.o(.text) for __use_two_region_memory
    startup_stm32f10x_hd.o(.text) refers to system_stm32f10x.o(i.SystemInit) for SystemInit
    startup_stm32f10x_hd.o(.text) refers to __main.o(!!!main) for __main
    startup_stm32f10x_hd.o(.text) refers to startup_stm32f10x_hd.o(HEAP) for Heap_Mem
    startup_stm32f10x_hd.o(.text) refers to startup_stm32f10x_hd.o(STACK) for Stack_Mem
    system_stm32f10x.o(i.SetSysClock) refers to system_stm32f10x.o(i.SetSysClockTo72) for SetSysClockTo72
    system_stm32f10x.o(i.SystemCoreClockUpdate) refers to system_stm32f10x.o(.data) for SystemCoreClock
    system_stm32f10x.o(i.SystemInit) refers to system_stm32f10x.o(i.SetSysClock) for SetSysClock
    stm32f10x_gpio.o(i.GPIO_AFIODeInit) refers to stm32f10x_rcc.o(i.RCC_APB2PeriphResetCmd) for RCC_APB2PeriphResetCmd
    stm32f10x_gpio.o(i.GPIO_DeInit) refers to stm32f10x_rcc.o(i.RCC_APB2PeriphResetCmd) for RCC_APB2PeriphResetCmd
    stm32f10x_rcc.o(i.RCC_GetClocksFreq) refers to stm32f10x_rcc.o(.data) for APBAHBPrescTable
    stm32f10x_rcc.o(i.RCC_WaitForHSEStartUp) refers to stm32f10x_rcc.o(i.RCC_GetFlagStatus) for RCC_GetFlagStatus
    stm32f10x_usart.o(i.USART_DeInit) refers to stm32f10x_rcc.o(i.RCC_APB2PeriphResetCmd) for RCC_APB2PeriphResetCmd
    stm32f10x_usart.o(i.USART_DeInit) refers to stm32f10x_rcc.o(i.RCC_APB1PeriphResetCmd) for RCC_APB1PeriphResetCmd
    stm32f10x_usart.o(i.USART_Init) refers to stm32f10x_rcc.o(i.RCC_GetClocksFreq) for RCC_GetClocksFreq
    main.o(i.main) refers to rt_memcpy_w.o(.text) for __aeabi_memcpy4
    main.o(i.main) refers to lyzkusart.o(i.LyzkUsartInit) for LyzkUsartInit
    main.o(i.main) refers to lyzkusart.o(i.LyzkUsartItCfg) for LyzkUsartItCfg
    main.o(i.main) refers to lyzkusart.o(i.LyzkUsartFprint) for LyzkUsartFprint
    main.o(i.main) refers to strlen.o(.text) for strlen
    main.o(i.main) refers to lyzknmeaprotocol.o(i.LyzkGetInfoFromNmeaGsvSentence) for LyzkGetInfoFromNmeaGsvSentence
    main.o(i.main) refers to main.o(.constdata) for .constdata
    lyzkusart.o(i.LyzkUsartFprint) refers to rt_memclr_w.o(.text) for __aeabi_memclr4
    lyzkusart.o(i.LyzkUsartFprint) refers to c89vsnprintf.o(.text) for __c89vsnprintf
    lyzkusart.o(i.LyzkUsartFprint) refers to lyzkusart.o(i.LyzkUsartPutChar) for LyzkUsartPutChar
    lyzkusart.o(i.LyzkUsartFprint) refers to stm32f10x_usart.o(i.USART_GetFlagStatus) for USART_GetFlagStatus
    lyzkusart.o(i.LyzkUsartGetChar) refers to stm32f10x_usart.o(i.USART_GetFlagStatus) for USART_GetFlagStatus
    lyzkusart.o(i.LyzkUsartGetChar) refers to stm32f10x_usart.o(i.USART_ReceiveData) for USART_ReceiveData
    lyzkusart.o(i.LyzkUsartInit) refers to stm32f10x_rcc.o(i.RCC_APB2PeriphClockCmd) for RCC_APB2PeriphClockCmd
    lyzkusart.o(i.LyzkUsartInit) refers to stm32f10x_gpio.o(i.GPIO_Init) for GPIO_Init
    lyzkusart.o(i.LyzkUsartInit) refers to stm32f10x_rcc.o(i.RCC_APB1PeriphClockCmd) for RCC_APB1PeriphClockCmd
    lyzkusart.o(i.LyzkUsartInit) refers to stm32f10x_usart.o(i.USART_Init) for USART_Init
    lyzkusart.o(i.LyzkUsartInit) refers to stm32f10x_usart.o(i.USART_Cmd) for USART_Cmd
    lyzkusart.o(i.LyzkUsartItCfg) refers to misc.o(i.NVIC_PriorityGroupConfig) for NVIC_PriorityGroupConfig
    lyzkusart.o(i.LyzkUsartItCfg) refers to misc.o(i.NVIC_Init) for NVIC_Init
    lyzkusart.o(i.LyzkUsartItCfg) refers to stm32f10x_usart.o(i.USART_ITConfig) for USART_ITConfig
    lyzkusart.o(i.LyzkUsartPutChar) refers to stm32f10x_usart.o(i.USART_SendData) for USART_SendData
    lyzkusart.o(i.LyzkUsartPutChar) refers to stm32f10x_usart.o(i.USART_GetFlagStatus) for USART_GetFlagStatus
    lyzkusart.o(i.LyzkUsartSendPackage) refers to lyzkusart.o(i.LyzkUsartPutChar) for LyzkUsartPutChar
    lyzkusart.o(i.LyzkUsartSendPackage) refers to stm32f10x_usart.o(i.USART_GetFlagStatus) for USART_GetFlagStatus
    lyzknmeaprotocol.o(i.LyzkGetInfoFromNmeaGgaSentence) refers to lyzknmeaprotocol.o(i.LyzkNmeaCheckSum) for LyzkNmeaCheckSum
    lyzknmeaprotocol.o(i.LyzkGetInfoFromNmeaGgaSentence) refers to lyzknmeaprotocol.o(i.LyzkNmeaScanf) for LyzkNmeaScanf
    lyzknmeaprotocol.o(i.LyzkGetInfoFromNmeaGgaSentence) refers to dfix.o(x$fpl$dfix) for __aeabi_d2iz
    lyzknmeaprotocol.o(i.LyzkGetInfoFromNmeaGgaSentence) refers to dflt_clz.o(x$fpl$dflt) for __aeabi_i2d
[...]
    ../fplib/scanf2a.s                       0x00000000   Number         0  scanf2a.o ABSOLUTE
    ../fplib/scanf2b.s                       0x00000000   Number         0  scanf2b.o ABSOLUTE
    ../fplib/trapv.s                         0x00000000   Number         0  trapv.o ABSOLUTE
    ../fplib/usenofp.s                       0x00000000   Number         0  usenofp.o ABSOLUTE
    ../mathlib/atof.c                        0x00000000   Number         0  atof.o ABSOLUTE
    ../mathlib/dunder.c                      0x00000000   Number         0  dunder.o ABSOLUTE
    ../mathlib/fpclassify.c                  0x00000000   Number         0  fpclassify.o ABSOLUTE
    ../mathlib/frexp.c                       0x00000000   Number         0  frexp.o ABSOLUTE
    ../mathlib/ldexp.c                       0x00000000   Number         0  ldexp.o ABSOLUTE
    ../mathlib/ldexp.c                       0x00000000   Number         0  ldexp_x.o ABSOLUTE
    ../mathlib/narrow.c                      0x00000000   Number         0  narrow.o ABSOLUTE
    ../mathlib/qnan.c                        0x00000000   Number         0  qnan.o ABSOLUTE
    CMSIS\\core_cm3.c                        0x00000000   Number         0  core_cm3.o ABSOLUTE
    CMSIS\core_cm3.c                         0x00000000   Number         0  core_cm3.o ABSOLUTE
    CMSIS\startup\startup_stm32f10x_hd.s     0x00000000   Number         0  startup_stm32f10x_hd.o ABSOLUTE
    CMSIS\system_stm32f10x.c                 0x00000000   Number         0  system_stm32f10x.o ABSOLUTE
    FWlib\src\misc.c                         0x00000000   Number         0  misc.o ABSOLUTE
    FWlib\src\stm32f10x_gpio.c               0x00000000   Number         0  stm32f10x_gpio.o ABSOLUTE
    FWlib\src\stm32f10x_rcc.c                0x00000000   Number         0  stm32f10x_rcc.o ABSOLUTE
    FWlib\src\stm32f10x_usart.c              0x00000000   Number         0  stm32f10x_usart.o ABSOLUTE
    User\src\LyzkNmeaProtocol.c              0x00000000   Number         0  lyzknmeaprotocol.o ABSOLUTE
    User\src\LyzkTime.c                      0x00000000   Number         0  lyzktime.o ABSOLUTE
    User\src\LyzkUsart.c                     0x00000000   Number         0  lyzkusart.o ABSOLUTE
    dc.s                                     0x00000000   Number         0  dc.o ABSOLUTE
    main.c                                   0x00000000   Number         0  main.o ABSOLUTE
    RESET                                    0x08000000   Section      304  startup_stm32f10x_hd.o(RESET)
    !!!main                                  0x08000130   Section        8  __main.o(!!!main)
    !!!scatter                               0x08000138   Section       52  __scatter.o(!!!scatter)
    !!handler_copy                           0x0800016c   Section       26  __scatter_copy.o(!!handler_copy)
    !!handler_zi                             0x08000188   Section       28  __scatter_zi.o(!!handler_zi)
    .ARM.Collect$$_printf_percent$$00000000  0x080001a4   Section        0  _printf_percent.o(.ARM.Collect$$_printf_percent$$00000000)
    .ARM.Collect$$_printf_percent$$00000001  0x080001a4   Section        6  _printf_n.o(.ARM.Collect$$_printf_percent$$00000001)
    .ARM.Collect$$_printf_percent$$00000002  0x080001aa   Section        6  _printf_p.o(.ARM.Collect$$_printf_percent$$00000002)
    .ARM.Collect$$_printf_percent$$00000003  0x080001b0   Section        6  _printf_f.o(.ARM.Collect$$_printf_percent$$00000003)
    .ARM.Collect$$_printf_percent$$00000004  0x080001b6   Section        6  _printf_e.o(.ARM.Collect$$_printf_percent$$00000004)
    .ARM.Collect$$_printf_percent$$00000005  0x080001bc   Section        6  _printf_g.o(.ARM.Collect$$_printf_percent$$00000005)
    .ARM.Collect$$_printf_percent$$00000006  0x080001c2   Section        6  _printf_a.o(.ARM.Collect$$_printf_percent$$00000006)
    .ARM.Collect$$_printf_percent$$00000007  0x080001c8   Section       10  _printf_ll.o(.ARM.Collect$$_printf_percent$$00000007)
    .ARM.Collect$$_printf_percent$$00000008  0x080001d2   Section        6  _printf_i.o(.ARM.Collect$$_printf_percent$$00000008)
    .ARM.Collect$$_printf_percent$$00000009  0x080001d8   Section        6  _printf_d.o(.ARM.Collect$$_printf_percent$$00000009)
    .ARM.Collect$$_printf_percent$$0000000A  0x080001de   Section        6  _printf_u.o(.ARM.Collect$$_printf_percent$$0000000A)
    .ARM.Collect$$_printf_percent$$0000000B  0x080001e4   Section        6  _printf_o.o(.ARM.Collect$$_printf_percent$$0000000B)
    .ARM.Collect$$_printf_percent$$0000000C  0x080001ea   Section        6  _printf_x.o(.ARM.Collect$$_printf_percent$$0000000C)
    .ARM.Collect$$_printf_percent$$0000000D  0x080001f0   Section        6  _printf_lli.o(.ARM.Collect$$_printf_percent$$0000000D)
    .ARM.Collect$$_printf_percent$$0000000E  0x080001f6   Section        6  _printf_lld.o(.ARM.Collect$$_printf_percent$$0000000E)
    .ARM.Collect$$_printf_percent$$0000000F  0x080001fc   Section        6  _printf_llu.o(.ARM.Collect$$_printf_percent$$0000000F)
    .ARM.Collect$$_printf_percent$$00000010  0x08000202   Section        6  _printf_llo.o(.ARM.Collect$$_printf_percent$$00000010)
    .ARM.Collect$$_printf_percent$$00000011  0x08000208   Section        6  _printf_llx.o(.ARM.Collect$$_printf_percent$$00000011)
    .ARM.Collect$$_printf_percent$$00000012  0x0800020e   Section       10  _printf_l.o(.ARM.Collect$$_printf_percent$$00000012)
    .ARM.Collect$$_printf_percent$$00000013  0x08000218   Section        6  _printf_c.o(.ARM.Collect$$_printf_percent$$00000013)
    .ARM.Collect$$_printf_percent$$00000014  0x0800021e   Section        6  _printf_s.o(.ARM.Collect$$_printf_percent$$00000014)
    .ARM.Collect$$_printf_percent$$00000015  0x08000224   Section        6  _printf_lc.o(.ARM.Collect$$_printf_percent$$00000015)
    .ARM.Collect$$_printf_percent$$00000016  0x0800022a   Section        6  _printf_ls.o(.ARM.Collect$$_printf_percent$$00000016)
    .ARM.Collect$$_printf_percent$$00000017  0x08000230   Section        4  _printf_percent_end.o(.ARM.Collect$$_printf_percent$$00000017)
    .ARM.Collect$$libinit$$00000000          0x08000234   Section        2  libinit.o(.ARM.Collect$$libinit$$00000000)
    .ARM.Collect$$libinit$$00000002          0x08000236   Section        0  libinit2.o(.ARM.Collect$$libinit$$00000002)
    .ARM.Collect$$libinit$$00000004          0x08000236   Section        0  libinit2.o(.ARM.Collect$$libinit$$00000004)
    .ARM.Collect$$libinit$$0000000A          0x08000236   Section        0  libinit2.o(.ARM.Collect$$libinit$$0000000A)
    .ARM.Collect$$libinit$$0000000C          0x08000236   Section        0  libinit2.o(.ARM.Collect$$libinit$$0000000C)
    .ARM.Collect$$libinit$$0000000E          0x08000236   Section        0  libinit2.o(.ARM.Collect$$libinit$$0000000E)
    .ARM.Collect$$libinit$$0000000F          0x08000236   Section        6  libinit2.o(.ARM.Collect$$libinit$$0000000F)
    .ARM.Collect$$libinit$$00000011          0x0800023c   Section        0  libinit2.o(.ARM.Collect$$libinit$$00000011)
    .ARM.Collect$$libinit$$00000012          0x0800023c   Section       12  libinit2.o(.ARM.Collect$$libinit$$00000012)
    .ARM.Collect$$libinit$$00000013          0x08000248   Section        0  libinit2.o(.ARM.Collect$$libinit$$00000013)
    .ARM.Collect$$libinit$$00000015          0x08000248   Section        0  libinit2.o(.ARM.Collect$$libinit$$00000015)
    .ARM.Collect$$libinit$$00000016          0x08000248   Section       10  libinit2.o(.ARM.Collect$$libinit$$00000016)
    .ARM.Collect$$libinit$$00000017          0x08000252   Section        0  libinit2.o(.ARM.Collect$$libinit$$00000017)
    .ARM.Collect$$libinit$$00000019          0x08000252   Section        0  libinit2.o(.ARM.Collect$$libinit$$00000019)
    .ARM.Collect$$libinit$$0000001B          0x08000252   Section        0  libinit2.o(.ARM.Collect$$libinit$$0000001B)
    .ARM.Collect$$libinit$$0000001D          0x08000252   Section        0  libinit2.o(.ARM.Collect$$libinit$$0000001D)
    .ARM.Collect$$libinit$$0000001F          0x08000252   Section        0  libinit2.o(.ARM.Collect$$libinit$$0000001F)
    .ARM.Collect$$libinit$$00000021          0x08000252   Section        0  libinit2.o(.ARM.Collect$$libinit$$00000021)
    .ARM.Collect$$libinit$$00000023          0x08000252   Section        0  libinit2.o(.ARM.Collect$$libinit$$00000023)
    .ARM.Collect$$libinit$$00000025          0x08000252   Section        0  libinit2.o(.ARM.Collect$$libinit$$00000025)
    .ARM.Collect$$libinit$$0000002C          0x08000252   Section        0  libinit2.o(.ARM.Collect$$libinit$$0000002C)
    .ARM.Collect$$libinit$$0000002E          0x08000252   Section        0  libinit2.o(.ARM.Collect$$libinit$$0000002E)
    .ARM.Collect$$libinit$$00000030          0x08000252   Section        0  libinit2.o(.ARM.Collect$$libinit$$00000030)
    .ARM.Collect$$libinit$$00000032          0x08000252   Section        0  libinit2.o(.ARM.Collect$$libinit$$00000032)
    .ARM.Collect$$libinit$$00000033          0x08000252   Section        2  libinit2.o(.ARM.Collect$$libinit$$00000033)
    .ARM.Collect$$libshutdown$$00000000      0x08000254   Section        2  libshutdown.o(.ARM.Collect$$libshutdown$$00000000)
    .ARM.Collect$$libshutdown$$00000003      0x08000256   Section        0  libshutdown2.o(.ARM.Collect$$libshutdown$$00000003)
    .ARM.Collect$$libshutdown$$00000006      0x08000256   Section        0  libshutdown2.o(.ARM.Collect$$libshutdown$$00000006)
    .ARM.Collect$$libshutdown$$00000009      0x08000256   Section        0  libshutdown2.o(.ARM.Collect$$libshutdown$$00000009)
    .ARM.Collect$$libshutdown$$0000000B      0x08000256   Section        0  libshutdown2.o(.ARM.Collect$$libshutdown$$0000000B)
    .ARM.Collect$$libshutdown$$0000000E      0x08000256   Section        0  libshutdown2.o(.ARM.Collect$$libshutdown$$0000000E)
    .ARM.Collect$$libshutdown$$0000000F      0x08000256   Section        2  libshutdown2.o(.ARM.Collect$$libshutdown$$0000000F)
    .ARM.Collect$$rtentry$$00000000          0x08000258   Section        0  __rtentry.o(.ARM.Collect$$rtentry$$00000000)
    .ARM.Collect$$rtentry$$00000002          0x08000258   Section        0  __rtentry2.o(.ARM.Collect$$rtentry$$00000002)
    .ARM.Collect$$rtentry$$00000004          0x08000258   Section        6  __rtentry4.o(.ARM.Collect$$rtentry$$00000004)
    .ARM.Collect$$rtentry$$00000009          0x0800025e   Section        0  __rtentry2.o(.ARM.Collect$$rtentry$$00000009)
    .ARM.Collect$$rtentry$$0000000A          0x0800025e   Section        4  __rtentry2.o(.ARM.Collect$$rtentry$$0000000A)
    .ARM.Collect$$rtentry$$0000000C          0x08000262   Section        0  __rtentry2.o(.ARM.Collect$$rtentry$$0000000C)
    .ARM.Collect$$rtentry$$0000000D          0x08000262   Section        8  __rtentry2.o(.ARM.Collect$$rtentry$$0000000D)
    .ARM.Collect$$rtexit$$00000000           0x0800026a   Section        2  rtexit.o(.ARM.Collect$$rtexit$$00000000)
    .ARM.Collect$$rtexit$$00000002           0x0800026c   Section        0  rtexit2.o(.ARM.Collect$$rtexit$$00000002)
    .ARM.Collect$$rtexit$$00000003           0x0800026c   Section        4  rtexit2.o(.ARM.Collect$$rtexit$$00000003)
    .ARM.Collect$$rtexit$$00000004           0x08000270   Section        6  rtexit2.o(.ARM.Collect$$rtexit$$00000004)
    .text                                    0x08000278   Section       64  startup_stm32f10x_hd.o(.text)
    .text                                    0x080002b8   Section       16  rt_ctype_table.o(.text)
    .text                                    0x080002c8   Section        0  c89vsnprintf.o(.text)
    .text                                    0x080002fc   Section        0  _printf_pad.o(.text)
    .text                                    0x0800034c   Section        0  _printf_dec.o(.text)
    .text                                    0x080003c4   Section        0  __printf_flags_ss_wp.o(.text)
    .text                                    0x0800054c   Section        0  atoi.o(.text)
    .text                                    0x08000566   Section        0  strlen.o(.text)
    .text                                    0x080005a4   Section      138  rt_memcpy_v6.o(.text)
    .text                                    0x0800062e   Section      100  rt_memcpy_w.o(.text)
    .text                                    0x08000692   Section       78  rt_memclr_w.o(.text)
    .text                                    0x080006e0   Section        0  heapauxi.o(.text)
    .text                                    0x080006e8   Section        8  rt_locale_intlibspace.o(.text)
    .text                                    0x080006f0   Section        8  rt_errno_addr_intlibspace.o(.text)
    .text                                    0x080006f8   Section        0  _rserrno.o(.text)
    .text                                    0x0800070e   Section        0  _printf_truncate.o(.text)
    .text                                    0x08000732   Section        0  _printf_str.o(.text)
    .text                                    0x08000784   Section        0  _printf_intcommon.o(.text)
    .text                                    0x08000836   Section        0  _printf_charcount.o(.text)
    .text                                    0x08000860   Section        0  _printf_char_common.o(.text)
    _printf_input_char                       0x08000861   Thumb Code    10  _printf_char_common.o(.text)
    .text                                    0x08000890   Section        0  _sputc.o(.text)
    .text                                    0x0800089a   Section        0  _snputc.o(.text)
    .text                                    0x080008ac   Section        0  _printf_wctomb.o(.text)
    .text                                    0x08000968   Section        0  _printf_longlong_dec.o(.text)
    .text                                    0x080009e4   Section        0  _printf_oct_int_ll.o(.text)
    _printf_longlong_oct_internal            0x080009e5   Thumb Code     0  _printf_oct_int_ll.o(.text)
    .text                                    0x08000a54   Section        0  _printf_hex_int_ll_ptr.o(.text)
    _printf_hex_common                       0x08000a55   Thumb Code     0  _printf_hex_int_ll_ptr.o(.text)
    .text                                    0x08000ae8   Section        0  strtod.o(.text)
    _local_sscanf                            0x08000ae9   Thumb Code    60  strtod.o(.text)
    .text                                    0x08000b88   Section        0  strtol.o(.text)
    .text                                    0x08000bf8   Section        8  libspace.o(.text)
    .text                                    0x08000c00   Section      138  lludiv10.o(.text)
    .text                                    0x08000c8a   Section        0  isspace.o(.text)
    .text                                    0x08000c9c   Section        0  _printf_fp_dec.o(.text)
    _fp_digits                               0x08000c9f   Thumb Code   428  _printf_fp_dec.o(.text)
    .text                                    0x080010b6   Section        0  _printf_char.o(.text)
    .text                                    0x080010e2   Section        0  _printf_wchar.o(.text)
    .text                                    0x0800110e   Section        0  _sgetc.o(.text)
    .text                                    0x0800114e   Section        0  _strtoul.o(.text)
    .text                                    0x080011ec   Section        0  _wcrtomb.o(.text)
    .text                                    0x0800122c   Section      128  strcmpv7m.o(.text)
    .text                                    0x080012ac   Section       74  sys_stackheap_outer.o(.text)
    .text                                    0x080012f8   Section        0  _printf_fp_infnan.o(.text)
    .text                                    0x08001378   Section        0  _chval.o(.text)
    .text                                    0x08001394   Section        0  scanf_fp.o(.text)
    _fp_value                                0x08001395   Thumb Code   508  scanf_fp.o(.text)
    .text                                    0x08001838   Section        0  bigflt0.o(.text)
    .text                                    0x08001914   Section        0  exit.o(.text)
    .text                                    0x08001920   Section        0  scanf_hexfp.o(.text)
    .text                                    0x08001c38   Section        0  scanf_infnan.o(.text)
    .text                                    0x08001d6c   Section        0  sys_exit.o(.text)
    .text                                    0x08001d78   Section        2  use_no_semi.o(.text)
    .text                                    0x08001d7a   Section       38  llshl.o(.text)
    .text                                    0x08001d7a   Section        0  indicate_semi.o(.text)
    CL$$btod_d2e                             0x08001da0   Section       62  btod.o(CL$$btod_d2e)
    CL$$btod_d2e_denorm_low                  0x08001dde   Section       70  btod.o(CL$$btod_d2e_denorm_low)
    CL$$btod_d2e_norm_op1                    0x08001e24   Section       96  btod.o(CL$$btod_d2e_norm_op1)
    CL$$btod_div_common                      0x08001e84   Section      824  btod.o(CL$$btod_div_common)
    CL$$btod_e2d                             0x080021bc   Section       84  btod.o(CL$$btod_e2d)
    CL$$btod_e2e                             0x08002210   Section      198  btod.o(CL$$btod_e2e)
    CL$$btod_ediv                            0x080022d6   Section       40  btod.o(CL$$btod_ediv)
    CL$$btod_edivd                           0x080022fe   Section       40  btod.o(CL$$btod_edivd)
    CL$$btod_emul                            0x08002326   Section       40  btod.o(CL$$btod_emul)
    CL$$btod_emuld                           0x0800234e   Section       40  btod.o(CL$$btod_emuld)
    CL$$btod_mult_common                     0x08002376   Section      580  btod.o(CL$$btod_mult_common)
    i.GPIO_Init                              0x080025ba   Section        0  stm32f10x_gpio.o(i.GPIO_Init)
    i.LyzkGetInfoFromNmeaGsvSentence         0x080026d0   Section        0  lyzknmeaprotocol.o(i.LyzkGetInfoFromNmeaGsvSentence)
    i.LyzkNmeaCheckSum                       0x080027bc   Section        0  lyzknmeaprotocol.o(i.LyzkNmeaCheckSum)
    i.LyzkNmeaScanf                          0x08002810   Section        0  lyzknmeaprotocol.o(i.LyzkNmeaScanf)
    i.LyzkStrToHex                           0x08002a54   Section        0  lyzknmeaprotocol.o(i.LyzkStrToHex)
    i.LyzkUsartFprint                        0x08002afa   Section        0  lyzkusart.o(i.LyzkUsartFprint)
    i.LyzkUsartInit                          0x08002b58   Section        0  lyzkusart.o(i.LyzkUsartInit)
    i.LyzkUsartItCfg                         0x08002ce8   Section        0  lyzkusart.o(i.LyzkUsartItCfg)
    i.LyzkUsartPutChar                       0x08002e00   Section        0  lyzkusart.o(i.LyzkUsartPutChar)
    i.NVIC_Init                              0x08002e20   Section        0  misc.o(i.NVIC_Init)
    i.NVIC_PriorityGroupConfig               0x08002e90   Section        0  misc.o(i.NVIC_PriorityGroupConfig)
    i.RCC_APB1PeriphClockCmd                 0x08002ea4   Section        0  stm32f10x_rcc.o(i.RCC_APB1PeriphClockCmd)
    i.RCC_APB2PeriphClockCmd                 0x08002ec4   Section        0  stm32f10x_rcc.o(i.RCC_APB2PeriphClockCmd)
    i.RCC_GetClocksFreq                      0x08002ee4   Section        0  stm32f10x_rcc.o(i.RCC_GetClocksFreq)
    i.SetSysClock                            0x08002fb8   Section        0  system_stm32f10x.o(i.SetSysClock)
    SetSysClock                              0x08002fb9   Thumb Code     8  system_stm32f10x.o(i.SetSysClock)
    i.SetSysClockTo72                        0x08002fc0   Section        0  system_stm32f10x.o(i.SetSysClockTo72)
    SetSysClockTo72                          0x08002fc1   Thumb Code   214  system_stm32f10x.o(i.SetSysClockTo72)
    i.SystemInit                             0x080030a0   Section        0  system_stm32f10x.o(i.SystemInit)
    i.USART_Cmd                              0x08003100   Section        0  stm32f10x_usart.o(i.USART_Cmd)
    i.USART_GetFlagStatus                    0x08003118   Section        0  stm32f10x_usart.o(i.USART_GetFlagStatus)
    i.USART_ITConfig                         0x08003132   Section        0  stm32f10x_usart.o(i.USART_ITConfig)
    i.USART_Init                             0x0800317c   Section        0  stm32f10x_usart.o(i.USART_Init)
    i.USART_SendData                         0x08003254   Section        0  stm32f10x_usart.o(i.USART_SendData)
    i.__ARM_fpclassify                       0x0800325c   Section        0  fpclassify.o(i.__ARM_fpclassify)
    i.__mathlib_dbl_overflow                 0x08003284   Section        0  dunder.o(i.__mathlib_dbl_overflow)
    i.__mathlib_dbl_underflow                0x08003294   Section        0  dunder.o(i.__mathlib_dbl_underflow)
    i.__mathlib_narrow                       0x080032a4   Section        0  narrow.o(i.__mathlib_narrow)
    i.__mathlib_tofloat                      0x080032b4   Section        0  narrow.o(i.__mathlib_tofloat)
    i.__support_ldexp                        0x0800333c   Section        0  ldexp.o(i.__support_ldexp)
    i._is_digit                              0x08003352   Section        0  __printf_wp.o(i._is_digit)
    i.atof                                   0x08003360   Section        0  atof.o(i.atof)
    i.frexp                                  0x0800338c   Section        0  frexp.o(i.frexp)
    i.ldexp                                  0x080033e4   Section        0  ldexp.o(i.ldexp)
    i.main                                   0x08003458   Section        0  main.o(i.main)
    locale$$code                             0x08003540   Section       44  lc_ctype_c.o(locale$$code)
    locale$$code                             0x0800356c   Section       44  lc_numeric_c.o(locale$$code)
    x$fpl$d2f                                0x08003598   Section       98  d2f.o(x$fpl$d2f)
    x$fpl$dcheck1                            0x080035fc   Section       16  dcheck1.o(x$fpl$dcheck1)
    x$fpl$dcmpinf                            0x0800360c   Section       24  dcmpi.o(x$fpl$dcmpinf)
    x$fpl$deqf                               0x08003624   Section      120  deqf.o(x$fpl$deqf)
    x$fpl$dleqf                              0x0800369c   Section      120  dleqf.o(x$fpl$dleqf)
    x$fpl$dnaninf                            0x08003714   Section      156  dnaninf.o(x$fpl$dnaninf)
    x$fpl$drleqf                             0x080037b0   Section      108  drleqf.o(x$fpl$drleqf)
    x$fpl$fretinf                            0x0800381c   Section       10  fretinf.o(x$fpl$fretinf)
    x$fpl$printf1                            0x08003826   Section        4  printf1.o(x$fpl$printf1)
    x$fpl$retnan                             0x0800382a   Section      100  retnan.o(x$fpl$retnan)
    x$fpl$scalbn                             0x0800388e   Section       92  scalbn.o(x$fpl$scalbn)
    x$fpl$scanf1                             0x080038ea   Section        4  scanf1.o(x$fpl$scanf1)
    x$fpl$scanf2                             0x080038ee   Section        8  scanf2.o(x$fpl$scanf2)
    x$fpl$trapveneer                         0x080038f6   Section       48  trapv.o(x$fpl$trapveneer)
    x$fpl$usenofp                            0x08003926   Section        0  usenofp.o(x$fpl$usenofp)
    .constdata                               0x08003928   Section      200  main.o(.constdata)
    .constdata                               0x080039f0   Section       17  __printf_flags_ss_wp.o(.constdata)
    maptable                                 0x080039f0   Data          17  __printf_flags_ss_wp.o(.constdata)
    .constdata                               0x08003a04   Section        8  _printf_wctomb.o(.constdata)
    initial_mbstate                          0x08003a04   Data           8  _printf_wctomb.o(.constdata)
    .constdata                               0x08003a0c   Section       40  _printf_hex_int_ll_ptr.o(.constdata)
    uc_hextab                                0x08003a0c   Data          20  _printf_hex_int_ll_ptr.o(.constdata)
    lc_hextab                                0x08003a20   Data          20  _printf_hex_int_ll_ptr.o(.constdata)
    .constdata                               0x08003a34   Section      148  bigflt0.o(.constdata)
    tenpwrs_x                                0x08003a34   Data          60  bigflt0.o(.constdata)
    tenpwrs_i                                0x08003a70   Data          64  bigflt0.o(.constdata)
    c$$dinf                                  0x08003ae8   Section        8  fpconst.o(c$$dinf)
    locale$$data                             0x08003af0   Section      272  lc_ctype_c.o(locale$$data)
    __lcctype_c_name                         0x08003af4   Data           2  lc_ctype_c.o(locale$$data)
    __lcctype_c_start                        0x08003afc   Data           0  lc_ctype_c.o(locale$$data)
    locale$$data                             0x08003c00   Section       28  lc_numeric_c.o(locale$$data)
    __lcctype_c_end                          0x08003c00   Data           0  lc_ctype_c.o(locale$$data)
    __lcnum_c_name                           0x08003c04   Data           2  lc_numeric_c.o(locale$$data)
    __lcnum_c_start                          0x08003c0c   Data           0  lc_numeric_c.o(locale$$data)
    __lcnum_c_point                          0x08003c18   Data           0  lc_numeric_c.o(locale$$data)
    __lcnum_c_thousands                      0x08003c1a   Data           0  lc_numeric_c.o(locale$$data)
    __lcnum_c_grouping                       0x08003c1b   Data           0  lc_numeric_c.o(locale$$data)
    __lcnum_c_end                            0x08003c1c   Data           0  lc_numeric_c.o(locale$$data)
    .data                                    0x20000000   Section       20  stm32f10x_rcc.o(.data)
    APBAHBPrescTable                         0x20000000   Data          16  stm32f10x_rcc.o(.data)
    ADCPrescTable                            0x20000010   Data           4  stm32f10x_rcc.o(.data)
    .bss                                     0x20000014   Section       96  libspace.o(.bss)
    HEAP                                     0x20000078   Section      512  startup_stm32f10x_hd.o(HEAP)
    Heap_Mem                                 0x20000078   Data         512  startup_stm32f10x_hd.o(HEAP)
    STACK                                    0x20000278   Section     1024  startup_stm32f10x_hd.o(STACK)
    Stack_Mem                                0x20000278   Data        1024  startup_stm32f10x_hd.o(STACK)
    __initial_sp                             0x20000678   Data           0  startup_stm32f10x_hd.o(STACK)

    Global Symbols

    Symbol Name                              Value     Ov Type        Size  Object(Section)

    BuildAttributes$$THM_ISAv4$P$D$K$B$S$PE$A:L22UL41UL21$X:L11$S22US41US21$IEEE1$IW$USESV6$~STKCKD$USESV7$~SHL$OTIME$ROPI$IEEEX$EBA8$UX$STANDARDLIB$REQ8$PRES8$EABIv2 0x00000000   Number         0  anon$$obj.o ABSOLUTE
    __ARM_use_no_argv                        0x00000000   Number         0  main.o ABSOLUTE
    _printf_flags                            0x00000000   Number         0  printf_stubs.o ABSOLUTE
    _printf_return_value                     0x00000000   Number         0  printf_stubs.o ABSOLUTE
    _printf_sizespec                         0x00000000   Number         0  printf_stubs.o ABSOLUTE
    _printf_widthprec                        0x00000000   Number         0  printf_stubs.o ABSOLUTE
    __ARM_exceptions_init                     - Undefined Weak Reference
    __alloca_initialize                       - Undefined Weak Reference
    __arm_preinit_                            - Undefined Weak Reference
    __cpp_initialize__aeabi_                  - Undefined Weak Reference
    __cxa_finalize                            - Undefined Weak Reference
    __sigvec_lookup                           - Undefined Weak Reference
    _atexit_init                              - Undefined Weak Reference
    _call_atexit_fns                          - Undefined Weak Reference
    _clock_init                               - Undefined Weak Reference
    _fp_trap_init                             - Undefined Weak Reference
    _fp_trap_shutdown                         - Undefined Weak Reference
    _get_lc_collate                           - Undefined Weak Reference
    _get_lc_monetary                          - Undefined Weak Reference
    _get_lc_time                              - Undefined Weak Reference
    _getenv_init                              - Undefined Weak Reference
    _handle_redirection                       - Undefined Weak Reference
    _init_alloc                               - Undefined Weak Reference
    _init_user_alloc                          - Undefined Weak Reference
    _initio                                   - Undefined Weak Reference
    _printf_fp_hex                            - Undefined Weak Reference
    _printf_mbtowc                            - Undefined Weak Reference
    _printf_wc                                - Undefined Weak Reference
    _rand_init                                - Undefined Weak Reference
    _signal_finish                            - Undefined Weak Reference
    _signal_init                              - Undefined Weak Reference
    _terminate_alloc                          - Undefined Weak Reference
    _terminate_user_alloc                     - Undefined Weak Reference
    _terminateio                              - Undefined Weak Reference
    __Vectors_Size                           0x00000130   Number         0  startup_stm32f10x_hd.o ABSOLUTE
    __Vectors                                0x08000000   Data           4  startup_stm32f10x_hd.o(RESET)
    __Vectors_End                            0x08000130   Data           0  startup_stm32f10x_hd.o(RESET)
    __main                                   0x08000131   Thumb Code     8  __main.o(!!!main)
    __scatterload                            0x08000139   Thumb Code     0  __scatter.o(!!!scatter)
    __scatterload_rt2                        0x08000139   Thumb Code    44  __scatter.o(!!!scatter)
    __scatterload_rt2_thumb_only             0x08000139   Thumb Code     0  __scatter.o(!!!scatter)
    __scatterload_null                       0x08000147   Thumb Code     0  __scatter.o(!!!scatter)
    __scatterload_copy                       0x0800016d   Thumb Code    26  __scatter_copy.o(!!handler_copy)
    __scatterload_zeroinit                   0x08000189   Thumb Code    28  __scatter_zi.o(!!handler_zi)
    _printf_n                                0x080001a5   Thumb Code     0  _printf_n.o(.ARM.Collect$$_printf_percent$$00000001)
    _printf_percent                          0x080001a5   Thumb Code     0  _printf_percent.o(.ARM.Collect$$_printf_percent$$00000000)
    _printf_p                                0x080001ab   Thumb Code     0  _printf_p.o(.ARM.Collect$$_printf_percent$$00000002)
    _printf_f                                0x080001b1   Thumb Code     0  _printf_f.o(.ARM.Collect$$_printf_percent$$00000003)
    _printf_e                                0x080001b7   Thumb Code     0  _printf_e.o(.ARM.Collect$$_printf_percent$$00000004)
    _printf_g                                0x080001bd   Thumb Code     0  _printf_g.o(.ARM.Collect$$_printf_percent$$00000005)
    _printf_a                                0x080001c3   Thumb Code     0  _printf_a.o(.ARM.Collect$$_printf_percent$$00000006)
    _printf_ll                               0x080001c9   Thumb Code     0  _printf_ll.o(.ARM.Collect$$_printf_percent$$00000007)
    _printf_i                                0x080001d3   Thumb Code     0  _printf_i.o(.ARM.Collect$$_printf_percent$$00000008)
    _printf_d                                0x080001d9   Thumb Code     0  _printf_d.o(.ARM.Collect$$_printf_percent$$00000009)
    _printf_u                                0x080001df   Thumb Code     0  _printf_u.o(.ARM.Collect$$_printf_percent$$0000000A)
    _printf_o                                0x080001e5   Thumb Code     0  _printf_o.o(.ARM.Collect$$_printf_percent$$0000000B)
    _printf_x                                0x080001eb   Thumb Code     0  _printf_x.o(.ARM.Collect$$_printf_percent$$0000000C)
    _printf_lli                              0x080001f1   Thumb Code     0  _printf_lli.o(.ARM.Collect$$_printf_percent$$0000000D)
    _printf_lld                              0x080001f7   Thumb Code     0  _printf_lld.o(.ARM.Collect$$_printf_percent$$0000000E)
    _printf_llu                              0x080001fd   Thumb Code     0  _printf_llu.o(.ARM.Collect$$_printf_percent$$0000000F)
    _printf_llo                              0x08000203   Thumb Code     0  _printf_llo.o(.ARM.Collect$$_printf_percent$$00000010)
    _printf_llx                              0x08000209   Thumb Code     0  _printf_llx.o(.ARM.Collect$$_printf_percent$$00000011)
    _printf_l                                0x0800020f   Thumb Code     0  _printf_l.o(.ARM.Collect$$_printf_percent$$00000012)
    _printf_c                                0x08000219   Thumb Code     0  _printf_c.o(.ARM.Collect$$_printf_percent$$00000013)
    _printf_s                                0x0800021f   Thumb Code     0  _printf_s.o(.ARM.Collect$$_printf_percent$$00000014)
    _printf_lc                               0x08000225   Thumb Code     0  _printf_lc.o(.ARM.Collect$$_printf_percent$$00000015)
    _printf_ls                               0x0800022b   Thumb Code     0  _printf_ls.o(.ARM.Collect$$_printf_percent$$00000016)
    _printf_percent_end                      0x08000231   Thumb Code     0  _printf_percent_end.o(.ARM.Collect$$_printf_percent$$00000017)
    __rt_lib_init                            0x08000235   Thumb Code     0  libinit.o(.ARM.Collect$$libinit$$00000000)
    __rt_lib_init_fp_1                       0x08000237   Thumb Code     0  libinit2.o(.ARM.Collect$$libinit$$00000002)
    __rt_lib_init_heap_1                     0x08000237   Thumb Code     0  libinit2.o(.ARM.Collect$$libinit$$0000000A)
    __rt_lib_init_lc_common                  0x08000237   Thumb Code     0  libinit2.o(.ARM.Collect$$libinit$$0000000F)
    __rt_lib_init_preinit_1                  0x08000237   Thumb Code     0  libinit2.o(.ARM.Collect$$libinit$$00000004)
    __rt_lib_init_rand_1                     0x08000237   Thumb Code     0  libinit2.o(.ARM.Collect$$libinit$$0000000E)
    __rt_lib_init_user_alloc_1               0x08000237   Thumb Code     0  libinit2.o(.ARM.Collect$$libinit$$0000000C)
    __rt_lib_init_lc_collate_1               0x0800023d   Thumb Code     0  libinit2.o(.ARM.Collect$$libinit$$00000011)
    __rt_lib_init_lc_ctype_2                 0x0800023d   Thumb Code     0  libinit2.o(.ARM.Collect$$libinit$$00000012)
    __rt_lib_init_lc_ctype_1                 0x08000249   Thumb Code     0  libinit2.o(.ARM.Collect$$libinit$$00000013)
    __rt_lib_init_lc_monetary_1              0x08000249   Thumb Code     0  libinit2.o(.ARM.Collect$$libinit$$00000015)
    __rt_lib_init_lc_numeric_2               0x08000249   Thumb Code     0  libinit2.o(.ARM.Collect$$libinit$$00000016)
    __rt_lib_init_alloca_1                   0x08000253   Thumb Code     0  libinit2.o(.ARM.Collect$$libinit$$0000002E)
    __rt_lib_init_argv_1                     0x08000253   Thumb Code     0  libinit2.o(.ARM.Collect$$libinit$$0000002C)
    __rt_lib_init_atexit_1                   0x08000253   Thumb Code     0  libinit2.o(.ARM.Collect$$libinit$$0000001B)
    __rt_lib_init_clock_1                    0x08000253   Thumb Code     0  libinit2.o(.ARM.Collect$$libinit$$00000021)
    __rt_lib_init_cpp_1                      0x08000253   Thumb Code     0  libinit2.o(.ARM.Collect$$libinit$$00000032)
    __rt_lib_init_exceptions_1               0x08000253   Thumb Code     0  libinit2.o(.ARM.Collect$$libinit$$00000030)
    __rt_lib_init_fp_trap_1                  0x08000253   Thumb Code     0  libinit2.o(.ARM.Collect$$libinit$$0000001F)
    __rt_lib_init_getenv_1                   0x08000253   Thumb Code     0  libinit2.o(.ARM.Collect$$libinit$$00000023)
    __rt_lib_init_lc_numeric_1               0x08000253   Thumb Code     0  libinit2.o(.ARM.Collect$$libinit$$00000017)
    __rt_lib_init_lc_time_1                  0x08000253   Thumb Code     0  libinit2.o(.ARM.Collect$$libinit$$00000019)
    __rt_lib_init_return                     0x08000253   Thumb Code     0  libinit2.o(.ARM.Collect$$libinit$$00000033)
    __rt_lib_init_signal_1                   0x08000253   Thumb Code     0  libinit2.o(.ARM.Collect$$libinit$$0000001D)
    __rt_lib_init_stdio_1                    0x08000253   Thumb Code     0  libinit2.o(.ARM.Collect$$libinit$$00000025)
    __rt_lib_shutdown                        0x08000255   Thumb Code     0  libshutdown.o(.ARM.Collect$$libshutdown$$00000000)
    __rt_lib_shutdown_fp_trap_1              0x08000257   Thumb Code     0  libshutdown2.o(.ARM.Collect$$libshutdown$$00000006)
    __rt_lib_shutdown_heap_1                 0x08000257   Thumb Code     0  libshutdown2.o(.ARM.Collect$$libshutdown$$0000000E)
    __rt_lib_shutdown_return                 0x08000257   Thumb Code     0  libshutdown2.o(.ARM.Collect$$libshutdown$$0000000F)
    __rt_lib_shutdown_signal_1               0x08000257   Thumb Code     0  libshutdown2.o(.ARM.Collect$$libshutdown$$00000009)
    __rt_lib_shutdown_stdio_1                0x08000257   Thumb Code     0  libshutdown2.o(.ARM.Collect$$libshutdown$$00000003)
    __rt_lib_shutdown_user_alloc_1           0x08000257   Thumb Code     0  libshutdown2.o(.ARM.Collect$$libshutdown$$0000000B)
    __rt_entry                               0x08000259   Thumb Code     0  __rtentry.o(.ARM.Collect$$rtentry$$00000000)
    __rt_entry_presh_1                       0x08000259   Thumb Code     0  __rtentry2.o(.ARM.Collect$$rtentry$$00000002)
    __rt_entry_sh                            0x08000259   Thumb Code     0  __rtentry4.o(.ARM.Collect$$rtentry$$00000004)
    __rt_entry_li                            0x0800025f   Thumb Code     0  __rtentry2.o(.ARM.Collect$$rtentry$$0000000A)
    __rt_entry_postsh_1                      0x0800025f   Thumb Code     0  __rtentry2.o(.ARM.Collect$$rtentry$$00000009)
    __rt_entry_main                          0x08000263   Thumb Code     0  __rtentry2.o(.ARM.Collect$$rtentry$$0000000D)
    __rt_entry_postli_1                      0x08000263   Thumb Code     0  __rtentry2.o(.ARM.Collect$$rtentry$$0000000C)
    __rt_exit                                0x0800026b   Thumb Code     0  rtexit.o(.ARM.Collect$$rtexit$$00000000)
    __rt_exit_ls                             0x0800026d   Thumb Code     0  rtexit2.o(.ARM.Collect$$rtexit$$00000003)
    __rt_exit_prels_1                        0x0800026d   Thumb Code     0  rtexit2.o(.ARM.Collect$$rtexit$$00000002)
    __rt_exit_exit                           0x08000271   Thumb Code     0  rtexit2.o(.ARM.Collect$$rtexit$$00000004)
    Reset_Handler                            0x08000279   Thumb Code     8  startup_stm32f10x_hd.o(.text)
    NMI_Handler                              0x08000281   Thumb Code     2  startup_stm32f10x_hd.o(.text)
    HardFault_Handler                        0x08000283   Thumb Code     2  startup_stm32f10x_hd.o(.text)
    MemManage_Handler                        0x08000285   Thumb Code     2  startup_stm32f10x_hd.o(.text)
    BusFault_Handler                         0x08000287   Thumb Code     2  startup_stm32f10x_hd.o(.text)
    UsageFault_Handler                       0x08000289   Thumb Code     2  startup_stm32f10x_hd.o(.text)
    SVC_Handler                              0x0800028b   Thumb Code     2  startup_stm32f10x_hd.o(.text)
    DebugMon_Handler                         0x0800028d   Thumb Code     2  startup_stm32f10x_hd.o(.text)
    PendSV_Handler                           0x0800028f   Thumb Code     2  startup_stm32f10x_hd.o(.text)
    SysTick_Handler                          0x08000291   Thumb Code     2  startup_stm32f10x_hd.o(.text)
    ADC1_2_IRQHandler                        0x08000293   Thumb Code     0  startup_stm32f10x_hd.o(.text)
    ADC3_IRQHandler                          0x08000293   Thumb Code     0  startup_stm32f10x_hd.o(.text)
    CAN1_RX1_IRQHandler                      0x08000293   Thumb Code     0  startup_stm32f10x_hd.o(.text)
    CAN1_SCE_IRQHandler                      0x08000293   Thumb Code     0  startup_stm32f10x_hd.o(.text)
    DMA1_Channel1_IRQHandler                 0x08000293   Thumb Code     0  startup_stm32f10x_hd.o(.text)
    DMA1_Channel2_IRQHandler                 0x08000293   Thumb Code     0  startup_stm32f10x_hd.o(.text)
    DMA1_Channel3_IRQHandler                 0x08000293   Thumb Code     0  startup_stm32f10x_hd.o(.text)
    DMA1_Channel4_IRQHandler                 0x08000293   Thumb Code     0  startup_stm32f10x_hd.o(.text)
    DMA1_Channel5_IRQHandler                 0x08000293   Thumb Code     0  startup_stm32f10x_hd.o(.text)
    DMA1_Channel6_IRQHandler                 0x08000293   Thumb Code     0  startup_stm32f10x_hd.o(.text)
    DMA1_Channel7_IRQHandler                 0x08000293   Thumb Code     0  startup_stm32f10x_hd.o(.text)
    DMA2_Channel1_IRQHandler                 0x08000293   Thumb Code     0  startup_stm32f10x_hd.o(.text)
    DMA2_Channel2_IRQHandler                 0x08000293   Thumb Code     0  startup_stm32f10x_hd.o(.text)
    DMA2_Channel3_IRQHandler                 0x08000293   Thumb Code     0  startup_stm32f10x_hd.o(.text)
    DMA2_Channel4_5_IRQHandler               0x08000293   Thumb Code     0  startup_stm32f10x_hd.o(.text)
    EXTI0_IRQHandler                         0x08000293   Thumb Code     0  startup_stm32f10x_hd.o(.text)
    EXTI15_10_IRQHandler                     0x08000293   Thumb Code     0  startup_stm32f10x_hd.o(.text)
    EXTI1_IRQHandler                         0x08000293   Thumb Code     0  startup_stm32f10x_hd.o(.text)
    EXTI2_IRQHandler                         0x08000293   Thumb Code     0  startup_stm32f10x_hd.o(.text)
    EXTI3_IRQHandler                         0x08000293   Thumb Code     0  startup_stm32f10x_hd.o(.text)
    EXTI4_IRQHandler                         0x08000293   Thumb Code     0  startup_stm32f10x_hd.o(.text)
    EXTI9_5_IRQHandler                       0x08000293   Thumb Code     0  startup_stm32f10x_hd.o(.text)
    FLASH_IRQHandler                         0x08000293   Thumb Code     0  startup_stm32f10x_hd.o(.text)
    FSMC_IRQHandler                          0x08000293   Thumb Code     0  startup_stm32f10x_hd.o(.text)
    I2C1_ER_IRQHandler                       0x08000293   Thumb Code     0  startup_stm32f10x_hd.o(.text)
    I2C1_EV_IRQHandler                       0x08000293   Thumb Code     0  startup_stm32f10x_hd.o(.text)
    I2C2_ER_IRQHandler                       0x08000293   Thumb Code     0  startup_stm32f10x_hd.o(.text)
    I2C2_EV_IRQHandler                       0x08000293   Thumb Code     0  startup_stm32f10x_hd.o(.text)
    PVD_IRQHandler                           0x08000293   Thumb Code     0  startup_stm32f10x_hd.o(.text)
    RCC_IRQHandler                           0x08000293   Thumb Code     0  startup_stm32f10x_hd.o(.text)
    RTCAlarm_IRQHandler                      0x08000293   Thumb Code     0  startup_stm32f10x_hd.o(.text)
    RTC_IRQHandler                           0x08000293   Thumb Code     0  startup_stm32f10x_hd.o(.text)
    SDIO_IRQHandler                          0x08000293   Thumb Code     0  startup_stm32f10x_hd.o(.text)
    SPI1_IRQHandler                          0x08000293   Thumb Code     0  startup_stm32f10x_hd.o(.text)
    SPI2_IRQHandler                          0x08000293   Thumb Code     0  startup_stm32f10x_hd.o(.text)
    SPI3_IRQHandler                          0x08000293   Thumb Code     0  startup_stm32f10x_hd.o(.text)
    TAMPER_IRQHandler                        0x08000293   Thumb Code     0  startup_stm32f10x_hd.o(.text)
    TIM1_BRK_IRQHandler                      0x08000293   Thumb Code     0  startup_stm32f10x_hd.o(.text)
    TIM1_CC_IRQHandler                       0x08000293   Thumb Code     0  startup_stm32f10x_hd.o(.text)
    TIM1_TRG_COM_IRQHandler                  0x08000293   Thumb Code     0  startup_stm32f10x_hd.o(.text)
    TIM1_UP_IRQHandler                       0x08000293   Thumb Code     0  startup_stm32f10x_hd.o(.text)
    TIM2_IRQHandler                          0x08000293   Thumb Code     0  startup_stm32f10x_hd.o(.text)
    TIM3_IRQHandler                          0x08000293   Thumb Code     0  startup_stm32f10x_hd.o(.text)
    TIM4_IRQHandler                          0x08000293   Thumb Code     0  startup_stm32f10x_hd.o(.text)
    TIM5_IRQHandler                          0x08000293   Thumb Code     0  startup_stm32f10x_hd.o(.text)
    TIM6_IRQHandler                          0x08000293   Thumb Code     0  startup_stm32f10x_hd.o(.text)
    TIM7_IRQHandler                          0x08000293   Thumb Code     0  startup_stm32f10x_hd.o(.text)
    TIM8_BRK_IRQHandler                      0x08000293   Thumb Code     0  startup_stm32f10x_hd.o(.text)
    TIM8_CC_IRQHandler                       0x08000293   Thumb Code     0  startup_stm32f10x_hd.o(.text)
    TIM8_TRG_COM_IRQHandler                  0x08000293   Thumb Code     0  startup_stm32f10x_hd.o(.text)
    TIM8_UP_IRQHandler                       0x08000293   Thumb Code     0  startup_stm32f10x_hd.o(.text)
    UART4_IRQHandler                         0x08000293   Thumb Code     0  startup_stm32f10x_hd.o(.text)
    UART5_IRQHandler                         0x08000293   Thumb Code     0  startup_stm32f10x_hd.o(.text)
    USART1_IRQHandler                        0x08000293   Thumb Code     0  startup_stm32f10x_hd.o(.text)
    USART2_IRQHandler                        0x08000293   Thumb Code     0  startup_stm32f10x_hd.o(.text)
    USART3_IRQHandler                        0x08000293   Thumb Code     0  startup_stm32f10x_hd.o(.text)
    USBWakeUp_IRQHandler                     0x08000293   Thumb Code     0  startup_stm32f10x_hd.o(.text)
    USB_HP_CAN1_TX_IRQHandler                0x08000293   Thumb Code     0  startup_stm32f10x_hd.o(.text)
    USB_LP_CAN1_RX0_IRQHandler               0x08000293   Thumb Code     0  startup_stm32f10x_hd.o(.text)
    WWDG_IRQHandler                          0x08000293   Thumb Code     0  startup_stm32f10x_hd.o(.text)
    __user_initial_stackheap                 0x08000295   Thumb Code     0  startup_stm32f10x_hd.o(.text)
    __rt_ctype_table                         0x080002b9   Thumb Code    16  rt_ctype_table.o(.text)
    __c89vsnprintf                           0x080002c9   Thumb Code    48  c89vsnprintf.o(.text)
    _printf_pre_padding                      0x080002fd   Thumb Code    44  _printf_pad.o(.text)
    _printf_post_padding                     0x08000329   Thumb Code    34  _printf_pad.o(.text)
    _printf_int_dec                          0x0800034d   Thumb Code   104  _printf_dec.o(.text)
    __printf                                 0x080003c5   Thumb Code   388  __printf_flags_ss_wp.o(.text)
    atoi                                     0x0800054d   Thumb Code    26  atoi.o(.text)
    strlen                                   0x08000567   Thumb Code    62  strlen.o(.text)
    __aeabi_memcpy                           0x080005a5   Thumb Code     0  rt_memcpy_v6.o(.text)
    __rt_memcpy                              0x080005a5   Thumb Code   138  rt_memcpy_v6.o(.text)
    _memcpy_lastbytes                        0x0800060b   Thumb Code     0  rt_memcpy_v6.o(.text)
    __aeabi_memcpy4                          0x0800062f   Thumb Code     0  rt_memcpy_w.o(.text)
    __aeabi_memcpy8                          0x0800062f   Thumb Code     0  rt_memcpy_w.o(.text)
    __rt_memcpy_w                            0x0800062f   Thumb Code   100  rt_memcpy_w.o(.text)
    _memcpy_lastbytes_aligned                0x08000677   Thumb Code     0  rt_memcpy_w.o(.text)
    __aeabi_memclr4                          0x08000693   Thumb Code     0  rt_memclr_w.o(.text)
    __aeabi_memclr8                          0x08000693   Thumb Code     0  rt_memclr_w.o(.text)
    __rt_memclr_w                            0x08000693   Thumb Code    78  rt_memclr_w.o(.text)
    _memset_w                                0x08000697   Thumb Code     0  rt_memclr_w.o(.text)
    __use_two_region_memory                  0x080006e1   Thumb Code     2  heapauxi.o(.text)
    __rt_heap_escrow$2region                 0x080006e3   Thumb Code     2  heapauxi.o(.text)
    __rt_heap_expand$2region                 0x080006e5   Thumb Code     2  heapauxi.o(.text)
    __rt_locale                              0x080006e9   Thumb Code     8  rt_locale_intlibspace.o(.text)
    __aeabi_errno_addr                       0x080006f1   Thumb Code     8  rt_errno_addr_intlibspace.o(.text)
    __errno$intlibspace                      0x080006f1   Thumb Code     0  rt_errno_addr_intlibspace.o(.text)
    __rt_errno_addr$intlibspace              0x080006f1   Thumb Code     0  rt_errno_addr_intlibspace.o(.text)
    __read_errno                             0x080006f9   Thumb Code    10  _rserrno.o(.text)
    __set_errno                              0x08000703   Thumb Code    12  _rserrno.o(.text)
    _printf_truncate_signed                  0x0800070f   Thumb Code    18  _printf_truncate.o(.text)
    _printf_truncate_unsigned                0x08000721   Thumb Code    18  _printf_truncate.o(.text)
    _printf_str                              0x08000733   Thumb Code    82  _printf_str.o(.text)
    _printf_int_common                       0x08000785   Thumb Code   178  _printf_intcommon.o(.text)
    _printf_charcount                        0x08000837   Thumb Code    40  _printf_charcount.o(.text)
    _printf_char_common                      0x0800086b   Thumb Code    32  _printf_char_common.o(.text)
    _sputc                                   0x08000891   Thumb Code    10  _sputc.o(.text)
    _snputc                                  0x0800089b   Thumb Code    16  _snputc.o(.text)
    _printf_wctomb                           0x080008ad   Thumb Code   182  _printf_wctomb.o(.text)
    _printf_longlong_dec                     0x08000969   Thumb Code   108  _printf_longlong_dec.o(.text)
    _printf_longlong_oct                     0x080009e5   Thumb Code    68  _printf_oct_int_ll.o(.text)
    _printf_int_oct                          0x08000a29   Thumb Code    24  _printf_oct_int_ll.o(.text)
    _printf_ll_oct                           0x08000a41   Thumb Code    12  _printf_oct_int_ll.o(.text)
    _printf_longlong_hex                     0x08000a55   Thumb Code    86  _printf_hex_int_ll_ptr.o(.text)
    _printf_int_hex                          0x08000aab   Thumb Code    28  _printf_hex_int_ll_ptr.o(.text)
    _printf_ll_hex                           0x08000ac7   Thumb Code    12  _printf_hex_int_ll_ptr.o(.text)
    _printf_hex_ptr                          0x08000ad3   Thumb Code    18  _printf_hex_int_ll_ptr.o(.text)
    __strtod_int                             0x08000b25   Thumb Code    88  strtod.o(.text)
    strtol                                   0x08000b89   Thumb Code   112  strtol.o(.text)
    __user_libspace                          0x08000bf9   Thumb Code     8  libspace.o(.text)
    __user_perproc_libspace                  0x08000bf9   Thumb Code     0  libspace.o(.text)
    __user_perthread_libspace                0x08000bf9   Thumb Code     0  libspace.o(.text)
    _ll_udiv10                               0x08000c01   Thumb Code   138  lludiv10.o(.text)
    isspace                                  0x08000c8b   Thumb Code    18  isspace.o(.text)
    __lib_sel_fp_printf                      0x08000c9d   Thumb Code     2  _printf_fp_dec.o(.text)
    _printf_fp_dec_real                      0x08000e4b   Thumb Code   620  _printf_fp_dec.o(.text)
    _printf_cs_common                        0x080010b7   Thumb Code    20  _printf_char.o(.text)
    _printf_char                             0x080010cb   Thumb Code    16  _printf_char.o(.text)
    _printf_string                           0x080010db   Thumb Code     8  _printf_char.o(.text)
    _printf_lcs_common                       0x080010e3   Thumb Code    20  _printf_wchar.o(.text)
    _printf_wchar                            0x080010f7   Thumb Code    16  _printf_wchar.o(.text)
    _printf_wstring                          0x08001107   Thumb Code     8  _printf_wchar.o(.text)
    _sgetc                                   0x0800110f   Thumb Code    30  _sgetc.o(.text)
    _sbackspace                              0x0800112d   Thumb Code    34  _sgetc.o(.text)
    _strtoul                                 0x0800114f   Thumb Code   158  _strtoul.o(.text)
    _wcrtomb                                 0x080011ed   Thumb Code    64  _wcrtomb.o(.text)
    strcmp                                   0x0800122d   Thumb Code   128  strcmpv7m.o(.text)
    __user_setup_stackheap                   0x080012ad   Thumb Code    74  sys_stackheap_outer.o(.text)
    _printf_fp_infnan                        0x080012f9   Thumb Code   112  _printf_fp_infnan.o(.text)
    _chval                                   0x08001379   Thumb Code    28  _chval.o(.text)
    _scanf_really_real                       0x08001591   Thumb Code   668  scanf_fp.o(.text)
    _btod_etento                             0x08001839   Thumb Code   216  bigflt0.o(.text)
    exit                                     0x08001915   Thumb Code    12  exit.o(.text)
    _scanf_really_hex_real                   0x08001921   Thumb Code   778  scanf_hexfp.o(.text)
    _scanf_really_infnan                     0x08001c39   Thumb Code   292  scanf_infnan.o(.text)
    _sys_exit                                0x08001d6d   Thumb Code     8  sys_exit.o(.text)
    __I$use$semihosting                      0x08001d79   Thumb Code     0  use_no_semi.o(.text)
    __use_no_semihosting_swi                 0x08001d79   Thumb Code     2  use_no_semi.o(.text)
    __aeabi_llsl                             0x08001d7b   Thumb Code     0  llshl.o(.text)
    __semihosting_library_function           0x08001d7b   Thumb Code     0  indicate_semi.o(.text)
    _ll_shift_l                              0x08001d7b   Thumb Code    38  llshl.o(.text)
    _btod_d2e                                0x08001da1   Thumb Code    62  btod.o(CL$$btod_d2e)
    _d2e_denorm_low                          0x08001ddf   Thumb Code    70  btod.o(CL$$btod_d2e_denorm_low)
    _d2e_norm_op1                            0x08001e25   Thumb Code    96  btod.o(CL$$btod_d2e_norm_op1)
    __btod_div_common                        0x08001e85   Thumb Code   696  btod.o(CL$$btod_div_common)
    _e2d                                     0x080021bd   Thumb Code    80  btod.o(CL$$btod_e2d)
    _e2e                                     0x08002211   Thumb Code   198  btod.o(CL$$btod_e2e)
    _btod_ediv                               0x080022d7   Thumb Code    40  btod.o(CL$$btod_ediv)
    _btod_edivd                              0x080022ff   Thumb Code    40  btod.o(CL$$btod_edivd)
    _btod_emul                               0x08002327   Thumb Code    40  btod.o(CL$$btod_emul)
    _btod_emuld                              0x0800234f   Thumb Code    40  btod.o(CL$$btod_emuld)
    __btod_mult_common                       0x08002377   Thumb Code   580  btod.o(CL$$btod_mult_common)
    GPIO_Init                                0x080025bb   Thumb Code   278  stm32f10x_gpio.o(i.GPIO_Init)
    LyzkGetInfoFromNmeaGsvSentence           0x080026d1   Thumb Code   172  lyzknmeaprotocol.o(i.LyzkGetInfoFromNmeaGsvSentence)
    LyzkNmeaCheckSum                         0x080027bd   Thumb Code    84  lyzknmeaprotocol.o(i.LyzkNmeaCheckSum)
    LyzkNmeaScanf                            0x08002811   Thumb Code   580  lyzknmeaprotocol.o(i.LyzkNmeaScanf)
    LyzkStrToHex                             0x08002a55   Thumb Code   166  lyzknmeaprotocol.o(i.LyzkStrToHex)
    LyzkUsartFprint                          0x08002afb   Thumb Code    92  lyzkusart.o(i.LyzkUsartFprint)
    LyzkUsartInit                            0x08002b59   Thumb Code   364  lyzkusart.o(i.LyzkUsartInit)
    LyzkUsartItCfg                           0x08002ce9   Thumb Code   260  lyzkusart.o(i.LyzkUsartItCfg)
    LyzkUsartPutChar                         0x08002e01   Thumb Code    30  lyzkusart.o(i.LyzkUsartPutChar)
    NVIC_Init                                0x08002e21   Thumb Code   100  misc.o(i.NVIC_Init)
    NVIC_PriorityGroupConfig                 0x08002e91   Thumb Code    10  misc.o(i.NVIC_PriorityGroupConfig)
    RCC_APB1PeriphClockCmd                   0x08002ea5   Thumb Code    26  stm32f10x_rcc.o(i.RCC_APB1PeriphClockCmd)
    RCC_APB2PeriphClockCmd                   0x08002ec5   Thumb Code    26  stm32f10x_rcc.o(i.RCC_APB2PeriphClockCmd)
    RCC_GetClocksFreq                        0x08002ee5   Thumb Code   192  stm32f10x_rcc.o(i.RCC_GetClocksFreq)
    SystemInit                               0x080030a1   Thumb Code    78  system_stm32f10x.o(i.SystemInit)
    USART_Cmd                                0x08003101   Thumb Code    24  stm32f10x_usart.o(i.USART_Cmd)
    USART_GetFlagStatus                      0x08003119   Thumb Code    26  stm32f10x_usart.o(i.USART_GetFlagStatus)
    USART_ITConfig                           0x08003133   Thumb Code    74  stm32f10x_usart.o(i.USART_ITConfig)
    USART_Init                               0x0800317d   Thumb Code   210  stm32f10x_usart.o(i.USART_Init)
    USART_SendData                           0x08003255   Thumb Code     8  stm32f10x_usart.o(i.USART_SendData)
    __ARM_fpclassify                         0x0800325d   Thumb Code    40  fpclassify.o(i.__ARM_fpclassify)
    __mathlib_dbl_overflow                   0x08003285   Thumb Code    14  dunder.o(i.__mathlib_dbl_overflow)
    __mathlib_dbl_underflow                  0x08003295   Thumb Code    10  dunder.o(i.__mathlib_dbl_underflow)
    __mathlib_narrow                         0x080032a5   Thumb Code    16  narrow.o(i.__mathlib_narrow)
    __mathlib_tofloat                        0x080032b5   Thumb Code   132  narrow.o(i.__mathlib_tofloat)
    __support_ldexp                          0x0800333d   Thumb Code    22  ldexp.o(i.__support_ldexp)
    _is_digit                                0x08003353   Thumb Code    14  __printf_wp.o(i._is_digit)
    atof                                     0x08003361   Thumb Code    42  atof.o(i.atof)
    frexp                                    0x0800338d   Thumb Code    80  frexp.o(i.frexp)
    ldexp                                    0x080033e5   Thumb Code   116  ldexp.o(i.ldexp)
    main                                     0x08003459   Thumb Code   128  main.o(i.main)
    _get_lc_ctype                            0x08003541   Thumb Code    44  lc_ctype_c.o(locale$$code)
    _get_lc_numeric                          0x0800356d   Thumb Code    44  lc_numeric_c.o(locale$$code)
    __aeabi_d2f                              0x08003599   Thumb Code     0  d2f.o(x$fpl$d2f)
    _d2f                                     0x08003599   Thumb Code    98  d2f.o(x$fpl$d2f)
    __fpl_dcheck_NaN1                        0x080035fd   Thumb Code    10  dcheck1.o(x$fpl$dcheck1)
    __fpl_dcmp_Inf                           0x0800360d   Thumb Code    24  dcmpi.o(x$fpl$dcmpinf)
    __aeabi_cdcmpeq                          0x08003625   Thumb Code     0  deqf.o(x$fpl$deqf)
    _dcmpeq                                  0x08003625   Thumb Code   120  deqf.o(x$fpl$deqf)
    __aeabi_cdcmple                          0x0800369d   Thumb Code     0  dleqf.o(x$fpl$dleqf)
    _dcmple                                  0x0800369d   Thumb Code   120  dleqf.o(x$fpl$dleqf)
    __fpl_dcmple_InfNaN                      0x080036ff   Thumb Code     0  dleqf.o(x$fpl$dleqf)
    __fpl_dnaninf                            0x08003715   Thumb Code   156  dnaninf.o(x$fpl$dnaninf)
    __aeabi_cdrcmple                         0x080037b1   Thumb Code     0  drleqf.o(x$fpl$drleqf)
    _drcmple                                 0x080037b1   Thumb Code   108  drleqf.o(x$fpl$drleqf)
    __fpl_fretinf                            0x0800381d   Thumb Code    10  fretinf.o(x$fpl$fretinf)
    _printf_fp_dec                           0x08003827   Thumb Code     4  printf1.o(x$fpl$printf1)
    __fpl_return_NaN                         0x0800382b   Thumb Code   100  retnan.o(x$fpl$retnan)
    __ARM_scalbn                             0x0800388f   Thumb Code    92  scalbn.o(x$fpl$scalbn)
    _scanf_real                              0x080038eb   Thumb Code     4  scanf1.o(x$fpl$scanf1)
    _scanf_hex_real                          0x080038ef   Thumb Code     4  scanf2.o(x$fpl$scanf2)
    _scanf_infnan                            0x080038f3   Thumb Code     4  scanf2.o(x$fpl$scanf2)
    __fpl_cmpreturn                          0x080038f7   Thumb Code    48  trapv.o(x$fpl$trapveneer)
    __I$use$fp                               0x08003926   Number         0  usenofp.o(x$fpl$usenofp)
    Region$$Table$$Base                      0x08003ac8   Number         0  anon$$obj.o(Region$$Table)
    Region$$Table$$Limit                     0x08003ae8   Number         0  anon$$obj.o(Region$$Table)
    __aeabi_HUGE_VAL                         0x08003ae8   Data           0  fpconst.o(c$$dinf)
    __aeabi_HUGE_VALL                        0x08003ae8   Data           0  fpconst.o(c$$dinf)
    __aeabi_INFINITY                         0x08003ae8   Data           0  fpconst.o(c$$dinf)
    __dInf                                   0x08003ae8   Data           0  fpconst.o(c$$dinf)
    __huge_val                               0x08003ae8   Data           0  fpconst.o(c$$dinf)
    __ctype                                  0x08003afd   Data           0  lc_ctype_c.o(locale$$data)
    __libspace_start                         0x20000014   Data          96  libspace.o(.bss)
    __temporary_stack_top$libspace           0x20000074   Data           0  libspace.o(.bss)



==============================================================================

Memory Map of the image

  Image Entry point : 0x08000131

  Load Region LR_IROM1 (Base: 0x08000000, Size: 0x00003c30, Max: 0x00080000, ABSOLUTE)

    Execution Region ER_IROM1 (Base: 0x08000000, Size: 0x00003c1c, Max: 0x00080000, ABSOLUTE)

    Base Addr    Size         Type   Attr      Idx    E Section Name        Object

    0x08000000   0x00000130   Data   RO            3    RESET               startup_stm32f10x_hd.o
    0x08000130   0x00000008   Code   RO          850  * !!!main             c_w.l(__main.o)
    0x08000138   0x00000034   Code   RO         1258    !!!scatter          c_w.l(__scatter.o)
    0x0800016c   0x0000001a   Code   RO         1260    !!handler_copy      c_w.l(__scatter_copy.o)
    0x08000186   0x00000002   PAD
    0x08000188   0x0000001c   Code   RO         1262    !!handler_zi        c_w.l(__scatter_zi.o)
    0x080001a4   0x00000000   Code   RO          837    .ARM.Collect$$_printf_percent$$00000000  c_w.l(_printf_percent.o)
    0x080001a4   0x00000006   Code   RO          937    .ARM.Collect$$_printf_percent$$00000001  c_w.l(_printf_n.o)
    0x080001aa   0x00000006   Code   RO          939    .ARM.Collect$$_printf_percent$$00000002  c_w.l(_printf_p.o)
    0x080001b0   0x00000006   Code   RO          943    .ARM.Collect$$_printf_percent$$00000003  c_w.l(_printf_f.o)
    0x080001b6   0x00000006   Code   RO          944    .ARM.Collect$$_printf_percent$$00000004  c_w.l(_printf_e.o)
    0x080001bc   0x00000006   Code   RO          945    .ARM.Collect$$_printf_percent$$00000005  c_w.l(_printf_g.o)
    0x080001c2   0x00000006   Code   RO          946    .ARM.Collect$$_printf_percent$$00000006  c_w.l(_printf_a.o)
    0x080001c8   0x0000000a   Code   RO          951    .ARM.Collect$$_printf_percent$$00000007  c_w.l(_printf_ll.o)
    0x080001d2   0x00000006   Code   RO          941    .ARM.Collect$$_printf_percent$$00000008  c_w.l(_printf_i.o)
    0x080001d8   0x00000006   Code   RO          836    .ARM.Collect$$_printf_percent$$00000009  c_w.l(_printf_d.o)
    0x080001de   0x00000006   Code   RO          942    .ARM.Collect$$_printf_percent$$0000000A  c_w.l(_printf_u.o)
    0x080001e4   0x00000006   Code   RO          940    .ARM.Collect$$_printf_percent$$0000000B  c_w.l(_printf_o.o)
    0x080001ea   0x00000006   Code   RO          938    .ARM.Collect$$_printf_percent$$0000000C  c_w.l(_printf_x.o)
    0x080001f0   0x00000006   Code   RO          948    .ARM.Collect$$_printf_percent$$0000000D  c_w.l(_printf_lli.o)
    0x080001f6   0x00000006   Code   RO          949    .ARM.Collect$$_printf_percent$$0000000E  c_w.l(_printf_lld.o)
    0x080001fc   0x00000006   Code   RO          950    .ARM.Collect$$_printf_percent$$0000000F  c_w.l(_printf_llu.o)
    0x08000202   0x00000006   Code   RO          955    .ARM.Collect$$_printf_percent$$00000010  c_w.l(_printf_llo.o)
    0x08000208   0x00000006   Code   RO          956    .ARM.Collect$$_printf_percent$$00000011  c_w.l(_printf_llx.o)
    0x0800020e   0x0000000a   Code   RO          952    .ARM.Collect$$_printf_percent$$00000012  c_w.l(_printf_l.o)
    0x08000218   0x00000006   Code   RO          935    .ARM.Collect$$_printf_percent$$00000013  c_w.l(_printf_c.o)
    0x0800021e   0x00000006   Code   RO          936    .ARM.Collect$$_printf_percent$$00000014  c_w.l(_printf_s.o)
    0x08000224   0x00000006   Code   RO          953    .ARM.Collect$$_printf_percent$$00000015  c_w.l(_printf_lc.o)
    0x0800022a   0x00000006   Code   RO          954    .ARM.Collect$$_printf_percent$$00000016  c_w.l(_printf_ls.o)
    0x08000230   0x00000004   Code   RO          947    .ARM.Collect$$_printf_percent$$00000017  c_w.l(_printf_percent_end.o)
    0x08000234   0x00000002   Code   RO         1101    .ARM.Collect$$libinit$$00000000  c_w.l(libinit.o)
    0x08000236   0x00000000   Code   RO         1013    .ARM.Collect$$libinit$$00000002  c_w.l(libinit2.o)
    0x08000236   0x00000000   Code   RO         1015    .ARM.Collect$$libinit$$00000004  c_w.l(libinit2.o)
    0x08000236   0x00000000   Code   RO         1018    .ARM.Collect$$libinit$$0000000A  c_w.l(libinit2.o)
    0x08000236   0x00000000   Code   RO         1020    .ARM.Collect$$libinit$$0000000C  c_w.l(libinit2.o)
    0x08000236   0x00000000   Code   RO         1022    .ARM.Collect$$libinit$$0000000E  c_w.l(libinit2.o)
    0x08000236   0x00000006   Code   RO         1023    .ARM.Collect$$libinit$$0000000F  c_w.l(libinit2.o)
    0x0800023c   0x00000000   Code   RO         1025    .ARM.Collect$$libinit$$00000011  c_w.l(libinit2.o)
    0x0800023c   0x0000000c   Code   RO         1026    .ARM.Collect$$libinit$$00000012  c_w.l(libinit2.o)
    0x08000248   0x00000000   Code   RO         1027    .ARM.Collect$$libinit$$00000013  c_w.l(libinit2.o)
    0x08000248   0x00000000   Code   RO         1029    .ARM.Collect$$libinit$$00000015  c_w.l(libinit2.o)
    0x08000248   0x0000000a   Code   RO         1030    .ARM.Collect$$libinit$$00000016  c_w.l(libinit2.o)
    0x08000252   0x00000000   Code   RO         1031    .ARM.Collect$$libinit$$00000017  c_w.l(libinit2.o)
    0x08000252   0x00000000   Code   RO         1033    .ARM.Collect$$libinit$$00000019  c_w.l(libinit2.o)
    0x08000252   0x00000000   Code   RO         1035    .ARM.Collect$$libinit$$0000001B  c_w.l(libinit2.o)
    0x08000252   0x00000000   Code   RO         1037    .ARM.Collect$$libinit$$0000001D  c_w.l(libinit2.o)
    0x08000252   0x00000000   Code   RO         1039    .ARM.Collect$$libinit$$0000001F  c_w.l(libinit2.o)
    0x08000252   0x00000000   Code   RO         1041    .ARM.Collect$$libinit$$00000021  c_w.l(libinit2.o)
    0x08000252   0x00000000   Code   RO         1043    .ARM.Collect$$libinit$$00000023  c_w.l(libinit2.o)
    0x08000252   0x00000000   Code   RO         1045    .ARM.Collect$$libinit$$00000025  c_w.l(libinit2.o)
    0x08000252   0x00000000   Code   RO         1049    .ARM.Collect$$libinit$$0000002C  c_w.l(libinit2.o)
    0x08000252   0x00000000   Code   RO         1051    .ARM.Collect$$libinit$$0000002E  c_w.l(libinit2.o)
    0x08000252   0x00000000   Code   RO         1053    .ARM.Collect$$libinit$$00000030  c_w.l(libinit2.o)
    0x08000252   0x00000000   Code   RO         1055    .ARM.Collect$$libinit$$00000032  c_w.l(libinit2.o)
    0x08000252   0x00000002   Code   RO         1056    .ARM.Collect$$libinit$$00000033  c_w.l(libinit2.o)
    0x08000254   0x00000002   Code   RO         1173    .ARM.Collect$$libshutdown$$00000000  c_w.l(libshutdown.o)
    0x08000256   0x00000000   Code   RO         1200    .ARM.Collect$$libshutdown$$00000003  c_w.l(libshutdown2.o)
    0x08000256   0x00000000   Code   RO         1203    .ARM.Collect$$libshutdown$$00000006  c_w.l(libshutdown2.o)
    0x08000256   0x00000000   Code   RO         1206    .ARM.Collect$$libshutdown$$00000009  c_w.l(libshutdown2.o)
    0x08000256   0x00000000   Code   RO         1208    .ARM.Collect$$libshutdown$$0000000B  c_w.l(libshutdown2.o)
    0x08000256   0x00000000   Code   RO         1211    .ARM.Collect$$libshutdown$$0000000E  c_w.l(libshutdown2.o)
    0x08000256   0x00000002   Code   RO         1212    .ARM.Collect$$libshutdown$$0000000F  c_w.l(libshutdown2.o)
    0x08000258   0x00000000   Code   RO          876    .ARM.Collect$$rtentry$$00000000  c_w.l(__rtentry.o)
    0x08000258   0x00000000   Code   RO          975    .ARM.Collect$$rtentry$$00000002  c_w.l(__rtentry2.o)
    0x08000258   0x00000006   Code   RO          987    .ARM.Collect$$rtentry$$00000004  c_w.l(__rtentry4.o)
    0x0800025e   0x00000000   Code   RO          977    .ARM.Collect$$rtentry$$00000009  c_w.l(__rtentry2.o)
    0x0800025e   0x00000004   Code   RO          978    .ARM.Collect$$rtentry$$0000000A  c_w.l(__rtentry2.o)
    0x08000262   0x00000000   Code   RO          980    .ARM.Collect$$rtentry$$0000000C  c_w.l(__rtentry2.o)
    0x08000262   0x00000008   Code   RO          981    .ARM.Collect$$rtentry$$0000000D  c_w.l(__rtentry2.o)
    0x0800026a   0x00000002   Code   RO         1108    .ARM.Collect$$rtexit$$00000000  c_w.l(rtexit.o)
    0x0800026c   0x00000000   Code   RO         1132    .ARM.Collect$$rtexit$$00000002  c_w.l(rtexit2.o)
    0x0800026c   0x00000004   Code   RO         1133    .ARM.Collect$$rtexit$$00000003  c_w.l(rtexit2.o)
    0x08000270   0x00000006   Code   RO         1134    .ARM.Collect$$rtexit$$00000004  c_w.l(rtexit2.o)
    0x08000276   0x00000002   PAD
    0x08000278   0x00000040   Code   RO            4    .text               startup_stm32f10x_hd.o
    0x080002b8   0x00000010   Code   RO          802    .text               c_w.l(rt_ctype_table.o)
    0x080002c8   0x00000034   Code   RO          804    .text               c_w.l(c89vsnprintf.o)
    0x080002fc   0x0000004e   Code   RO          812    .text               c_w.l(_printf_pad.o)
    0x0800034a   0x00000002   PAD
    0x0800034c   0x00000078   Code   RO          814    .text               c_w.l(_printf_dec.o)
    0x080003c4   0x00000188   Code   RO          833    .text               c_w.l(__printf_flags_ss_wp.o)
    0x0800054c   0x0000001a   Code   RO          838    .text               c_w.l(atoi.o)
    0x08000566   0x0000003e   Code   RO          840    .text               c_w.l(strlen.o)
    0x080005a4   0x0000008a   Code   RO          842    .text               c_w.l(rt_memcpy_v6.o)
    0x0800062e   0x00000064   Code   RO          844    .text               c_w.l(rt_memcpy_w.o)
    0x08000692   0x0000004e   Code   RO          846    .text               c_w.l(rt_memclr_w.o)
    0x080006e0   0x00000006   Code   RO          848    .text               c_w.l(heapauxi.o)
    0x080006e6   0x00000002   PAD
    0x080006e8   0x00000008   Code   RO          880    .text               c_w.l(rt_locale_intlibspace.o)
    0x080006f0   0x00000008   Code   RO          885    .text               c_w.l(rt_errno_addr_intlibspace.o)
    0x080006f8   0x00000016   Code   RO          887    .text               c_w.l(_rserrno.o)
    0x0800070e   0x00000024   Code   RO          889    .text               c_w.l(_printf_truncate.o)
    0x08000732   0x00000052   Code   RO          891    .text               c_w.l(_printf_str.o)
    0x08000784   0x000000b2   Code   RO          893    .text               c_w.l(_printf_intcommon.o)
    0x08000836   0x00000028   Code   RO          895    .text               c_w.l(_printf_charcount.o)
    0x0800085e   0x00000002   PAD
    0x08000860   0x00000030   Code   RO          897    .text               c_w.l(_printf_char_common.o)
    0x08000890   0x0000000a   Code   RO          899    .text               c_w.l(_sputc.o)
    0x0800089a   0x00000010   Code   RO          901    .text               c_w.l(_snputc.o)
    0x080008aa   0x00000002   PAD
    0x080008ac   0x000000bc   Code   RO          903    .text               c_w.l(_printf_wctomb.o)
    0x08000968   0x0000007c   Code   RO          906    .text               c_w.l(_printf_longlong_dec.o)
    0x080009e4   0x00000070   Code   RO          912    .text               c_w.l(_printf_oct_int_ll.o)
    0x08000a54   0x00000094   Code   RO          932    .text               c_w.l(_printf_hex_int_ll_ptr.o)
    0x08000ae8   0x000000a0   Code   RO          957    .text               c_w.l(strtod.o)
    0x08000b88   0x00000070   Code   RO          959    .text               c_w.l(strtol.o)
    0x08000bf8   0x00000008   Code   RO          971    .text               c_w.l(libspace.o)
    0x08000c00   0x0000008a   Code   RO          989    .text               c_w.l(lludiv10.o)
    0x08000c8a   0x00000012   Code   RO          991    .text               c_w.l(isspace.o)
    0x08000c9c   0x0000041a   Code   RO          993    .text               c_w.l(_printf_fp_dec.o)
    0x080010b6   0x0000002c   Code   RO          997    .text               c_w.l(_printf_char.o)
    0x080010e2   0x0000002c   Code   RO          999    .text               c_w.l(_printf_wchar.o)
    0x0800110e   0x00000040   Code   RO         1001    .text               c_w.l(_sgetc.o)
    0x0800114e   0x0000009e   Code   RO         1003    .text               c_w.l(_strtoul.o)
    0x080011ec   0x00000040   Code   RO         1005    .text               c_w.l(_wcrtomb.o)
    0x0800122c   0x00000080   Code   RO         1010    .text               c_w.l(strcmpv7m.o)
    0x080012ac   0x0000004a   Code   RO         1059    .text               c_w.l(sys_stackheap_outer.o)
    0x080012f6   0x00000002   PAD
    0x080012f8   0x00000080   Code   RO         1061    .text               c_w.l(_printf_fp_infnan.o)
    0x08001378   0x0000001c   Code   RO         1063    .text               c_w.l(_chval.o)
    0x08001394   0x000004a4   Code   RO         1065    .text               c_w.l(scanf_fp.o)
    0x08001838   0x000000dc   Code   RO         1067    .text               c_w.l(bigflt0.o)
    0x08001914   0x0000000c   Code   RO         1092    .text               c_w.l(exit.o)
    0x08001920   0x00000318   Code   RO         1140    .text               c_w.l(scanf_hexfp.o)
    0x08001c38   0x00000134   Code   RO         1142    .text               c_w.l(scanf_infnan.o)
    0x08001d6c   0x0000000c   Code   RO         1158    .text               c_w.l(sys_exit.o)
    0x08001d78   0x00000002   Code   RO         1160    .text               c_w.l(use_no_semi.o)
    0x08001d7a   0x00000000   Code   RO         1162    .text               c_w.l(indicate_semi.o)
    0x08001d7a   0x00000026   Code   RO         1165    .text               c_w.l(llshl.o)
    0x08001da0   0x0000003e   Code   RO         1070    CL$$btod_d2e        c_w.l(btod.o)
    0x08001dde   0x00000046   Code   RO         1072    CL$$btod_d2e_denorm_low  c_w.l(btod.o)
    0x08001e24   0x00000060   Code   RO         1071    CL$$btod_d2e_norm_op1  c_w.l(btod.o)
    0x08001e84   0x00000338   Code   RO         1080    CL$$btod_div_common  c_w.l(btod.o)
    0x080021bc   0x00000054   Code   RO         1078    CL$$btod_e2d        c_w.l(btod.o)
    0x08002210   0x000000c6   Code   RO         1077    CL$$btod_e2e        c_w.l(btod.o)
    0x080022d6   0x00000028   Code   RO         1074    CL$$btod_ediv       c_w.l(btod.o)
    0x080022fe   0x00000028   Code   RO         1076    CL$$btod_edivd      c_w.l(btod.o)
    0x08002326   0x00000028   Code   RO         1073    CL$$btod_emul       c_w.l(btod.o)
    0x0800234e   0x00000028   Code   RO         1075    CL$$btod_emuld      c_w.l(btod.o)
    0x08002376   0x00000244   Code   RO         1079    CL$$btod_mult_common  c_w.l(btod.o)
    0x080025ba   0x00000116   Code   RO           74    i.GPIO_Init         stm32f10x_gpio.o
    0x080026d0   0x000000ec   Code   RO          701    i.LyzkGetInfoFromNmeaGsvSentence  lyzknmeaprotocol.o
    0x080027bc   0x00000054   Code   RO          704    i.LyzkNmeaCheckSum  lyzknmeaprotocol.o
    0x08002810   0x00000244   Code   RO          705    i.LyzkNmeaScanf     lyzknmeaprotocol.o
    0x08002a54   0x000000a6   Code   RO          706    i.LyzkStrToHex      lyzknmeaprotocol.o
    0x08002afa   0x0000005c   Code   RO          649    i.LyzkUsartFprint   lyzkusart.o
    0x08002b56   0x00000002   PAD
    0x08002b58   0x00000190   Code   RO          651    i.LyzkUsartInit     lyzkusart.o
    0x08002ce8   0x00000118   Code   RO          652    i.LyzkUsartItCfg    lyzkusart.o
    0x08002e00   0x0000001e   Code   RO          653    i.LyzkUsartPutChar  lyzkusart.o
    0x08002e1e   0x00000002   PAD
    0x08002e20   0x00000070   Code   RO          582    i.NVIC_Init         misc.o
    0x08002e90   0x00000014   Code   RO          583    i.NVIC_PriorityGroupConfig  misc.o
    0x08002ea4   0x00000020   Code   RO          201    i.RCC_APB1PeriphClockCmd  stm32f10x_rcc.o
    0x08002ec4   0x00000020   Code   RO          203    i.RCC_APB2PeriphClockCmd  stm32f10x_rcc.o
    0x08002ee4   0x000000d4   Code   RO          211    i.RCC_GetClocksFreq  stm32f10x_rcc.o
    0x08002fb8   0x00000008   Code   RO           24    i.SetSysClock       system_stm32f10x.o
    0x08002fc0   0x000000e0   Code   RO           25    i.SetSysClockTo72   system_stm32f10x.o
    0x080030a0   0x00000060   Code   RO           27    i.SystemInit        system_stm32f10x.o
    0x08003100   0x00000018   Code   RO          403    i.USART_Cmd         stm32f10x_usart.o
    0x08003118   0x0000001a   Code   RO          406    i.USART_GetFlagStatus  stm32f10x_usart.o
    0x08003132   0x0000004a   Code   RO          409    i.USART_ITConfig    stm32f10x_usart.o
    0x0800317c   0x000000d8   Code   RO          410    i.USART_Init        stm32f10x_usart.o
    0x08003254   0x00000008   Code   RO          420    i.USART_SendData    stm32f10x_usart.o
    0x0800325c   0x00000028   Code   RO         1106    i.__ARM_fpclassify  m_ws.l(fpclassify.o)
    0x08003284   0x0000000e   Code   RO         1219    i.__mathlib_dbl_overflow  m_ws.l(dunder.o)
    0x08003292   0x00000002   PAD
    0x08003294   0x00000010   Code   RO         1221    i.__mathlib_dbl_underflow  m_ws.l(dunder.o)
    0x080032a4   0x00000010   Code   RO         1123    i.__mathlib_narrow  m_ws.l(narrow.o)
    0x080032b4   0x00000088   Code   RO         1124    i.__mathlib_tofloat  m_ws.l(narrow.o)
    0x0800333c   0x00000016   Code   RO         1183    i.__support_ldexp   m_ws.l(ldexp.o)
    0x08003352   0x0000000e   Code   RO          826    i._is_digit         c_w.l(__printf_wp.o)
    0x08003360   0x0000002a   Code   RO          873    i.atof              m_ws.l(atof.o)
    0x0800338a   0x00000002   PAD
    0x0800338c   0x00000058   Code   RO         1155    i.frexp             m_ws.l(frexp.o)
    0x080033e4   0x00000074   Code   RO         1184    i.ldexp             m_ws.l(ldexp.o)
    0x08003458   0x000000e8   Code   RO          621    i.main              main.o
    0x08003540   0x0000002c   Code   RO          962    locale$$code        c_w.l(lc_ctype_c.o)
    0x0800356c   0x0000002c   Code   RO         1008    locale$$code        c_w.l(lc_numeric_c.o)
    0x08003598   0x00000062   Code   RO         1148    x$fpl$d2f           fz_ws.l(d2f.o)
    0x080035fa   0x00000002   PAD
    0x080035fc   0x00000010   Code   RO         1213    x$fpl$dcheck1       fz_ws.l(dcheck1.o)
    0x0800360c   0x00000018   Code   RO         1174    x$fpl$dcmpinf       fz_ws.l(dcmpi.o)
    0x08003624   0x00000078   Code   RO         1150    x$fpl$deqf          fz_ws.l(deqf.o)
    0x0800369c   0x00000078   Code   RO         1176    x$fpl$dleqf         fz_ws.l(dleqf.o)
    0x08003714   0x0000009c   Code   RO          964    x$fpl$dnaninf       fz_ws.l(dnaninf.o)
    0x080037b0   0x0000006c   Code   RO         1152    x$fpl$drleqf        fz_ws.l(drleqf.o)
    0x0800381c   0x0000000a   Code   RO         1178    x$fpl$fretinf       fz_ws.l(fretinf.o)
    0x08003826   0x00000004   Code   RO          968    x$fpl$printf1       fz_ws.l(printf1.o)
    0x0800382a   0x00000064   Code   RO         1236    x$fpl$retnan        fz_ws.l(retnan.o)
    0x0800388e   0x0000005c   Code   RO         1180    x$fpl$scalbn        fz_ws.l(scalbn.o)
    0x080038ea   0x00000004   Code   RO         1057    x$fpl$scanf1        fz_ws.l(scanf1.o)
    0x080038ee   0x00000008   Code   RO         1117    x$fpl$scanf2        fz_ws.l(scanf2.o)
    0x080038f6   0x00000030   Code   RO         1254    x$fpl$trapveneer    fz_ws.l(trapv.o)
    0x08003926   0x00000000   Code   RO          970    x$fpl$usenofp       fz_ws.l(usenofp.o)
    0x08003926   0x00000002   PAD
    0x08003928   0x000000c8   Data   RO          622    .constdata          main.o
    0x080039f0   0x00000011   Data   RO          834    .constdata          c_w.l(__printf_flags_ss_wp.o)
    0x08003a01   0x00000003   PAD
    0x08003a04   0x00000008   Data   RO          904    .constdata          c_w.l(_printf_wctomb.o)
    0x08003a0c   0x00000028   Data   RO          933    .constdata          c_w.l(_printf_hex_int_ll_ptr.o)
    0x08003a34   0x00000094   Data   RO         1068    .constdata          c_w.l(bigflt0.o)
    0x08003ac8   0x00000020   Data   RO         1256    Region$$Table       anon$$obj.o
    0x08003ae8   0x00000008   Data   RO         1114    c$$dinf             fz_ws.l(fpconst.o)
    0x08003af0   0x00000110   Data   RO          961    locale$$data        c_w.l(lc_ctype_c.o)
    0x08003c00   0x0000001c   Data   RO         1007    locale$$data        c_w.l(lc_numeric_c.o)


    Execution Region RW_IRAM1 (Base: 0x20000000, Size: 0x00000678, Max: 0x00010000, ABSOLUTE)

    Base Addr    Size         Type   Attr      Idx    E Section Name        Object

    0x20000000   0x00000014   Data   RW          231    .data               stm32f10x_rcc.o
    0x20000014   0x00000060   Zero   RW          972    .bss                c_w.l(libspace.o)
    0x20000074   0x00000004   PAD
    0x20000078   0x00000200   Zero   RW            2    HEAP                startup_stm32f10x_hd.o
    0x20000278   0x00000400   Zero   RW            1    STACK               startup_stm32f10x_hd.o


==============================================================================

Image component sizes


      Code (inc. data)   RO Data    RW Data    ZI Data      Debug   Object Name

         0          0          0          0          0       4504   core_cm3.o
      1066         64          0          0          0       5671   lyzknmeaprotocol.o
       802         56          0          0          0       3762   lyzkusart.o
       232        104        200          0          0       2415   main.o
       132         22          0          0          0       2911   misc.o
        64         26        304          0       1536        796   startup_stm32f10x_hd.o
       278          0          0          0          0     221796   stm32f10x_gpio.o
       276         32          0         20          0       4066   stm32f10x_rcc.o
       348          6          0          0          0      10333   stm32f10x_usart.o
       328         28          0          0          0       1653   system_stm32f10x.o

    ----------------------------------------------------------------------
      3530        338        536         20       1536     257907   Object Totals
         0          0         32          0          0          0   (incl. Generated)
         4          0          0          0          0          0   (incl. Padding)

    ----------------------------------------------------------------------

      Code (inc. data)   RO Data    RW Data    ZI Data      Debug   Library Member Name

         8          0          0          0          0         68   __main.o
       392          4         17          0          0         92   __printf_flags_ss_wp.o
        14          0          0          0          0         68   __printf_wp.o
         0          0          0          0          0          0   __rtentry.o
        12          0          0          0          0          0   __rtentry2.o
         6          0          0          0          0          0   __rtentry4.o
        52          8          0          0          0          0   __scatter.o
        26          0          0          0          0          0   __scatter_copy.o
        28          0          0          0          0          0   __scatter_zi.o
        28          0          0          0          0         68   _chval.o
         6          0          0          0          0          0   _printf_a.o
         6          0          0          0          0          0   _printf_c.o
        44          0          0          0          0        108   _printf_char.o
        48          6          0          0          0         96   _printf_char_common.o
        40          0          0          0          0         68   _printf_charcount.o
         6          0          0          0          0          0   _printf_d.o
       120         16          0          0          0         92   _printf_dec.o
         6          0          0          0          0          0   _printf_e.o
         6          0          0          0          0          0   _printf_f.o
      1050          0          0          0          0        216   _printf_fp_dec.o
       128         16          0          0          0         84   _printf_fp_infnan.o
         6          0          0          0          0          0   _printf_g.o
       148          4         40          0          0        160   _printf_hex_int_ll_ptr.o
         6          0          0          0          0          0   _printf_i.o
       178          0          0          0          0         88   _printf_intcommon.o
        10          0          0          0          0          0   _printf_l.o
         6          0          0          0          0          0   _printf_lc.o
        10          0          0          0          0          0   _printf_ll.o
         6          0          0          0          0          0   _printf_lld.o
         6          0          0          0          0          0   _printf_lli.o
         6          0          0          0          0          0   _printf_llo.o
         6          0          0          0          0          0   _printf_llu.o
         6          0          0          0          0          0   _printf_llx.o
       124         16          0          0          0         92   _printf_longlong_dec.o
         6          0          0          0          0          0   _printf_ls.o
         6          0          0          0          0          0   _printf_n.o
         6          0          0          0          0          0   _printf_o.o
       112          8          0          0          0        124   _printf_oct_int_ll.o
         6          0          0          0          0          0   _printf_p.o
        78          0          0          0          0        108   _printf_pad.o
         0          0          0          0          0          0   _printf_percent.o
         4          0          0          0          0          0   _printf_percent_end.o
         6          0          0          0          0          0   _printf_s.o
        82          0          0          0          0         80   _printf_str.o
        36          0          0          0          0         84   _printf_truncate.o
         6          0          0          0          0          0   _printf_u.o
        44          0          0          0          0        108   _printf_wchar.o
       188          6          8          0          0         92   _printf_wctomb.o
         6          0          0          0          0          0   _printf_x.o
        22          0          0          0          0        100   _rserrno.o
        64          0          0          0          0         84   _sgetc.o
        16          0          0          0          0         68   _snputc.o
        10          0          0          0          0         68   _sputc.o
       158          0          0          0          0         92   _strtoul.o
        64          0          0          0          0         92   _wcrtomb.o
        26          0          0          0          0         80   atoi.o
       220          4        148          0          0         96   bigflt0.o
      2074        132          0          0          0        940   btod.o
        52          4          0          0          0         80   c89vsnprintf.o
        12          0          0          0          0         72   exit.o
         6          0          0          0          0        152   heapauxi.o
         0          0          0          0          0          0   indicate_semi.o
        18          0          0          0          0         76   isspace.o
        44         10        272          0          0         76   lc_ctype_c.o
        44         10         28          0          0         76   lc_numeric_c.o
         2          0          0          0          0          0   libinit.o
        30          0          0          0          0          0   libinit2.o
         2          0          0          0          0          0   libshutdown.o
         2          0          0          0          0          0   libshutdown2.o
         8          4          0          0         96         68   libspace.o
        38          0          0          0          0         68   llshl.o
       138          0          0          0          0         80   lludiv10.o
        16          4          0          0          0         76   rt_ctype_table.o
         8          4          0          0          0         68   rt_errno_addr_intlibspace.o
         8          4          0          0          0         68   rt_locale_intlibspace.o
        78          0          0          0          0         80   rt_memclr_w.o
       138          0          0          0          0         68   rt_memcpy_v6.o
       100          0          0          0          0         80   rt_memcpy_w.o
         2          0          0          0          0          0   rtexit.o
        10          0          0          0          0          0   rtexit2.o
      1188         12          0          0          0        148   scanf_fp.o
       792         14          0          0          0        100   scanf_hexfp.o
       308         16          0          0          0        100   scanf_infnan.o
       128          0          0          0          0         68   strcmpv7m.o
        62          0          0          0          0         76   strlen.o
       160         12          0          0          0        120   strtod.o
       112          0          0          0          0         88   strtol.o
        12          4          0          0          0         68   sys_exit.o
        74          0          0          0          0         80   sys_stackheap_outer.o
         2          0          0          0          0         68   use_no_semi.o
        98          4          0          0          0         92   d2f.o
        16          4          0          0          0         68   dcheck1.o
        24          0          0          0          0         68   dcmpi.o
       120          4          0          0          0         92   deqf.o
       120          4          0          0          0         92   dleqf.o
       156          4          0          0          0         92   dnaninf.o
       108          0          0          0          0         80   drleqf.o
         0          0          8          0          0          0   fpconst.o
        10          0          0          0          0         68   fretinf.o
         4          0          0          0          0         68   printf1.o
       100          0          0          0          0         68   retnan.o
        92          0          0          0          0         68   scalbn.o
         4          0          0          0          0         68   scanf1.o
         8          0          0          0          0         84   scanf2.o
        48          0          0          0          0         68   trapv.o
         0          0          0          0          0          0   usenofp.o
        42          0          0          0          0         84   atof.o
        30          6          0          0          0        136   dunder.o
        40          0          0          0          0         68   fpclassify.o
        88          8          0          0          0         76   frexp.o
       138          0          0          0          0        160   ldexp.o
       152          4          0          0          0        168   narrow.o

    ----------------------------------------------------------------------
     10798        356        524          0        100       7388   Library Totals
        22          0          3          0          4          0   (incl. Padding)

    ----------------------------------------------------------------------

      Code (inc. data)   RO Data    RW Data    ZI Data      Debug   Library Name

      9378        318        513          0         96       5620   c_w.l
       908         20          8          0          0       1076   fz_ws.l
       490         18          0          0          0        692   m_ws.l

    ----------------------------------------------------------------------
     10798        356        524          0        100       7388   Library Totals

    ----------------------------------------------------------------------

==============================================================================


      Code (inc. data)   RO Data    RW Data    ZI Data      Debug   

     14328        694       1060         20       1636     259883   Grand Totals
     14328        694       1060         20       1636     259883   ELF Image Totals
     14328        694       1060         20          0          0   ROM Totals

==============================================================================

    Total RO  Size (Code + RO Data)                15388 (  15.03kB)
    Total RW  Size (RW Data + ZI Data)              1656 (   1.62kB)
    Total ROM Size (Code + RO Data + RW Data)      15408 (  15.05kB)

==============================================================================

